\BOOKMARK [1][-]{section.1}{\376\377\000C\000o\000m\000e\000\040\000l\000e\000g\000g\000e\000r\000e\000\040\000q\000u\000e\000s\000t\000o\000\040\000d\000o\000c\000u\000m\000e\000n\000t\000o}{}% 1
\BOOKMARK [1][-]{section.2}{\376\377\000I\000l\000\040\000f\000i\000l\000o\000\040\000c\000o\000n\000d\000u\000t\000t\000o\000r\000e}{}% 2
\BOOKMARK [1][-]{section.3}{\376\377\000I\000l\000\040\000c\000o\000n\000t\000e\000s\000t\000o\000:\000\040\000c\000h\000i\000\040\000s\000o\000n\000o\000\040\000i\000\040\000p\000a\000r\000t\000n\000e\000r\000\040\000t\000r\000a\000t\000t\000a\000t\000i}{}% 3
\BOOKMARK [1][-]{section.4}{\376\377\000P\000e\000r\000c\000h\000\351\000\040\000l\000a\000\040\000d\000o\000m\000a\000n\000d\000a\000\040\000\350\000\040\000s\000t\000a\000t\000a\000\040\000r\000i\000f\000o\000r\000m\000u\000l\000a\000t\000a}{}% 4
\BOOKMARK [2][-]{subsection.4.1}{\376\377\000L\000a\000\040\000s\000c\000a\000l\000a\000\040\000d\000i\000\040\000s\000a\000t\000u\000r\000a\000z\000i\000o\000n\000e}{section.4}% 5
\BOOKMARK [1][-]{section.5}{\376\377\000L\000a\000\040\000s\000p\000e\000c\000i\000f\000i\000c\000a\000z\000i\000o\000n\000e\000\040\000p\000r\000i\000n\000c\000i\000p\000a\000l\000e}{}% 6
\BOOKMARK [2][-]{subsection.5.1}{\376\377\000L\000'\000i\000d\000e\000a\000\040\000i\000n\000\040\000u\000n\000a\000\040\000f\000r\000a\000s\000e}{section.5}% 7
\BOOKMARK [2][-]{subsection.5.2}{\376\377\000L\000'\000e\000q\000u\000a\000z\000i\000o\000n\000e}{section.5}% 8
\BOOKMARK [2][-]{subsection.5.3}{\376\377\000P\000r\000i\000m\000a\000\040\000v\000e\000r\000s\000i\000o\000n\000e\000:\000\040\000i\000\040\000d\000a\000t\000i\000\040\000a\000l\000l\000a\000\040\000m\000a\000s\000s\000i\000m\000a\000\040\000r\000i\000s\000o\000l\000u\000z\000i\000o\000n\000e}{section.5}% 9
\BOOKMARK [2][-]{subsection.5.4}{\376\377\000S\000e\000c\000o\000n\000d\000a\000\040\000v\000e\000r\000s\000i\000o\000n\000e\000:\000\040\000g\000l\000i\000\040\000s\000t\000e\000s\000s\000i\000\040\000d\000a\000t\000i\000,\000\040\000a\000g\000g\000r\000e\000g\000a\000t\000i}{section.5}% 10
\BOOKMARK [1][-]{section.6}{\376\377\000L\000'\000i\000n\000f\000e\000r\000e\000n\000z\000a\000:\000\040\000q\000u\000a\000n\000t\000o\000\040\000p\000o\000s\000s\000i\000a\000m\000o\000\040\000f\000i\000d\000a\000r\000c\000i\000\040\000d\000e\000i\000\040\000p\000-\000v\000a\000l\000u\000e}{}% 11
\BOOKMARK [2][-]{subsection.6.1}{\376\377\000I\000l\000\040\000p\000r\000o\000b\000l\000e\000m\000a}{section.6}% 12
\BOOKMARK [2][-]{subsection.6.2}{\376\377\000P\000r\000i\000m\000a\000\040\000p\000r\000o\000v\000a\000:\000\040\000i\000l\000\040\000w\000i\000l\000d\000\040\000c\000l\000u\000s\000t\000e\000r\000\040\000b\000o\000o\000t\000s\000t\000r\000a\000p}{section.6}% 13
\BOOKMARK [2][-]{subsection.6.3}{\376\377\000S\000e\000c\000o\000n\000d\000a\000\040\000p\000r\000o\000v\000a\000:\000\040\000i\000l\000\040\000t\000e\000s\000t\000\040\000d\000i\000\040\000p\000e\000r\000m\000u\000t\000a\000z\000i\000o\000n\000e}{section.6}% 14
\BOOKMARK [2][-]{subsection.6.4}{\376\377\000I\000l\000\040\000q\000u\000a\000d\000r\000o\000\040\000c\000o\000m\000p\000l\000e\000t\000o\000,\000\040\000c\000o\000n\000\040\000l\000o\000\040\000s\000t\000e\000s\000s\000o\000\040\000m\000e\000t\000r\000o}{section.6}% 15
\BOOKMARK [1][-]{section.7}{\376\377\000I\000l\000\040\000c\000o\000n\000f\000r\000o\000n\000t\000o\000\040\000\350\000\040\000l\000e\000g\000i\000t\000t\000i\000m\000o\000?\000\040\000L\000e\000\040\000v\000e\000r\000i\000f\000i\000c\000h\000e\000\040\000d\000i\000n\000a\000m\000i\000c\000h\000e}{}% 16
\BOOKMARK [2][-]{subsection.7.1}{\376\377\000S\000t\000u\000d\000i\000o\000\040\000d\000e\000l\000l\000'\000e\000v\000e\000n\000t\000o}{section.7}% 17
\BOOKMARK [2][-]{subsection.7.2}{\376\377\000L\000a\000\040\000c\000o\000r\000r\000e\000z\000i\000o\000n\000e\000\040\000p\000e\000r\000\040\000l\000'\000e\000n\000t\000r\000a\000t\000a\000\040\000s\000c\000a\000g\000l\000i\000o\000n\000a\000t\000a}{section.7}% 18
\BOOKMARK [1][-]{section.8}{\376\377\000R\000o\000b\000u\000s\000t\000e\000z\000z\000a\000:\000\040\000c\000a\000m\000b\000i\000a\000r\000e\000\040\000i\000l\000\040\000t\000e\000r\000m\000i\000n\000e\000\040\000d\000i\000\040\000p\000a\000r\000a\000g\000o\000n\000e}{}% 19
\BOOKMARK [2][-]{subsection.8.1}{\376\377\000G\000r\000u\000p\000p\000i\000\040\000d\000i\000\040\000c\000o\000n\000t\000r\000o\000l\000l\000o\000\040\000a\000l\000t\000e\000r\000n\000a\000t\000i\000v\000i}{section.8}% 20
\BOOKMARK [2][-]{subsection.8.2}{\376\377\000V\000a\000r\000i\000a\000n\000t\000i\000\040\000d\000i\000\040\000c\000a\000m\000p\000i\000o\000n\000e\000,\000\040\000c\000o\000n\000t\000r\000o\000l\000l\000i\000\040\000e\000\040\000v\000a\000r\000i\000a\000b\000i\000l\000e\000\040\000d\000i\000p\000e\000n\000d\000e\000n\000t\000e}{section.8}% 21
\BOOKMARK [2][-]{subsection.8.3}{\376\377\000A\000n\000d\000a\000m\000e\000n\000t\000i\000\040\000s\000p\000e\000c\000i\000f\000i\000c\000i\000\040\000p\000e\000r\000\040\000d\000e\000s\000t\000i\000n\000a\000z\000i\000o\000n\000e\000\040\000e\000\040\000p\000r\000e\000-\000t\000r\000e\000n\000d}{section.8}% 22
\BOOKMARK [2][-]{subsection.8.4}{\376\377\000I\000l\000\040\000m\000o\000d\000o\000\040\000i\000n\000\040\000c\000u\000i\000\040\000s\000i\000\040\000c\000o\000n\000t\000r\000o\000l\000l\000a\000\040\000l\000a\000\040\000p\000r\000o\000f\000o\000n\000d\000i\000t\000\340\000\040\000d\000e\000l\000l\000'\000a\000c\000c\000o\000r\000d\000o}{section.8}% 23
\BOOKMARK [2][-]{subsection.8.5}{\376\377\000U\000n\000a\000\040\000d\000e\000f\000i\000n\000i\000z\000i\000o\000n\000e\000\040\000a\000l\000t\000e\000r\000n\000a\000t\000i\000v\000a\000\040\000d\000i\000\040\000`\000`\000b\000e\000n\000e\000\040\000v\000e\000r\000d\000e\000'\000'}{section.8}% 24
\BOOKMARK [1][-]{section.9}{\376\377\000I\000l\000\040\000m\000e\000c\000c\000a\000n\000i\000s\000m\000o\000:\000\040\000q\000u\000a\000l\000i\000\040\000c\000l\000a\000u\000s\000o\000l\000e\000\040\000p\000o\000t\000r\000e\000b\000b\000e\000r\000o\000\040\000m\000o\000r\000d\000e\000r\000e}{}% 25
\BOOKMARK [1][-]{section.10}{\376\377\000I\000\040\000m\000a\000r\000g\000i\000n\000i\000\040\000c\000h\000e\000\040\000l\000e\000\040\000s\000t\000i\000m\000e\000\040\000p\000r\000i\000n\000c\000i\000p\000a\000l\000i\000\040\000n\000o\000n\000\040\000v\000e\000d\000o\000n\000o}{}% 26
\BOOKMARK [2][-]{subsection.10.1}{\376\377\000N\000a\000s\000c\000o\000n\000o\000\040\000f\000l\000u\000s\000s\000i\000\040\000n\000u\000o\000v\000i\000?}{section.10}% 27
\BOOKMARK [2][-]{subsection.10.2}{\376\377\000U\000n\000a\000\040\000m\000i\000s\000u\000r\000a\000\040\000c\000o\000n\000t\000i\000n\000u\000a\000\040\000d\000i\000\040\000i\000n\000q\000u\000i\000n\000a\000m\000e\000n\000t\000o}{section.10}% 28
\BOOKMARK [1][-]{section.11}{\376\377\000I\000l\000\040\000r\000i\000s\000u\000l\000t\000a\000t\000o\000\040\000d\000i\000p\000e\000n\000d\000e\000\040\000d\000a\000\040\000u\000n\000\040\000s\000o\000l\000o\000\040\000p\000a\000e\000s\000e\000?}{}% 29
\BOOKMARK [1][-]{section.12}{\376\377\000C\000h\000e\000\040\000c\000o\000s\000a\000\040\000p\000o\000s\000s\000i\000a\000m\000o\000\040\000d\000a\000v\000v\000e\000r\000o\000\040\000e\000s\000c\000l\000u\000d\000e\000r\000e}{}% 30
\BOOKMARK [1][-]{section.13}{\376\377\000C\000h\000e\000\040\000c\000o\000s\000a\000\040\000d\000i\000c\000o\000n\000o\000\040\000t\000u\000t\000t\000e\000\040\000i\000n\000s\000i\000e\000m\000e}{}% 31
