-------------------------------------------------------------------------------
      name:  <unnamed>
       log:  C:\Work\projects\Paper_PTA/New/Output/Diagnostics/stata_logs/18_ro
> bustness_fullpanel_inclHKMO.log
  log type:  text
 opened on:   5 Sep 2026, 11:21:48

. 
. global TAB  "$ROOT/New/Output/TripleDiff/Tables"

. 
. cap which reghdfe

. if _rc ssc install reghdfe

. cap which ftools

. if _rc ssc install ftools

. cap which regsave

. if _rc ssc install regsave

. 
. *── Liste ausiliarie ────────────────────────────────────────────────────────
> ───
. import delimited "$ROOT/New/Data/Classifications/green_codes_hs1996.csv", cle
> ar
(encoding automatically selected: ISO-8859-2)
(7 vars, 248 obs)

. keep hs6_final

. rename hs6_final hs6

. duplicates drop hs6, force

Duplicates in terms of hs6

(2 observations deleted)

. gen byte env_good_new = 1

. tempfile green

. save `green'
file C:\Users\edodr\AppData\Local\Temp\ST_52b0_000001.tmp saved as .dta
    format

. 
. import delimited "$ROOT/New/Data/Classifications/dirty_goods_hs6.csv", clear
(encoding automatically selected: ISO-8859-2)
(3 vars, 1,139 obs)

. keep hs6 dirty

. rename dirty dirty_p

. tempfile dirty

. save `dirty'
file C:\Users\edodr\AppData\Local\Temp\ST_52b0_000002.tmp saved as .dta
    format

. 
. import delimited "$DEPTHFILE", clear
(encoding automatically selected: ISO-8859-1)
(5 vars, 249 obs)

. keep country_code year $DEPTHVAR

. tempfile depth

. save `depth'
file C:\Users\edodr\AppData\Local\Temp\ST_52b0_000003.tmp saved as .dta
    format

. 
. import delimited "$ROOT/New/Data/Subsamples/flag_overlap.csv", clear
(encoding automatically selected: ISO-8859-1)
(5 vars, 5,008 obs)

. keep if overlap_cem == "TRUE"
(160 observations deleted)

. keep hs6

. duplicates drop hs6, force

Duplicates in terms of hs6

(0 observations are duplicates)

. gen byte in_overlap = 1

. tempfile overlap

. save `overlap'
file C:\Users\edodr\AppData\Local\Temp\ST_52b0_000004.tmp saved as .dta
    format

. 
. import delimited "$ROOT/New/Data/Subsamples/flag_deepshallow.csv", clear
(encoding automatically selected: ISO-8859-1)
(4 vars, 239 obs)

. keep if inlist(group, "deep", "shallow")
(214 observations deleted)

. keep country_code

. duplicates drop country_code, force

Duplicates in terms of country_code

(0 observations are duplicates)

. gen byte in_deepshallow = 1

. tempfile deepshallow

. save `deepshallow'
file C:\Users\edodr\AppData\Local\Temp\ST_52b0_000005.tmp saved as .dta
    format

. 
. *── Panel preparato (una volta sola) ────────────────────────────────────────
> ───
. use ln_export WB_EP_Depth TREND_EP_Count hs6 country_code year fpd fdt pt ///
>     tariffs ln_hhi_baci AD_pdt companyID export ///
>     using "$ROOT/Data/Final Dataset/final_dataset_pta_env_indices_compressed.
> dta", clear

. 
. gen byte hkmo = inlist(country_code, 110, 121)

. * membri ASEAN nei dati doganali (accordo unico 2005)
. gen byte asean = inlist(country_code, 105, 107, 112, 119, 122, 106, 129, 132,
>  136) ///
>                | inlist(country_code, 144, 141)

. 
. merge m:1 hs6 using `green', keep(master match)

    Result                      Number of obs
    -----------------------------------------
    Not matched                    43,652,802
        from master                43,652,802  (_merge==1)
        from using                          0  (_merge==2)

    Matched                         5,592,502  (_merge==3)
    -----------------------------------------

. qui count if _merge == 3

. di as text "[merge green] righe appaiate: " r(N)
[merge green] righe appaiate: 5592502

. drop _merge

. replace env_good_new = 0 if missing(env_good_new)
(43,652,802 real changes made)

. merge m:1 hs6 using `dirty', keep(master match)

    Result                      Number of obs
    -----------------------------------------
    Not matched                    45,404,042
        from master                45,404,042  (_merge==1)
        from using                          0  (_merge==2)

    Matched                         3,841,262  (_merge==3)
    -----------------------------------------

. qui count if _merge == 3

. di as text "[merge dirty] righe appaiate: " r(N)
[merge dirty] righe appaiate: 3841262

. drop _merge

. replace dirty_p = 0 if missing(dirty_p)
(45,404,042 real changes made)

. merge m:1 country_code year using `depth', keep(master match)

    Result                      Number of obs
    -----------------------------------------
    Not matched                    36,957,500
        from master                36,957,500  (_merge==1)
        from using                          0  (_merge==2)

    Matched                        12,287,804  (_merge==3)
    -----------------------------------------

. qui count if _merge == 3

. di as text "[merge depth] righe appaiate: " r(N)
[merge depth] righe appaiate: 12287804

. drop _merge

. if $DROP_UNMEASURED {
.     drop if missing($DEPTHVAR) & WB_EP_Depth > 0
. }

. replace $DEPTHVAR = 0 if missing($DEPTHVAR)
(36,957,500 real changes made)

. merge m:1 hs6 using `overlap', keep(master match) nogen

    Result                      Number of obs
    -----------------------------------------
    Not matched                         2,364
        from master                     2,364  
        from using                          0  

    Matched                        49,242,940  
    -----------------------------------------

. replace in_overlap = 0 if missing(in_overlap)
(2,364 real changes made)

. merge m:1 country_code using `deepshallow', keep(master match) nogen

    Result                      Number of obs
    -----------------------------------------
    Not matched                    34,012,226
        from master                34,012,226  
        from using                          0  

    Matched                        15,233,078  
    -----------------------------------------

. replace in_deepshallow = 0 if missing(in_deepshallow)
(34,012,226 real changes made)

. 
. gen double wb_green = WB_EP_Depth    * env_good_new

. gen double wb_dirty = WB_EP_Depth    * dirty_p

. gen double tr_green = TREND_EP_Count * env_good_new

. gen double tr_dirty = TREND_EP_Count * dirty_p

. gen double td_green = $DEPTHVAR * env_good_new

. gen double td_dirty = $DEPTHVAR * dirty_p

. 
. * panel per il modulo within-firm (G), salvato PRIMA di droppare colonne
. preserve

. keep companyID country_code year export env_good_new WB_EP_Depth TREND_EP_Cou
> nt ///
>      $DEPTHVAR hkmo

. tempfile forG

. save `forG'
file C:\Users\edodr\AppData\Local\Temp\ST_52b0_000007.tmp saved as .dta
    format

. restore

. drop companyID export hs6 WB_EP_Depth TREND_EP_Count $DEPTHVAR

. 
. *── A. WB con controlli (HK+MO esclusi) ─────────────────────────────────────
> ───
. cap confirm file "$TAB/_rob_A_WB_controls$OUTSFX.dta"

. if _rc {
.     reghdfe ln_export wb_green wb_dirty td_green td_dirty tariffs ln_hhi_baci
>  AD_pdt ///
>         if $HKMOEXPR, absorb(fpd fdt pt) vce(cluster country_code) compact
.     regsave using "$TAB/_rob_A_WB_controls$OUTSFX.dta", tstat pval ci replace
>  addlabel(model, A_WB_controls, source, reghdfe_stata_18)
. }

. 
. *── A. TREND con controlli ──────────────────────────────────────────────────
> ───
. cap confirm file "$TAB/_rob_A_TREND_controls$OUTSFX.dta"

. if _rc {
.     reghdfe ln_export tr_green tr_dirty td_green td_dirty tariffs ln_hhi_baci
>  AD_pdt ///
>         if $HKMOEXPR, absorb(fpd fdt pt) vce(cluster country_code) compact
(dropped 2.31e+07 singleton observations)
(MWFE estimator converged in 76 iterations)

HDFE Linear regression                            Number of obs   = 21,322,500
Absorbing 3 HDFE groups                           F(   7,    177) =       3.59
Statistics robust to heteroskedasticity           Prob > F        =     0.0012
                                                  R-squared       =     0.8705
                                                  Adj R-squared   =     0.7413
                                                  Within R-sq.    =     0.0000
Number of clusters (country_code) =        178    Root MSE        =     1.3518

                         (Std. err. adjusted for 178 clusters in country_code)
------------------------------------------------------------------------------
             |               Robust
   ln_export | Coefficient  std. err.      t    P>|t|     [95% conf. interval]
-------------+----------------------------------------------------------------
    tr_green |   .0003889   .0009047     0.43   0.668    -.0013966    .0021744
    tr_dirty |  -.0009995   .0006787    -1.47   0.143     -.002339    .0003399
    td_green |  -.0000641   .0001654    -0.39   0.699    -.0003905    .0002624
    td_dirty |   .0001706   .0001388     1.23   0.221    -.0001032    .0004445
     tariffs |  -.0017468   .0046135    -0.38   0.705    -.0108513    .0073577
 ln_hhi_baci |   .0001116   .0021822     0.05   0.959    -.0041949     .004418
      AD_pdt |  -.0533156   .0125047    -4.26   0.000    -.0779931    -.028638
       _cons |   9.599313   .0075555  1270.51   0.000     9.584402    9.614223
------------------------------------------------------------------------------

Absorbed degrees of freedom:
-----------------------------------------------------+
 Absorbed FE | Categories  - Redundant  = Num. Coefs |
-------------+---------------------------------------|
         fpd |   6105933     6105933           0    *|
         fdt |   4481115     4481115           0    *|
          pt |     64939           1       64938     |
-----------------------------------------------------+
* = FE nested within cluster; treated as redundant for DoF computation
.     regsave using "$TAB/_rob_A_TREND_controls$OUTSFX.dta", tstat pval ci repl
> ace addlabel(model, A_TREND_controls, source, reghdfe_stata_18)
(file
    C:\Work\projects\Paper_PTA/New/Output/TripleDiff/Tables/_rob_A_TREND_cont
    > rols_inclHKMO.dta not found)
file
    C:\Work\projects\Paper_PTA/New/Output/TripleDiff/Tables/_rob_A_TREND_cont
    > rols_inclHKMO.dta saved
. }

. 
. *── B. WB senza ASEAN ───────────────────────────────────────────────────────
> ───
. cap confirm file "$TAB/_rob_B_WB_noASEAN$OUTSFX.dta"

. if _rc {
.     reghdfe ln_export wb_green wb_dirty td_green td_dirty ///
>         if $HKMOEXPR & !asean, absorb(fpd fdt pt) vce(cluster country_code) c
> ompact
.     regsave using "$TAB/_rob_B_WB_noASEAN$OUTSFX.dta", tstat pval ci replace 
> addlabel(model, B_WB_noASEAN, source, reghdfe_stata_18)
. }

. 
. *── B. TREND senza ASEAN ────────────────────────────────────────────────────
> ───
. cap confirm file "$TAB/_rob_B_TREND_noASEAN$OUTSFX.dta"

. if _rc {
.     reghdfe ln_export tr_green tr_dirty td_green td_dirty ///
>         if $HKMOEXPR & !asean, absorb(fpd fdt pt) vce(cluster country_code) c
> ompact
(dropped 2.26e+07 singleton observations)
(MWFE estimator converged in 82 iterations)

HDFE Linear regression                            Number of obs   = 21,276,793
Absorbing 3 HDFE groups                           F(   4,    215) =       1.65
Statistics robust to heteroskedasticity           Prob > F        =     0.1618
                                                  R-squared       =     0.8690
                                                  Adj R-squared   =     0.7409
                                                  Within R-sq.    =     0.0000
Number of clusters (country_code) =        216    Root MSE        =     1.3472

                         (Std. err. adjusted for 216 clusters in country_code)
------------------------------------------------------------------------------
             |               Robust
   ln_export | Coefficient  std. err.      t    P>|t|     [95% conf. interval]
-------------+----------------------------------------------------------------
    tr_green |  -.0011661   .0010767    -1.08   0.280    -.0032885    .0009562
    tr_dirty |  -.0019427   .0007782    -2.50   0.013    -.0034766   -.0004087
    td_green |    .000215   .0001443     1.49   0.138    -.0000695    .0004994
    td_dirty |   .0004047   .0001609     2.52   0.013     .0000876    .0007219
       _cons |   9.586176   .0001677  5.7e+04   0.000     9.585845    9.586506
------------------------------------------------------------------------------

Absorbed degrees of freedom:
-----------------------------------------------------+
 Absorbed FE | Categories  - Redundant  = Num. Coefs |
-------------+---------------------------------------|
         fpd |   6053234     6053234           0    *|
         fdt |   4400048     4400048           0    *|
          pt |     65256           1       65255     |
-----------------------------------------------------+
* = FE nested within cluster; treated as redundant for DoF computation
.     regsave using "$TAB/_rob_B_TREND_noASEAN$OUTSFX.dta", tstat pval ci repla
> ce addlabel(model, B_TREND_noASEAN, source, reghdfe_stata_18)
(file
    C:\Work\projects\Paper_PTA/New/Output/TripleDiff/Tables/_rob_B_TREND_noAS
    > EAN_inclHKMO.dta not found)
file
    C:\Work\projects\Paper_PTA/New/Output/TripleDiff/Tables/_rob_B_TREND_noAS
    > EAN_inclHKMO.dta saved
. }

. 
. * NOTA: il vecchio blocco C ("WB includendo HK+MO") e' stato rimosso. Ora si
. * ottiene lanciando questo stesso file con  global PTA_SAMPLE "incl", che
. * produce la variante inclusiva di TUTTI i blocchi, non solo di WB baseline.
. 
. *── D. C-overlap (WB e TREND) ───────────────────────────────────────────────
> ───
. cap confirm file "$TAB/_rob_D_WB_overlap$OUTSFX.dta"

. if _rc {
.     reghdfe ln_export wb_green wb_dirty td_green td_dirty ///
>         if $HKMOEXPR & in_overlap, absorb(fpd fdt pt) vce(cluster country_cod
> e) compact
.     regsave using "$TAB/_rob_D_WB_overlap$OUTSFX.dta", tstat pval ci replace 
> addlabel(model, D_WB_overlap, source, reghdfe_stata_18)
. }

. cap confirm file "$TAB/_rob_D_TREND_overlap$OUTSFX.dta"

. if _rc {
.     reghdfe ln_export tr_green tr_dirty td_green td_dirty ///
>         if $HKMOEXPR & in_overlap, absorb(fpd fdt pt) vce(cluster country_cod
> e) compact
.     regsave using "$TAB/_rob_D_TREND_overlap$OUTSFX.dta", tstat pval ci repla
> ce addlabel(model, D_TREND_overlap, source, reghdfe_stata_18)
. }

. 
. *── E. C-deepshallow TREND ──────────────────────────────────────────────────
> ────
. cap confirm file "$TAB/_rob_E_TREND_deepshallow$OUTSFX.dta"

. if _rc {
.     reghdfe ln_export tr_green tr_dirty td_green td_dirty ///
>         if $HKMOEXPR & in_deepshallow, absorb(fpd fdt pt) vce(cluster country
> _code) compact
.     regsave using "$TAB/_rob_E_TREND_deepshallow$OUTSFX.dta", tstat pval ci r
> eplace addlabel(model, E_TREND_deepshallow, source, reghdfe_stata_18)
. }

. 
. *── G. Within-firm: quota green nel paniere impresa-dest-anno ───────────────
> ───
. * share_green_fdt = quota di valore export green dell'impresa f verso d in t.
. * EP varia a dest-anno: FE impresa-dest (fd) + anno; identificazione within-f
> d.
. cap confirm file "$TAB/_rob_G_WB_withinfirm$OUTSFX.dta"

. if _rc {
.     use `forG' if $HKMOEXPR, clear
.     gen double exp_green = export * env_good_new
.     collapse (sum) export exp_green ///
>              (first) WB_EP_Depth TREND_EP_Count $DEPTHVAR, ///
>              by(companyID country_code year)
.     gen double share_green = exp_green / export
.     egen long fd = group(companyID country_code)
.     reghdfe share_green WB_EP_Depth $DEPTHVAR, ///
>         absorb(fd year) vce(cluster country_code)
.     regsave using "$TAB/_rob_G_WB_withinfirm$OUTSFX.dta", tstat pval ci repla
> ce addlabel(model, G_WB_withinfirm, source, reghdfe_stata_18)
.     reghdfe share_green TREND_EP_Count $DEPTHVAR, ///
>         absorb(fd year) vce(cluster country_code)
.     regsave using "$TAB/_rob_G_TREND_withinfirm$OUTSFX.dta", tstat pval ci re
> place addlabel(model, G_TREND_withinfirm, source, reghdfe_stata_18)
. }

. 
. *── Export riassuntivo ──────────────────────────────────────────────────────
> ───
. * NOTA: "append using "$TAB/`f''" falliva con r(601) perche' `dir ... files`
. * restituisce nomi gia' tra virgolette compound e append non accetta un
. * dataset vuoto in memoria come target del primissimo append: si usa `use`
. * per il primo file e `append` per i successivi, con path a forward slash
. * (Stata li accetta anche su Windows ed evita l'ambiguita' backslash-backtick
> ).
. * Il glob non distingue le 4 varianti: si mantengono solo i file il cui nome
. * termina con OUTSFX.dta (suffisso composto campione+depth).
. * Per OUTSFX vuoto (spec principale) si escludono i file con _inclHKMO o _des
> ta.
. clear

. local all : dir "$TAB" files "_rob_*.dta"

. local files ""

. foreach f of local all {
  2.     * NB: su Windows `: dir` restituisce i nomi in MINUSCOLO, mentre i fil
> e sul
.     * disco sono _rob_A_WB_controls_inclHKMO.dta: senza lower() su entrambi i
.     * lati il confronto non matcha mai -> lista vuota (r(102) su export) per 
> le
.     * run suffissate, e nessuna esclusione per la run principale.
.     local match 0
  3.     if "$OUTSFX" != "" {
  4.         if strpos(lower("`f'"), lower("$OUTSFX.dta")) > 0 local match 1
  5.     }
  6.     else {
  7.         if !strpos(lower("`f'"), "_inclhkmo") & !strpos(lower("`f'"), "_de
> sta") local match 1
  8.     }
  9.     if `match' local files `"`files' "`f'""'
 10. }

. local first = 1

. foreach f of local files {
  2.     if `first' {
  3.         use "$TAB/`f'", clear
  4.         local first = 0
  5.     }
  6.     else {
  7.         append using "$TAB/`f'"
  8.     }
  9. }
(variable model was str16, now str19 to accommodate using data's values)
(variable var was str11, now str17 to accommodate using data's values)

. export delimited "$TAB/tripledd_robustness_reghdfe$OUTSFX.csv", replace
file C:\Work\projects\Paper_PTA/New/Output/TripleDiff/Tables/tripledd_robustnes
> s_reghdfe_inclHKMO.csv saved

. di "[OK] tripledd_robustness_reghdfe$OUTSFX.csv"
[OK] tripledd_robustness_reghdfe_inclHKMO.csv

. 
. cap log close _all
