-------------------------------------------------------------------------------
      name:  <unnamed>
       log:  C:\Work\projects\Paper_PTA/New/Output/Diagnostics/stata_logs/48j_c
> em_alldepvars_desta.log
  log type:  text
 opened on:   5 Sep 2026, 22:22:09

. 
. global CSV_OUT "$ROOT/New/Output/TripleDiff/Tables_Stata/cem_alldepvars$OUTSF
> X.csv"

. 
. capture erase "$CSV_OUT"

. file open fh using "$CSV_OUT", write replace text
(file
    C:\Work\projects\Paper_PTA/New/Output/TripleDiff/Tables_Stata/cem_alldepv
    > ars_desta.csv not found)

. file write fh "spec,var,coef,se,pval,p_wcb,ci_low,ci_high,nobs,nclust,breps,o
> utcome,r2a" _n

. file close fh

. 
. capture program drop write_row

. program define write_row
  1.     args spec var coef se pval p_wcb ci_low ci_high nobs nclust breps outc
> ome r2a
  2.     file open fh using "$CSV_OUT", write append text
  3.     file write fh "`spec',`var',`coef',`se',`pval',`p_wcb',`ci_low',`ci_hi
> gh',`nobs',`nclust',`breps',`outcome',`r2a'" _n
  4.     file close fh
  5. end

. 
. cap which reghdfe

. if _rc ssc install reghdfe

. cap which boottest

. if _rc ssc install boottest

. 
. * --- Auxiliary lists -------------------------------------------------------
> --
. import delimited "$ROOT/New/Data/Classifications/green_codes_hs1996.csv", cle
> ar
(encoding automatically selected: ISO-8859-2)
(7 vars, 248 obs)

. keep hs6_final

. rename hs6_final hs6

. duplicates drop hs6, force

Duplicates in terms of hs6

(2 observations deleted)

. gen byte env_good_new = 1

. tempfile green

. save `green'
file C:\Users\edodr\AppData\Local\Temp\ST_6254_000001.tmp saved as .dta
    format

. 
. import delimited "$ROOT/New/Data/Classifications/dirty_goods_hs6.csv", clear
(encoding automatically selected: ISO-8859-2)
(3 vars, 1,139 obs)

. keep hs6 dirty

. rename dirty dirty_p

. tempfile dirty

. save `dirty'
file C:\Users\edodr\AppData\Local\Temp\ST_6254_000002.tmp saved as .dta
    format

. 
. import delimited "$DEPTHFILE", clear
(encoding automatically selected: ISO-8859-1)
(5 vars, 239 obs)

. keep country_code year $DEPTHVAR

. tempfile depth

. save `depth'
file C:\Users\edodr\AppData\Local\Temp\ST_6254_000003.tmp saved as .dta
    format

. 
. use "$ROOT/New/Output/CEM_stata/cem_v1_cc.dta", clear

. gen byte keep_cem = 1

. tempfile cem

. save `cem'
file C:\Users\edodr\AppData\Local\Temp\ST_6254_000004.tmp saved as .dta
    format

. 
. global F_GREEN "`green'"

. global F_DIRTY "`dirty'"

. global F_DEPTH "`depth'"

. global F_CEM   "`cem'"

. 
. ************************************************************
. * Programma: stima CEM per una outcome
. ************************************************************
. capture program drop cem_one_outcome

. program define cem_one_outcome
  1.     args raw_var outcome_label
  2. 
.     di as result _n "========================================================
> ===="
  3.     di as result "  CEM: `outcome_label' ($PTA_DEPTH)"
  4.     di as result "========================================================
> ===="
  5. 
.     timer clear 1
  6.     timer on 1
  7. 
.     * --- Carica dati ---
.     if "`raw_var'" == "ln_export" {
  8.         use ln_export WB_EP_Depth TREND_EP_Count hs6 country_code year fpd
>  fdt pt ///
>             using "$ROOT/Data/Final Dataset/final_dataset_pta_env_indices_com
> pressed.dta", clear
  9.         rename ln_export ln_y
 10.     }
 11.     else if "`raw_var'" == "exp_qua" {
 12.         use exp_qua WB_EP_Depth TREND_EP_Count hs6 country_code year fpd f
> dt pt ///
>             using "$ROOT/Data/Final Dataset/final_dataset_pta_env_indices_com
> pressed.dta", clear
 13.         gen double ln_y = ln(exp_qua)
 14.         drop exp_qua
 15.         drop if missing(ln_y)
 16.     }
 17.     else if "`raw_var'" == "uv_exp" {
 18.         use uv_exp WB_EP_Depth TREND_EP_Count hs6 country_code year fpd fd
> t pt ///
>             using "$ROOT/Data/Final Dataset/final_dataset_pta_env_indices_com
> pressed.dta", clear
 19.         gen double ln_y = ln(uv_exp)
 20.         drop uv_exp
 21.         drop if missing(ln_y)
 22.     }
 23. 
.     gen byte hkmo = inlist(country_code, 110, 121)
 24.     keep if $HKMOEXPR
 25.     drop hkmo
 26. 
.     * --- Filtro CEM ---
.     merge m:1 country_code using "$F_CEM", keep(master match) nogen
 27.     keep if keep_cem == 1
 28.     drop keep_cem
 29.     count
 30.     di "  Righe dopo filtro CEM: " r(N)
 31. 
.     * --- Merge classificazioni ---
.     merge m:1 hs6 using "$F_GREEN", keep(master match)
 32.     drop _merge
 33.     replace env_good_new = 0 if missing(env_good_new)
 34.     merge m:1 hs6 using "$F_DIRTY", keep(master match)
 35.     drop _merge
 36.     replace dirty_p = 0 if missing(dirty_p)
 37.     merge m:1 country_code year using "$F_DEPTH", keep(master match)
 38.     drop _merge
 39.     if $DROP_UNMEASURED {
 40.         drop if missing($DEPTHVAR) & WB_EP_Depth > 0
 41.     }
 42.     replace $DEPTHVAR = 0 if missing($DEPTHVAR)
 43. 
.     gen double wb_green = WB_EP_Depth    * env_good_new
 44.     gen double wb_dirty = WB_EP_Depth    * dirty_p
 45.     gen double tr_green = TREND_EP_Count * env_good_new
 46.     gen double tr_dirty = TREND_EP_Count * dirty_p
 47.     gen double td_green = $DEPTHVAR * env_good_new
 48.     gen double td_dirty = $DEPTHVAR * dirty_p
 49.     drop WB_EP_Depth TREND_EP_Count env_good_new dirty_p $DEPTHVAR hs6
 50. 
.     count
 51.     local N_raw = r(N)
 52.     di "  Righe finali: `N_raw'"
 53. 
.     * --- WB: reghdfe asintotico ---
.     di as txt "  [WB] reghdfe fpd+fdt+pt..."
 54.     reghdfe ln_y wb_green wb_dirty td_green td_dirty, ///
>         absorb(fpd fdt pt) vce(cluster country_code) compact
 55.     local nobs   = e(N)
 56.     local nclust = e(N_clust)
 57.     local r2a    = e(r2_a)
 58. 
.     local b_wg = _b[wb_green]
 59.     local b_wd = _b[wb_dirty]
 60.     local se_wg = _se[wb_green]
 61.     local se_wd = _se[wb_dirty]
 62.     local p_wg = 2*ttail(`nclust'-1, abs(`b_wg'/`se_wg'))
 63.     local p_wd = 2*ttail(`nclust'-1, abs(`b_wd'/`se_wd'))
 64. 
.     di as txt "  [WB] demeaning per boottest..."
 65.     local dmvars ln_y wb_green wb_dirty td_green td_dirty
 66.     foreach v of local dmvars {
 67.         cap drop `v'_dm
 68.         qui reghdfe `v', absorb(fpd fdt pt) residuals(`v'_dm) tol(1e-8)
 69.     }
 70. 
.     qui reg ln_y_dm wb_green_dm wb_dirty_dm td_green_dm td_dirty_dm, cluster(
> country_code) nocons
 71. 
.     di as txt "    boottest WB_green..."
 72.     set seed 42
 73.     boottest wb_green_dm, boottype(wild) reps(9999) noci
 74.     local pwcb_wg = r(p)
 75.     set seed 42
 76.     boottest wb_green_dm, boottype(wild) reps(9999)
 77.     local ci_wg_lo = r(CI)[1,1]
 78.     local ci_wg_hi = r(CI)[1,2]
 79. 
.     di as txt "    boottest WB_dirty..."
 80.     set seed 42
 81.     boottest wb_dirty_dm, boottype(wild) reps(9999) noci
 82.     local pwcb_wd = r(p)
 83.     set seed 42
 84.     boottest wb_dirty_dm, boottype(wild) reps(9999)
 85.     local ci_wd_lo = r(CI)[1,1]
 86.     local ci_wd_hi = r(CI)[1,2]
 87. 
.     write_row "WB_green" wb_green `b_wg' `se_wg' `p_wg' `pwcb_wg' `ci_wg_lo' 
> `ci_wg_hi' `nobs' `nclust' 9999 `outcome_label' `r2a'
 88.     write_row "WB_dirty" wb_dirty `b_wd' `se_wd' `p_wd' `pwcb_wd' `ci_wd_l
> o' `ci_wd_hi' `nobs' `nclust' 9999 `outcome_label' `r2a'
 89. 
.     * --- TREND: reghdfe asintotico ---
.     di as txt "  [TREND] reghdfe fpd+fdt+pt..."
 90.     reghdfe ln_y tr_green tr_dirty td_green td_dirty, ///
>         absorb(fpd fdt pt) vce(cluster country_code) compact
 91.     local nobs   = e(N)
 92.     local nclust = e(N_clust)
 93.     local r2a    = e(r2_a)
 94. 
.     local b_tg = _b[tr_green]
 95.     local b_td = _b[tr_dirty]
 96.     local se_tg = _se[tr_green]
 97.     local se_td = _se[tr_dirty]
 98.     local p_tg = 2*ttail(`nclust'-1, abs(`b_tg'/`se_tg'))
 99.     local p_td = 2*ttail(`nclust'-1, abs(`b_td'/`se_td'))
100. 
.     di as txt "  [TREND] demeaning per boottest..."
101.     foreach v in ln_y tr_green tr_dirty td_green td_dirty {
102.         cap drop `v'_dm
103.         qui reghdfe `v', absorb(fpd fdt pt) residuals(`v'_dm) tol(1e-8)
104.     }
105. 
.     qui reg ln_y_dm tr_green_dm tr_dirty_dm td_green_dm td_dirty_dm, cluster(
> country_code) nocons
106. 
.     di as txt "    boottest TREND_green..."
107.     set seed 42
108.     boottest tr_green_dm, boottype(wild) reps(9999) noci
109.     local pwcb_tg = r(p)
110.     set seed 42
111.     boottest tr_green_dm, boottype(wild) reps(9999)
112.     local ci_tg_lo = r(CI)[1,1]
113.     local ci_tg_hi = r(CI)[1,2]
114. 
.     di as txt "    boottest TREND_dirty..."
115.     set seed 42
116.     boottest tr_dirty_dm, boottype(wild) reps(9999) noci
117.     local pwcb_td = r(p)
118.     set seed 42
119.     boottest tr_dirty_dm, boottype(wild) reps(9999)
120.     local ci_td_lo = r(CI)[1,1]
121.     local ci_td_hi = r(CI)[1,2]
122. 
.     write_row "TREND_green" tr_green `b_tg' `se_tg' `p_tg' `pwcb_tg' `ci_tg_l
> o' `ci_tg_hi' `nobs' `nclust' 9999 `outcome_label' `r2a'
123.     write_row "TREND_dirty" tr_dirty `b_td' `se_td' `p_td' `pwcb_td' `ci_t
> d_lo' `ci_td_hi' `nobs' `nclust' 9999 `outcome_label' `r2a'
124. 
.     timer off 1
125.     qui timer list 1
126.     di as result "  -> `outcome_label' completato in " r(t1)/60 " minuti"
127. end

. 
. ************************************************************
. * Esecuzione
. ************************************************************
. di as result _n "*** 48j — CEM: val + quantity + unit value ***"

*** 48j — CEM: val + quantity + unit value ***

. di as result "*** Depth: $PTA_DEPTH | Sample: $PTA_SAMPLE ***"
*** Depth: desta | Sample: excl ***

. 
. cem_one_outcome ln_export  ln_export

============================================================
  CEM: ln_export (desta)
============================================================
(3,464,093 observations deleted)

    Result                      Number of obs
    -----------------------------------------
    Not matched                    17,251,584
        from master                17,251,584  
        from using                          0  

    Matched                        28,529,627  
    -----------------------------------------
(17,251,584 observations deleted)
  28,529,627
  Righe dopo filtro CEM: 28529627

    Result                      Number of obs
    -----------------------------------------
    Not matched                    25,265,948
        from master                25,265,948  (_merge==1)
        from using                          0  (_merge==2)

    Matched                         3,263,679  (_merge==3)
    -----------------------------------------
(25,265,948 real changes made)

    Result                      Number of obs
    -----------------------------------------
    Not matched                    26,292,249
        from master                26,292,249  (_merge==1)
        from using                          0  (_merge==2)

    Matched                         2,237,378  (_merge==3)
    -----------------------------------------
(26,292,249 real changes made)

    Result                      Number of obs
    -----------------------------------------
    Not matched                    21,348,795
        from master                21,348,795  (_merge==1)
        from using                          0  (_merge==2)

    Matched                         7,180,832  (_merge==3)
    -----------------------------------------
(0 observations deleted)
(21,348,795 real changes made)
  28,529,627
  Righe finali: 28529627
  [WB] reghdfe fpd+fdt+pt...
(dropped 1.45e+07 singleton observations)
(MWFE estimator converged in 89 iterations)

HDFE Linear regression                            Number of obs   = 13,992,396
Absorbing 3 HDFE groups                           F(   4,     56) =       1.42
Statistics robust to heteroskedasticity           Prob > F        =     0.2390
                                                  R-squared       =     0.8729
                                                  Adj R-squared   =     0.7415
                                                  Within R-sq.    =     0.0000
Number of clusters (country_code) =         57    Root MSE        =     1.3424

                          (Std. err. adjusted for 57 clusters in country_code)
------------------------------------------------------------------------------
             |               Robust
        ln_y | Coefficient  std. err.      t    P>|t|     [95% conf. interval]
-------------+----------------------------------------------------------------
    wb_green |  -.0015609   .0034036    -0.46   0.648    -.0083791    .0052572
    wb_dirty |  -.0042829   .0024111    -1.78   0.081     -.009113    .0005471
    td_green |   .0032044   .0057551     0.56   0.580    -.0083245    .0147333
    td_dirty |   .0108258    .006426     1.68   0.098     -.002047    .0236985
       _cons |   9.609615   .0004926  2.0e+04   0.000     9.608628    9.610601
------------------------------------------------------------------------------

Absorbed degrees of freedom:
-----------------------------------------------------+
 Absorbed FE | Categories  - Redundant  = Num. Coefs |
-------------+---------------------------------------|
         fpd |   3962959     3962959           0    *|
         fdt |   3089711     3089711           0    *|
          pt |     60318           1       60317     |
-----------------------------------------------------+
* = FE nested within cluster; treated as redundant for DoF computation
  [WB] demeaning per boottest...
    boottest WB_green...

Wild bootstrap-t, null imposed, 9999 replications, Wald test, bootstrap cluster
> ing by country_code, Rademacher weights:
  wb_green_dm

                           t(56) =    -0.4596
                        Prob>|t| =     0.6764

Wild bootstrap-t, null imposed, 9999 replications, Wald test, bootstrap cluster
> ing by country_code, Rademacher weights:
  wb_green_dm

                           t(56) =    -0.4596
                        Prob>|t| =     0.6764

95% confidence set for null hypothesis expression: [−.03286, .03006]
    boottest WB_dirty...

Wild bootstrap-t, null imposed, 9999 replications, Wald test, bootstrap cluster
> ing by country_code, Rademacher weights:
  wb_dirty_dm

                           t(56) =    -1.7801
                        Prob>|t| =     0.1214

Wild bootstrap-t, null imposed, 9999 replications, Wald test, bootstrap cluster
> ing by country_code, Rademacher weights:
  wb_dirty_dm

                           t(56) =    -1.7801
                        Prob>|t| =     0.1214

95% confidence set for null hypothesis expression: [−.0255, .01517]
  [TREND] reghdfe fpd+fdt+pt...
(dropped 1.45e+07 singleton observations)
(MWFE estimator converged in 89 iterations)

HDFE Linear regression                            Number of obs   = 13,992,396
Absorbing 3 HDFE groups                           F(   4,     56) =       0.85
Statistics robust to heteroskedasticity           Prob > F        =     0.4976
                                                  R-squared       =     0.8729
                                                  Adj R-squared   =     0.7415
                                                  Within R-sq.    =     0.0000
Number of clusters (country_code) =         57    Root MSE        =     1.3424

                          (Std. err. adjusted for 57 clusters in country_code)
------------------------------------------------------------------------------
             |               Robust
        ln_y | Coefficient  std. err.      t    P>|t|     [95% conf. interval]
-------------+----------------------------------------------------------------
    tr_green |  -.0004757   .0010596    -0.45   0.655    -.0025985     .001647
    tr_dirty |  -.0012762   .0007413    -1.72   0.091    -.0027612    .0002087
    td_green |   .0043622   .0091498     0.48   0.635     -.013967    .0226913
    td_dirty |   .0137237   .0081072     1.69   0.096    -.0025171    .0299644
       _cons |   9.609194   .0006464  1.5e+04   0.000     9.607899    9.610489
------------------------------------------------------------------------------

Absorbed degrees of freedom:
-----------------------------------------------------+
 Absorbed FE | Categories  - Redundant  = Num. Coefs |
-------------+---------------------------------------|
         fpd |   3962959     3962959           0    *|
         fdt |   3089711     3089711           0    *|
          pt |     60318           1       60317     |
-----------------------------------------------------+
* = FE nested within cluster; treated as redundant for DoF computation
  [TREND] demeaning per boottest...
    boottest TREND_green...

Wild bootstrap-t, null imposed, 9999 replications, Wald test, bootstrap cluster
> ing by country_code, Rademacher weights:
  tr_green_dm

                           t(56) =    -0.4499
                        Prob>|t| =     0.6765

Wild bootstrap-t, null imposed, 9999 replications, Wald test, bootstrap cluster
> ing by country_code, Rademacher weights:
  tr_green_dm

                           t(56) =    -0.4499
                        Prob>|t| =     0.6765

95% confidence set for null hypothesis expression: [−.006304, .004187]
    boottest TREND_dirty...

Wild bootstrap-t, null imposed, 9999 replications, Wald test, bootstrap cluster
> ing by country_code, Rademacher weights:
  tr_dirty_dm

                           t(56) =    -1.7255
                        Prob>|t| =     0.1251

Wild bootstrap-t, null imposed, 9999 replications, Wald test, bootstrap cluster
> ing by country_code, Rademacher weights:
  tr_dirty_dm

                           t(56) =    -1.7255
                        Prob>|t| =     0.1251

95% confidence set for null hypothesis expression: [−.005625, .001442]
  -> ln_export completato in 87.337467 minuti

. cem_one_outcome exp_qua    ln_export_qua

============================================================
  CEM: ln_export_qua (desta)
============================================================
(337,268 missing values generated)
(337,268 observations deleted)
(3,437,983 observations deleted)

    Result                      Number of obs
    -----------------------------------------
    Not matched                    17,139,972
        from master                17,139,972  
        from using                          0  

    Matched                        28,330,081  
    -----------------------------------------
(17,139,972 observations deleted)
  28,330,081
  Righe dopo filtro CEM: 28330081

    Result                      Number of obs
    -----------------------------------------
    Not matched                    25,083,206
        from master                25,083,206  (_merge==1)
        from using                          0  (_merge==2)

    Matched                         3,246,875  (_merge==3)
    -----------------------------------------
(25,083,206 real changes made)

    Result                      Number of obs
    -----------------------------------------
    Not matched                    26,116,044
        from master                26,116,044  (_merge==1)
        from using                          0  (_merge==2)

    Matched                         2,214,037  (_merge==3)
    -----------------------------------------
(26,116,044 real changes made)

    Result                      Number of obs
    -----------------------------------------
    Not matched                    21,212,473
        from master                21,212,473  (_merge==1)
        from using                          0  (_merge==2)

    Matched                         7,117,608  (_merge==3)
    -----------------------------------------
(0 observations deleted)
(21,212,473 real changes made)
  28,330,081
  Righe finali: 28330081
  [WB] reghdfe fpd+fdt+pt...
(dropped 1.45e+07 singleton observations)
(MWFE estimator converged in 89 iterations)

HDFE Linear regression                            Number of obs   = 13,858,213
Absorbing 3 HDFE groups                           F(   4,     56) =       1.35
Statistics robust to heteroskedasticity           Prob > F        =     0.2635
                                                  R-squared       =     0.9090
                                                  Adj R-squared   =     0.8145
                                                  Within R-sq.    =     0.0000
Number of clusters (country_code) =         57    Root MSE        =     1.3538

                          (Std. err. adjusted for 57 clusters in country_code)
------------------------------------------------------------------------------
             |               Robust
        ln_y | Coefficient  std. err.      t    P>|t|     [95% conf. interval]
-------------+----------------------------------------------------------------
    wb_green |  -.0016158   .0034823    -0.46   0.644    -.0085918    .0053602
    wb_dirty |  -.0055389   .0030071    -1.84   0.071    -.0115628     .000485
    td_green |  -.0007007   .0046544    -0.15   0.881    -.0100246    .0086232
    td_dirty |   .0130047    .006803     1.91   0.061    -.0006234    .0266327
       _cons |   7.604052   .0004683  1.6e+04   0.000     7.603114    7.604991
------------------------------------------------------------------------------

Absorbed degrees of freedom:
-----------------------------------------------------+
 Absorbed FE | Categories  - Redundant  = Num. Coefs |
-------------+---------------------------------------|
         fpd |   3923550     3923550           0    *|
         fdt |   3077371     3077371           0    *|
          pt |     60233           1       60232     |
-----------------------------------------------------+
* = FE nested within cluster; treated as redundant for DoF computation
  [WB] demeaning per boottest...
    boottest WB_green...

Wild bootstrap-t, null imposed, 9999 replications, Wald test, bootstrap cluster
> ing by country_code, Rademacher weights:
  wb_green_dm

                           t(56) =    -0.4650
                        Prob>|t| =     0.7373

Wild bootstrap-t, null imposed, 9999 replications, Wald test, bootstrap cluster
> ing by country_code, Rademacher weights:
  wb_green_dm

                           t(56) =    -0.4650
                        Prob>|t| =     0.7373

95% confidence set for null hypothesis expression: [−.03265, .0282]
    boottest WB_dirty...

Wild bootstrap-t, null imposed, 9999 replications, Wald test, bootstrap cluster
> ing by country_code, Rademacher weights:
  wb_dirty_dm

                           t(56) =    -1.8460
                        Prob>|t| =     0.1801

Wild bootstrap-t, null imposed, 9999 replications, Wald test, bootstrap cluster
> ing by country_code, Rademacher weights:
  wb_dirty_dm

                           t(56) =    -1.8460
                        Prob>|t| =     0.1801

95% confidence set for null hypothesis expression: [−.03269, .02925]
  [TREND] reghdfe fpd+fdt+pt...
(dropped 1.45e+07 singleton observations)
(MWFE estimator converged in 89 iterations)

HDFE Linear regression                            Number of obs   = 13,858,213
Absorbing 3 HDFE groups                           F(   4,     56) =       0.57
Statistics robust to heteroskedasticity           Prob > F        =     0.6835
                                                  R-squared       =     0.9090
                                                  Adj R-squared   =     0.8145
                                                  Within R-sq.    =     0.0000
Number of clusters (country_code) =         57    Root MSE        =     1.3538

                          (Std. err. adjusted for 57 clusters in country_code)
------------------------------------------------------------------------------
             |               Robust
        ln_y | Coefficient  std. err.      t    P>|t|     [95% conf. interval]
-------------+----------------------------------------------------------------
    tr_green |  -.0002964    .001071    -0.28   0.783     -.002442    .0018491
    tr_dirty |  -.0011454   .0008719    -1.31   0.194    -.0028919    .0006012
    td_green |  -.0011129    .009064    -0.12   0.903    -.0192704    .0170445
    td_dirty |   .0124858   .0093802     1.33   0.189     -.006305    .0312766
       _cons |   7.603737    .000578  1.3e+04   0.000     7.602579    7.604894
------------------------------------------------------------------------------

Absorbed degrees of freedom:
-----------------------------------------------------+
 Absorbed FE | Categories  - Redundant  = Num. Coefs |
-------------+---------------------------------------|
         fpd |   3923550     3923550           0    *|
         fdt |   3077371     3077371           0    *|
          pt |     60233           1       60232     |
-----------------------------------------------------+
* = FE nested within cluster; treated as redundant for DoF computation
  [TREND] demeaning per boottest...
    boottest TREND_green...

Wild bootstrap-t, null imposed, 9999 replications, Wald test, bootstrap cluster
> ing by country_code, Rademacher weights:
  tr_green_dm

                           t(56) =    -0.2774
                        Prob>|t| =     0.8151

Wild bootstrap-t, null imposed, 9999 replications, Wald test, bootstrap cluster
> ing by country_code, Rademacher weights:
  tr_green_dm

                           t(56) =    -0.2774
                        Prob>|t| =     0.8151

95% confidence set for null hypothesis expression: [−.006188, .004809]
    boottest TREND_dirty...

Wild bootstrap-t, null imposed, 9999 replications, Wald test, bootstrap cluster
> ing by country_code, Rademacher weights:
  tr_dirty_dm

                           t(56) =    -1.3166
                        Prob>|t| =     0.2546

Wild bootstrap-t, null imposed, 9999 replications, Wald test, bootstrap cluster
> ing by country_code, Rademacher weights:
  tr_dirty_dm

                           t(56) =    -1.3166
                        Prob>|t| =     0.2546

95% confidence set for null hypothesis expression: [−.005621, .002691]
  -> ln_export_qua completato in 77.8111 minuti

. cem_one_outcome uv_exp     ln_export_value

============================================================
  CEM: ln_export_value (desta)
============================================================
(337,281 missing values generated)
(337,281 observations deleted)
(3,437,983 observations deleted)

    Result                      Number of obs
    -----------------------------------------
    Not matched                    17,139,965
        from master                17,139,965  
        from using                          0  

    Matched                        28,330,075  
    -----------------------------------------
(17,139,965 observations deleted)
  28,330,075
  Righe dopo filtro CEM: 28330075

    Result                      Number of obs
    -----------------------------------------
    Not matched                    25,083,200
        from master                25,083,200  (_merge==1)
        from using                          0  (_merge==2)

    Matched                         3,246,875  (_merge==3)
    -----------------------------------------
(25,083,200 real changes made)

    Result                      Number of obs
    -----------------------------------------
    Not matched                    26,116,041
        from master                26,116,041  (_merge==1)
        from using                          0  (_merge==2)

    Matched                         2,214,034  (_merge==3)
    -----------------------------------------
(26,116,041 real changes made)

    Result                      Number of obs
    -----------------------------------------
    Not matched                    21,212,471
        from master                21,212,471  (_merge==1)
        from using                          0  (_merge==2)

    Matched                         7,117,604  (_merge==3)
    -----------------------------------------
(0 observations deleted)
(21,212,471 real changes made)
  28,330,075
  Righe finali: 28330075
  [WB] reghdfe fpd+fdt+pt...
(dropped 1.45e+07 singleton observations)
(MWFE estimator converged in 89 iterations)

HDFE Linear regression                            Number of obs   = 13,858,206
Absorbing 3 HDFE groups                           F(   4,     56) =       3.43
Statistics robust to heteroskedasticity           Prob > F        =     0.0140
                                                  R-squared       =     0.9612
                                                  Adj R-squared   =     0.9209
                                                  Within R-sq.    =     0.0000
Number of clusters (country_code) =         57    Root MSE        =     0.5909

                          (Std. err. adjusted for 57 clusters in country_code)
------------------------------------------------------------------------------
             |               Robust
        ln_y | Coefficient  std. err.      t    P>|t|     [95% conf. interval]
-------------+----------------------------------------------------------------
    wb_green |   .0000497   .0019318     0.03   0.980    -.0038201    .0039196
    wb_dirty |   .0000979   .0012555     0.08   0.938    -.0024172    .0026129
    td_green |   .0042203   .0053299     0.79   0.432    -.0064568    .0148974
    td_dirty |  -.0000452   .0020699    -0.02   0.983    -.0041918    .0041013
       _cons |   2.050848   .0002137  9598.88   0.000      2.05042    2.051276
------------------------------------------------------------------------------

Absorbed degrees of freedom:
-----------------------------------------------------+
 Absorbed FE | Categories  - Redundant  = Num. Coefs |
-------------+---------------------------------------|
         fpd |   3923548     3923548           0    *|
         fdt |   3077368     3077368           0    *|
          pt |     60233           1       60232     |
-----------------------------------------------------+
* = FE nested within cluster; treated as redundant for DoF computation
  [WB] demeaning per boottest...
    boottest WB_green...

Wild bootstrap-t, null imposed, 9999 replications, Wald test, bootstrap cluster
> ing by country_code, Rademacher weights:
  wb_green_dm

                           t(56) =     0.0258
                        Prob>|t| =     0.9779

Wild bootstrap-t, null imposed, 9999 replications, Wald test, bootstrap cluster
> ing by country_code, Rademacher weights:
  wb_green_dm

                           t(56) =     0.0258
                        Prob>|t| =     0.9779

95% confidence set for null hypothesis expression: [−.01896, .008791]
    boottest WB_dirty...

Wild bootstrap-t, null imposed, 9999 replications, Wald test, bootstrap cluster
> ing by country_code, Rademacher weights:
  wb_dirty_dm

                           t(56) =     0.0781
                        Prob>|t| =     0.9813

Wild bootstrap-t, null imposed, 9999 replications, Wald test, bootstrap cluster
> ing by country_code, Rademacher weights:
  wb_dirty_dm

                           t(56) =     0.0781
                        Prob>|t| =     0.9813

95% confidence set for null hypothesis expression: [−.01417, .01268]
  [TREND] reghdfe fpd+fdt+pt...
(dropped 1.45e+07 singleton observations)
(MWFE estimator converged in 89 iterations)

HDFE Linear regression                            Number of obs   = 13,858,206
Absorbing 3 HDFE groups                           F(   4,     56) =       2.11
Statistics robust to heteroskedasticity           Prob > F        =     0.0911
                                                  R-squared       =     0.9612
                                                  Adj R-squared   =     0.9209
                                                  Within R-sq.    =     0.0000
Number of clusters (country_code) =         57    Root MSE        =     0.5909

                          (Std. err. adjusted for 57 clusters in country_code)
------------------------------------------------------------------------------
             |               Robust
        ln_y | Coefficient  std. err.      t    P>|t|     [95% conf. interval]
-------------+----------------------------------------------------------------
    tr_green |  -.0002835   .0004924    -0.58   0.567    -.0012698    .0007029
    tr_dirty |  -.0002309   .0003231    -0.71   0.478    -.0008781    .0004164
    td_green |   .0066311   .0061668     1.08   0.287    -.0057226    .0189848
    td_dirty |   .0020741   .0033515     0.62   0.539    -.0046398    .0087879
       _cons |   2.050695   .0003942  5201.66   0.000     2.049905    2.051484
------------------------------------------------------------------------------

Absorbed degrees of freedom:
-----------------------------------------------------+
 Absorbed FE | Categories  - Redundant  = Num. Coefs |
-------------+---------------------------------------|
         fpd |   3923548     3923548           0    *|
         fdt |   3077368     3077368           0    *|
          pt |     60233           1       60232     |
-----------------------------------------------------+
* = FE nested within cluster; treated as redundant for DoF computation
  [TREND] demeaning per boottest...
    boottest TREND_green...

Wild bootstrap-t, null imposed, 9999 replications, Wald test, bootstrap cluster
> ing by country_code, Rademacher weights:
  tr_green_dm

                           t(56) =    -0.5770
                        Prob>|t| =     0.6830

Wild bootstrap-t, null imposed, 9999 replications, Wald test, bootstrap cluster
> ing by country_code, Rademacher weights:
  tr_green_dm

                           t(56) =    -0.5770
                        Prob>|t| =     0.6830

95% confidence set for null hypothesis expression: [−.003353, .0009804]
    boottest TREND_dirty...

Wild bootstrap-t, null imposed, 9999 replications, Wald test, bootstrap cluster
> ing by country_code, Rademacher weights:
  tr_dirty_dm

                           t(56) =    -0.7160
                        Prob>|t| =     0.6069

Wild bootstrap-t, null imposed, 9999 replications, Wald test, bootstrap cluster
> ing by country_code, Rademacher weights:
  tr_dirty_dm

                           t(56) =    -0.7160
                        Prob>|t| =     0.6069

95% confidence set for null hypothesis expression: [−.001534, .001428]
  -> ln_export_value completato in 81.025483 minuti

. 
. di as result _n "=== FATTO. Output: $CSV_OUT ==="

=== FATTO. Output: C:\Work\projects\Paper_PTA/New/Output/TripleDiff/Tables_Stat
> a/cem_alldepvars_desta.csv ===

. cap log close _all
