-------------------------------------------------------------------------------
      name:  <unnamed>
       log:  C:\Work\projects\Paper_PTA/New/Output/Diagnostics/stata_logs/71_co
> 2_collapsed_alldepvars_inclHKMO.log
  log type:  text
 opened on:   6 Sep 2026, 19:35:51

. 
. global CSV_OUT "$ROOT/New/Output/TripleDiff/Tables_Stata/co2_collapsed_alldep
> vars$OUTSFX.csv"

. 
. capture confirm file "$CSV_OUT"

. if !_rc {
.     di as text "[71] $CSV_OUT gia' presente, salto."
.     cap log close _all
.     exit 0
. }

. 
. file open fh using "$CSV_OUT", write replace text
(file
    C:\Work\projects\Paper_PTA/New/Output/TripleDiff/Tables_Stata/co2_collaps
    > ed_alldepvars_inclHKMO.csv not found)

. file write fh "treat,term,coef,se_asy,p_asy,p_wcb,conf_low,conf_high,nobs,ncl
> ust,B,outcome" _n

. file close fh

. 
. capture program drop wrow

. program define wrow
  1.     args csv line
  2.     file open fh using "`csv'", write append text
  3.     file write fh `"`line'"' _n
  4.     file close fh
  5. end

. 
. cap which reghdfe

. if _rc ssc install reghdfe

. cap which boottest

. if _rc ssc install boottest

. 
. * --- Classificazioni ausiliarie (tempfile) ---------------------------------
> -
. import delimited "$ROOT/New/Data/Classifications/green_codes_hs1996.csv", cle
> ar
(encoding automatically selected: ISO-8859-2)
(7 vars, 248 obs)

. keep hs6_final

. rename hs6_final hs6

. duplicates drop hs6, force

Duplicates in terms of hs6

(2 observations deleted)

. gen byte env_good_new = 1

. tempfile green

. save `green'
file C:\Users\edodr\AppData\Local\Temp\ST_3b68_000001.tmp saved as .dta
    format

. 
. import delimited "$ROOT/New/Data/Classifications/co2_intensity_hs6.csv", clea
> r
(encoding automatically selected: ISO-8859-1)
(4 vars, 4,607 obs)

. keep hs6_int co2_total

. rename hs6_int hs6

. duplicates drop hs6, force

Duplicates in terms of hs6

(0 observations are duplicates)

. tempfile co2f

. save `co2f'
file C:\Users\edodr\AppData\Local\Temp\ST_3b68_000002.tmp saved as .dta
    format

. 
. import delimited "$DEPTHFILE", clear
(encoding automatically selected: ISO-8859-1)
(5 vars, 249 obs)

. keep country_code year $DEPTHVAR

. tempfile depth

. save `depth'
file C:\Users\edodr\AppData\Local\Temp\ST_3b68_000003.tmp saved as .dta
    format

. 
. global F_GREEN "`green'"

. global F_CO2   "`co2f'"

. global F_DEPTH "`depth'"

. 
. ************************************************************
. * Programma: stima CO2 collapsed per una outcome
. ************************************************************
. capture program drop co2_one_outcome

. program define co2_one_outcome
  1.     args raw_var outcome_label
  2. 
.     di as result _n "========================================================
> ===="
  3.     di as result "  CO2 collapsed: `outcome_label' ($PTA_DEPTH)"
  4.     di as result "========================================================
> ===="
  5. 
.     timer clear 1
  6.     timer on 1
  7. 
.     use `raw_var' WB_EP_Depth TREND_EP_Count hs6 country_code year ///
>         using "$ROOT/Data/Final Dataset/final_dataset_pta_env_indices_compres
> sed.dta", clear
  8. 
.     gen byte hkmo = inlist(country_code, 110, 121)
  9.     keep if $HKMOEXPR
 10.     drop hkmo
 11. 
.     drop if missing(`raw_var')
 12. 
.     if "`raw_var'" == "export" {
 13.         gen double y = ln(export)
 14.     }
 15.     else if "`raw_var'" == "exp_qua" {
 16.         gen double y = ln(exp_qua)
 17.     }
 18.     else if "`raw_var'" == "uv_exp" {
 19.         gen double y = ln(uv_exp)
 20.     }
 21.     drop if missing(y)
 22. 
.     collapse (mean) y (count) n=y (first) WB_EP_Depth TREND_EP_Count, ///
>         by(hs6 country_code year)
 23.     di "  Celle dopo collapse: " _N
 24. 
.     * Merge green
.     merge m:1 hs6 using "$F_GREEN", keep(master match)
 25.     drop _merge
 26.     replace env_good_new = 0 if missing(env_good_new)
 27. 
.     * Merge CO2 intensity
.     merge m:1 hs6 using "$F_CO2", keep(master match)
 28.     drop _merge
 29.     qui su co2_total
 30.     local mu = r(mean)
 31.     local sd = r(sd)
 32.     replace co2_total = `mu' if missing(co2_total)
 33.     gen double co2_z = (co2_total - `mu') / `sd'
 34.     drop co2_total
 35. 
.     * Merge depth
.     merge m:1 country_code year using "$F_DEPTH", keep(master match)
 36.     drop _merge
 37.     if $DROP_UNMEASURED {
 38.         drop if missing($DEPTHVAR) & WB_EP_Depth > 0
 39.     }
 40.     replace $DEPTHVAR = 0 if missing($DEPTHVAR)
 41. 
.     * FE collassati
.     egen long pd = group(hs6 country_code)
 42.     egen long dt = group(country_code year)
 43.     egen long pt = group(hs6 year)
 44. 
.     count
 45.     di "  Celle finali: " r(N)
 46. 
.     * --- Per ogni treat: reghdfe + FWL + boottest ---
.     foreach treat in WB TREND {
 47.         if "`treat'" == "WB"    local xv "WB_EP_Depth"
 48.         if "`treat'" == "TREND" local xv "TREND_EP_Count"
 49. 
.         cap drop ep_green ep_co2 td_green td_co2
 50.         qui gen double ep_green = `xv' * env_good_new
 51.         qui gen double ep_co2   = `xv' * co2_z
 52.         qui gen double td_green = $DEPTHVAR * env_good_new
 53.         qui gen double td_co2   = $DEPTHVAR * co2_z
 54. 
.         qui reghdfe y ep_green ep_co2 td_green td_co2 [aw=n], ///
>             absorb(pd dt pt) vce(cluster country_code)
 55.         local b_direct_ep_green = _b[ep_green]
 56.         local b_direct_ep_co2   = _b[ep_co2]
 57.         local NN  = e(N)
 58.         local NCL = e(N_clust)
 59. 
.         * FWL demeaning
.         foreach v in y ep_green ep_co2 td_green td_co2 {
 60.             cap drop `v'_dm
 61.             qui reghdfe `v' [aw=n], absorb(pd dt pt) residuals(`v'_dm) tol
> (1e-8)
 62.         }
 63.         qui reg y_dm ep_green_dm ep_co2_dm td_green_dm td_co2_dm [aw=n], /
> //
>             cluster(country_code) nocons
 64.         assert abs(_b[ep_green_dm] - `b_direct_ep_green') < 1e-6
 65.         assert abs(_b[ep_co2_dm] - `b_direct_ep_co2') < 1e-6
 66. 
.         foreach p in ep_green ep_co2 {
 67.             local b  = _b[`p'_dm]
 68.             local se = _se[`p'_dm]
 69.             local pa = 2 * ttail(`NCL'-1, abs(`b'/`se'))
 70.             set seed 42
 71.             cap boottest `p'_dm, reps(9999) cluster(country_code) nograph
 72.             if _rc {
 73.                 local pb = .
 74.                 local lo = .
 75.                 local hi = .
 76.             }
 77.             else {
 78.                 local pb = r(p)
 79.                 cap local lo = r(CI)[1,1]
 80.                 cap local hi = r(CI)[1,2]
 81.             }
 82.             di as res "  [CO2 `treat'] `p': coef=" %10.7f `b' "  p_wcb=" %
> 6.4f `pb'
 83.             wrow "$CSV_OUT" "`treat',`p',`b',`se',`pa',`pb',`lo',`hi',`NN'
> ,`NCL',9999,`outcome_label'"
 84.         }
 85.     }
 86. 
.     timer off 1
 87.     qui timer list 1
 88.     di as result "  -> `outcome_label' completato in " r(t1)/60 " minuti"
 89. end

. 
. ************************************************************
. * Esecuzione
. ************************************************************
. di as result _n "*** 71 — CO2 collapsed: tutte le dep var ***"

*** 71 — CO2 collapsed: tutte le dep var ***

. di as result "*** Depth: $PTA_DEPTH | Sample: $PTA_SAMPLE ***"
*** Depth: totaldepth | Sample: incl ***

. 
. co2_one_outcome export      ln_export

============================================================
  CO2 collapsed: ln_export (totaldepth)
============================================================
(0 observations deleted)
(9 observations deleted)
(22 missing values generated)
(22 observations deleted)
  Celle dopo collapse: 3862038

    Result                      Number of obs
    -----------------------------------------
    Not matched                     3,538,786
        from master                 3,538,786  (_merge==1)
        from using                          0  (_merge==2)

    Matched                           323,252  (_merge==3)
    -----------------------------------------
(3,538,786 real changes made)

    Result                      Number of obs
    -----------------------------------------
    Not matched                        93,776
        from master                    93,776  (_merge==1)
        from using                          0  (_merge==2)

    Matched                         3,768,262  (_merge==3)
    -----------------------------------------
(93,776 real changes made)

    Result                      Number of obs
    -----------------------------------------
    Not matched                     3,255,078
        from master                 3,255,078  (_merge==1)
        from using                          0  (_merge==2)

    Matched                           606,960  (_merge==3)
    -----------------------------------------
(3,255,078 real changes made)
  3,862,038
  Celle finali: 3862038
  [CO2 WB] ep_green: coef= 0.0004449  p_wcb=0.9615
  [CO2 WB] ep_co2: coef=-0.0048513  p_wcb=0.5290
  [CO2 TREND] ep_green: coef= 0.0008614  p_wcb=0.6981
  [CO2 TREND] ep_co2: coef=-0.0013551  p_wcb=0.0555
  -> ln_export completato in 10.841633 minuti

. co2_one_outcome exp_qua     ln_export_qua

============================================================
  CO2 collapsed: ln_export_qua (totaldepth)
============================================================
(0 observations deleted)
(9 observations deleted)
(337,259 missing values generated)
(337,259 observations deleted)
  Celle dopo collapse: 3853303

    Result                      Number of obs
    -----------------------------------------
    Not matched                     3,530,502
        from master                 3,530,502  (_merge==1)
        from using                          0  (_merge==2)

    Matched                           322,801  (_merge==3)
    -----------------------------------------
(3,530,502 real changes made)

    Result                      Number of obs
    -----------------------------------------
    Not matched                        93,596
        from master                    93,596  (_merge==1)
        from using                          0  (_merge==2)

    Matched                         3,759,707  (_merge==3)
    -----------------------------------------
(93,596 real changes made)

    Result                      Number of obs
    -----------------------------------------
    Not matched                     3,247,390
        from master                 3,247,390  (_merge==1)
        from using                          0  (_merge==2)

    Matched                           605,913  (_merge==3)
    -----------------------------------------
(3,247,390 real changes made)
  3,853,303
  Celle finali: 3853303
  [CO2 WB] ep_green: coef= 0.0066434  p_wcb=0.6352
  [CO2 WB] ep_co2: coef= 0.0001523  p_wcb=0.9897
  [CO2 TREND] ep_green: coef= 0.0012333  p_wcb=0.6385
  [CO2 TREND] ep_co2: coef=-0.0009627  p_wcb=0.1791
  -> ln_export_qua completato in 10.0642 minuti

. co2_one_outcome uv_exp      ln_export_value

============================================================
  CO2 collapsed: ln_export_value (totaldepth)
============================================================
(0 observations deleted)
(337,268 observations deleted)
(13 missing values generated)
(13 observations deleted)
  Celle dopo collapse: 3853303

    Result                      Number of obs
    -----------------------------------------
    Not matched                     3,530,502
        from master                 3,530,502  (_merge==1)
        from using                          0  (_merge==2)

    Matched                           322,801  (_merge==3)
    -----------------------------------------
(3,530,502 real changes made)

    Result                      Number of obs
    -----------------------------------------
    Not matched                        93,596
        from master                    93,596  (_merge==1)
        from using                          0  (_merge==2)

    Matched                         3,759,707  (_merge==3)
    -----------------------------------------
(93,596 real changes made)

    Result                      Number of obs
    -----------------------------------------
    Not matched                     3,247,390
        from master                 3,247,390  (_merge==1)
        from using                          0  (_merge==2)

    Matched                           605,913  (_merge==3)
    -----------------------------------------
(3,247,390 real changes made)
  3,853,303
  Celle finali: 3853303
  [CO2 WB] ep_green: coef=-0.0065228  p_wcb=0.2852
  [CO2 WB] ep_co2: coef=-0.0047804  p_wcb=0.2172
  [CO2 TREND] ep_green: coef=-0.0004640  p_wcb=0.5507
  [CO2 TREND] ep_co2: coef=-0.0004002  p_wcb=0.2435
  -> ln_export_value completato in 9.3896833 minuti

. 
. di as result _n "=== 71 FATTO. Output: $CSV_OUT ==="

=== 71 FATTO. Output: C:\Work\projects\Paper_PTA/New/Output/TripleDiff/Tables_S
> tata/co2_collapsed_alldepvars_inclHKMO.csv ===

. cap log close _all
