
  ___  ____  ____  ____  ____ ®
 /__    /   ____/   /   ____/      StataNow 19.5
___/   /   /___/   /   /___/       SE—Standard Edition

 Statistics and Data Science       Copyright 1985-2025 StataCorp LLC
                                   StataCorp
                                   4905 Lakeway Drive
                                   College Station, Texas 77845 USA
                                   800-782-8272        https://www.stata.com
                                   979-696-4600        service@stata.com

Stata license: Unlimited-user network, expiring 16 May 2027
Serial number: 401909302599
  Licensed to: Cristiano Santinello
               Università degli Studi di Trento

Notes:
      1. Stata is running in batch mode.
      2. Unicode is supported; see help unicode_advice.
      3. Maximum number of variables is set to 5,000 but can be increased;
          see help set_maxvar.

. do C:\Work\projects\Paper_PTA\New\Code\stata\17b_wcb_fullpanel.do 

. *****************************************************************************
> ***
. ****** 17b — Wild Cluster Bootstrap sulla SPEC PRINCIPALE, FULL PANEL       *
> *****
. *****************************************************************************
> ***
. * Author: Edoardo Vitella
. *
. * Cosa fa: wild cluster bootstrap (Cameron-Gelbach-Miller 2008; Roodman et al
> .
. * 2019) sulla stessa identica equazione della spec principale full-panel
. * (17_main_tripledd_fullpanel.do), cosi' il p-value WCB e' direttamente
. * comparabile a quello del panel collassato (20_wcb_collapsed.R) e alla riga
. * "full panel" della Tabella principale del paper.
. *
. *   ln_export ~ EP:green + EP:dirty + Depth:green + Depth:dirty
. *             | fpd + fdt + pt,  vce(cluster country_code)
. *
. * boottest gira DOPO reghdfe: le FE vengono residualizzate (FWL) una sola vol
> ta
. * — la stessa demeaning che reghdfe fa gia' per il point estimate in 17 — e i
> l
. * bootstrap opera sugli score aggregati per cluster (225 cluster). Il costo p
> er
. * draw e' O(cluster), non O(N): B=9999 e' fattibile una volta pagata la
. * residualizzazione. Native boottest dopo reghdfe gestisce correttamente il
. * fatto che pt NON e' nested nel cluster (a differenza dell'approssimazione
. * FW-una-volta usata sul collassato in R).
. *
. * VINCOLO: niente `compact` sulla reghdfe (boottest richiede il campione di
. * stima intatto) -> serve RAM per ~21,5M righe. Se la macchina non regge:
. * (a) abbassare $BREPS; (b) girare solo il blocco WB; (c) fallback FWL esplic
> ito
. * (reghdfe ..., residuals() su ciascuna variabile, poi regress+boottest senza
>  FE).
. *
. * ESECUZIONE BATCH (da PowerShell):
. *   "C:\Program Files\StataNow19\StataSE-64.exe" /e do "New\Code\stata\17b_wc
> b_fullpanel.do"
. * Output: New/Output/OLS[suffix]/Bootstrap/wcb_fullpanel[suffix].csv (+ .log 
> accanto)
. 
. clear all

. set more off

. set seed 42

. 
. * --- Percorsi radice per sistema operativo (come 17) -----------------------
. if c(os) == "Windows" {
.     global ROOT "C:\Work\projects\Paper_PTA"
. }

. if c(os) == "MacOSX" {
.     global ROOT "~/Documents/work/projects/Paper_PTA"
. }

. if c(os) == "Unix" {
.     global ROOT "~/work/projects/Paper_PTA"
. }

. 
. *-- Variante di campione e depth (identica a 17: tenere allineati i due file)
>  --
. global PTA_SAMPLE "excl"

. global PTA_DEPTH  "totaldepth"

. global BREPS      9999

. 
. * Asse 1 — campione HK/Macao
. if !inlist("$PTA_SAMPLE", "excl", "incl") {
.     di as error "PTA_SAMPLE deve essere excl o incl, trovato: $PTA_SAMPLE"
.     exit 198
. }

. if "$PTA_SAMPLE" == "incl" {
.     global HKMOEXPR "1"
.     global SFX "_inclHKMO"
. }

. else {
.     global HKMOEXPR "!hkmo"
.     global SFX ""
. }

. di "[campione] $PTA_SAMPLE"
[campione] excl

. 
. * Asse 2 — depth control
. if !inlist("$PTA_DEPTH", "totaldepth", "desta") {
.     di as error "PTA_DEPTH deve essere totaldepth o desta, trovato: $PTA_DEPT
> H"
.     exit 198
. }

. if "$PTA_DEPTH" == "desta" {
.     global DEPTHFILE "$ROOT/New/Data/TotalDepth/desta_depth_country_year.csv"
.     global DEPTHVAR  "desta_depth_index"
.     global DEPTHSFX  "_desta"
.     global DROP_UNMEASURED 1
. }

. else {
.     global DEPTHFILE "$ROOT/New/Data/TotalDepth/wb_totaldepth_country_year.cs
> v"
.     global DEPTHVAR  "totaldepth_nonenv"
.     global DEPTHSFX  ""
.     global DROP_UNMEASURED 0
. }

. global OUTSFX "$SFX$DEPTHSFX"

. di "[depth] $PTA_DEPTH ($DEPTHVAR) | suffisso output: '$OUTSFX'"
[depth] totaldepth (totaldepth_nonenv) | suffisso output: ''

. 
. * --- Cache: salta tutto se il CSV finale esiste gia' -----------------------
> -
. cap mkdir "$ROOT/New/Output/OLS$OUTSFX"

. cap mkdir "$ROOT/New/Output/OLS$OUTSFX/Bootstrap"

. global OUTCSV "$ROOT/New/Output/OLS$OUTSFX/Bootstrap/wcb_fullpanel$OUTSFX.csv
> "

. cap confirm file "$OUTCSV"

. if !_rc {
.     di "[cache] $OUTCSV gia' presente - niente da fare."
.     exit 0
. }

. 
. * --- dipendenze ------------------------------------------------------------
> -
. cap which reghdfe

. if _rc ssc install reghdfe

. cap which ftools

. if _rc ssc install ftools

. cap which boottest

. if _rc ssc install boottest
checking boottest consistency and verifying not already installed...
installing into C:\Users\edodr\ado\plus\...
installation complete.

. 
. *── 1. Liste ausiliarie (identiche a 17) ────────────────────────────────────
. import delimited "$ROOT/New/Data/Classifications/green_codes_hs1996.csv", cle
> ar
(encoding automatically selected: ISO-8859-2)
(7 vars, 248 obs)

. keep hs6_final

. rename hs6_final hs6

. duplicates drop hs6, force

Duplicates in terms of hs6

(2 observations deleted)

. gen byte env_good_new = 1

. tempfile green

. save `green'
file C:\Users\edodr\AppData\Local\Temp\ST_4e34_000001.tmp saved as .dta
    format

. 
. import delimited "$ROOT/New/Data/Classifications/dirty_goods_hs6.csv", clear
(encoding automatically selected: ISO-8859-2)
(3 vars, 1,139 obs)

. keep hs6 dirty

. rename dirty dirty_p

. tempfile dirty

. save `dirty'
file C:\Users\edodr\AppData\Local\Temp\ST_4e34_000002.tmp saved as .dta
    format

. 
. import delimited "$DEPTHFILE", clear
(encoding automatically selected: ISO-8859-1)
(5 vars, 249 obs)

. keep country_code year $DEPTHVAR

. tempfile depth

. save `depth'
file C:\Users\edodr\AppData\Local\Temp\ST_4e34_000003.tmp saved as .dta
    format

. 
. *── 2. Panel: solo le variabili necessarie (come 17) ────────────────────────
. use ln_export WB_EP_Depth TREND_EP_Count hs6 country_code year fpd fdt pt ///
>     using "$ROOT/Data/Final Dataset/final_dataset_pta_env_indices_compressed.
> dta", clear

. gen byte hkmo = inlist(country_code, 110, 121)

. keep if $HKMOEXPR
(3,464,093 observations deleted)

. 
. merge m:1 hs6 using `green', keep(master match) nogen

    Result                      Number of obs
    -----------------------------------------
    Not matched                    40,499,383
        from master                40,499,383  
        from using                          0  

    Matched                         5,281,828  
    -----------------------------------------

. replace env_good_new = 0 if missing(env_good_new)
(40,499,383 real changes made)

. merge m:1 hs6 using `dirty', keep(master match) nogen

    Result                      Number of obs
    -----------------------------------------
    Not matched                    42,166,299
        from master                42,166,299  
        from using                          0  

    Matched                         3,614,912  
    -----------------------------------------

. replace dirty_p = 0 if missing(dirty_p)
(42,166,299 real changes made)

. merge m:1 country_code year using `depth', keep(master match) nogen

    Result                      Number of obs
    -----------------------------------------
    Not matched                    36,496,372
        from master                36,496,372  
        from using                          0  

    Matched                         9,284,839  
    -----------------------------------------

. if $DROP_UNMEASURED {
.     drop if missing($DEPTHVAR) & WB_EP_Depth > 0
. }

. replace $DEPTHVAR = 0 if missing($DEPTHVAR)
(36,496,372 real changes made)

. 
. count
  45,781,211

. di "Righe: " r(N)
Righe: 45781211

. 
. * interazioni esplicite (identiche a 17)
. gen double wb_green = WB_EP_Depth    * env_good_new

. gen double wb_dirty = WB_EP_Depth    * dirty_p

. gen double tr_green = TREND_EP_Count * env_good_new

. gen double tr_dirty = TREND_EP_Count * dirty_p

. gen double td_green = $DEPTHVAR * env_good_new

. gen double td_dirty = $DEPTHVAR * dirty_p

. drop WB_EP_Depth TREND_EP_Count env_good_new dirty_p $DEPTHVAR hs6

. 
. *── 3. Raccolta risultati via postfile ──────────────────────────────────────
. tempname pf

. postfile `pf' str16 spec double coef double p_wcb double ci_low double ci_hig
> h ///
>     double nobs double nclust double breps using "$ROOT/New/Output/OLS$OUTSFX
> /Bootstrap/_wcb_fullpanel_tmp$OUTSFX.dta", replace
(file
    C:\Work\projects\Paper_PTA/New/Output/OLS/Bootstrap/_wcb_fullpanel_tmp.dt
    > a not found)

. 
. * helper: dopo un boottest, salva la riga. Chiamare con il nome del parametro
> .
. * (boottest lascia r(p) e r(CI); il coef viene da _b[] della reghdfe corrente
> )
. 
. *── 3a. WB: reghdfe (NO compact) + boottest su green e dirty ────────────────
> ─
. * NB: niente `compact` - boottest richiede il campione di stima intatto.
. reghdfe ln_export wb_green wb_dirty td_green td_dirty, ///
>     absorb(fpd fdt pt) vce(cluster country_code)
(dropped 2.43e+07 singleton observations)
(MWFE estimator converged in 89 iterations)

HDFE Linear regression                            Number of obs   = 21,519,511
Absorbing 3 HDFE groups                           F(   4,    224) =       1.20
Statistics robust to heteroskedasticity           Prob > F        =     0.3108
                                                  R-squared       =     0.8734
                                                  Adj R-squared   =     0.7440
                                                  Within R-sq.    =     0.0000
Number of clusters (country_code) =        225    Root MSE        =     1.3334

                         (Std. err. adjusted for 225 clusters in country_code)
------------------------------------------------------------------------------
             |               Robust
   ln_export | Coefficient  std. err.      t    P>|t|     [95% conf. interval]
-------------+----------------------------------------------------------------
    wb_green |  -.0022564   .0039258    -0.57   0.566    -.0099927    .0054799
    wb_dirty |  -.0043521   .0022268    -1.95   0.052    -.0087403    .0000361
    td_green |   .0000608    .000104     0.58   0.560    -.0001441    .0002657
    td_dirty |   .0001875   .0000963     1.95   0.053    -2.21e-06    .0003772
       _cons |   9.573249   .0003564  2.7e+04   0.000     9.572547    9.573951
------------------------------------------------------------------------------

Absorbed degrees of freedom:
-----------------------------------------------------+
 Absorbed FE | Categories  - Redundant  = Num. Coefs |
-------------+---------------------------------------|
         fpd |   6181372     6181372           0    *|
         fdt |   4631458     4631458           0    *|
          pt |     64508           1       64507     |
-----------------------------------------------------+
* = FE nested within cluster; treated as redundant for DoF computation

. local Nwb   = e(N)

. local Gwb   = e(N_clust)

. local b_wbg = _b[wb_green]

. local b_wbd = _b[wb_dirty]

. 
. boottest wb_green, reps($BREPS) cluster(country_code) seed(42) nograph
Doesn't work after reghdfe with more than one set of absorbed fixed effects or 
> with absorbed interaction terms

. matrix CI = r(CI)

. post `pf' ("WB_green") (`b_wbg') (r(p)) (CI[1,1]) (CI[1,2]) (`Nwb') (`Gwb') (
> $BREPS)

. 
. boottest wb_dirty, reps($BREPS) cluster(country_code) seed(42) nograph
Doesn't work after reghdfe with more than one set of absorbed fixed effects or 
> with absorbed interaction terms

. matrix CI = r(CI)

. post `pf' ("WB_dirty") (`b_wbd') (r(p)) (CI[1,1]) (CI[1,2]) (`Nwb') (`Gwb') (
> $BREPS)

. 
. *── 3b. TREND: reghdfe (NO compact) + boottest su green e dirty ─────────────
> ─
. cap noisily reghdfe ln_export tr_green tr_dirty td_green td_dirty, ///
>     absorb(fpd fdt pt) vce(cluster country_code)
(dropped 2.43e+07 singleton observations)
