
  ___  ____  ____  ____  ____ ®
 /__    /   ____/   /   ____/      StataNow 19.5
___/   /   /___/   /   /___/       SE—Standard Edition

 Statistics and Data Science       Copyright 1985-2025 StataCorp LLC
                                   StataCorp
                                   4905 Lakeway Drive
                                   College Station, Texas 77845 USA
                                   800-782-8272        https://www.stata.com
                                   979-696-4600        service@stata.com

Stata license: Unlimited-user network, expiring 16 May 2027
Serial number: 401909302599
  Licensed to: Cristiano Santinello
               Università degli Studi di Trento

Notes:
      1. Stata is running in batch mode.
      2. Unicode is supported; see help unicode_advice.
      3. Maximum number of variables is set to 5,000 but can be increased;
          see help set_maxvar.

. do C:\Work\projects\Paper_PTA\New\Code\stata\58_stability_fullpanel.do incl d
> esta 

. *****************************************************************************
> ***
. ****** 58 — Stability sui sotto-campioni, FULL PANEL (Stata, reghdfe)     ***
> ***
. *****************************************************************************
> ***
. * Author: Edoardo Vitella
. *
. * Replica in Stata di 24_stability_controlgroups.R (che gira in R sul full pa
> nel
. * con FE fpd+fdt+pt). Chiude il warning W1 dell'audit 2026-08-23: le spec
. * "stability" di 52_omnibus_collapsed.do girano sul panel COLLASSATO con FE
. * pd+dt+pt, quindi NON verificano i numeri della tabella del paper —
. * l'equivalenza collassato/micro vale solo a parita' di effetti fissi.
. *
. * SPEC (identica a 24.R):
. *   ln_export ~ EP:env_good + EP:dirty_p + TD:env_good + TD:dirty_p
. *              | fpd + fdt + pt,  vce(cluster country_code),  NON pesata
. *   HK/Macao esclusi. env_good ricalcolata dalla lista green HS1996 (05),
. *   dirty da (06), TotalDepth da (08) — stessa igiene di 17/18.
. *
. * SOTTO-CAMPIONI (3 gruppi x 2 indici = 6 stime):
. *   prodHS4     -> solo hs6 con in_HS4match (non-verdi nella stessa HS4)
. *   deepshallow -> solo paesi PTA (group deep o shallow)
. *   cem_v1      -> solo paesi nel campione CEM v1
. *
. * Una passata di caricamento per gruppo: il sotto-campione si applica subito
. * dopo la use, cosi' il footprint RAM resta sotto quello di 18.do.
. * Cache per stima (.dta): rilanciabile senza rifare nulla.
. *
. * Output: New/Output/TripleDiff/Tables_Stata/STAB_<gruppo>_<treat>{sfx}.dta (
> 6)
. *         New/Output/TripleDiff/Tables_Stata/stability_fullpanel_reghdfe{sfx}
> .csv
. *
. * PARAMETRI (posizionali; senza argomenti riproduce ESATTAMENTE il baseline)
. *   1  VSAMPLE  excl | incl        HK/Macao esclusi (default) o inclusi
. *   2  VDEPTH   totaldepth | desta quale indice di profondita' fa da controll
> o
. *
. * DUE TRAPPOLE DISINNESCATE NEL PARAMETRIZZARE (26-27/08). Vanno lasciate cos
> i':
. *
. *   (a) I .dta di cache si chiamavano STAB_<gruppo>_<treat>.dta, SENZA suffis
> so di
. *       variante. Il salto "gia' presente" li avrebbe trovati e la seconda va
> riante
. *       si sarebbe dichiarata completa senza stimare nulla, producendo quattr
> o
. *       colonne identiche al baseline. Ora il nome porta $SFX (vuoto sul base
> line,
. *       quindi i file gia' calcolati restano validi).
. *
. *   (b) L'assemblaggio usava il glob `dir "$TAB" files "STAB_*.dta"', che con
>  i
. *       suffissi avrebbe raccolto i file di TUTTE le varianti impilandoli in 
> una
. *       tabella sola. Ora i sei file attesi sono elencati esplicitamente: uno
. *       mancante e' un errore dichiarato, non una tabella piu' corta.
. *
. *   Entrambe fallivano in silenzio, cioe' producendo numeri plausibili e sbag
> liati.
. *
. * ESECUZIONE BATCH (da PowerShell, root progetto — batch notturno):
. *   & "C:\Program Files\StataNow19\StataSE-64.exe" /e do "New\Code\stata\58_s
> tability_fullpanel.do"
. *   & "C:\Program Files\StataNow19\StataSE-64.exe" /e do "New\Code\stata\58_s
> tability_fullpanel.do" incl desta
. 
. clear all

. set more off

. set varabbrev off

. if c(os) == "Windows" {
.     global ROOT "C:\Work\projects\Paper_PTA"
. }

. if c(os) == "MacOSX" {
.     global ROOT "~/Documents/work/projects/Paper_PTA"
. }

. if c(os) == "Unix" {
.     global ROOT "~/work/projects/Paper_PTA"
. }

. global DTA  "$ROOT\Data\Final Dataset\final_dataset_pta_env_indices_compresse
> d.dta"

. global TAB  "$ROOT\New\Output\TripleDiff\Tables_Stata"

. 
. *── VARIANTE (campione x controllo di profondita') ──────────────────────────
> ──
. global VSAMPLE "excl"

. global VDEPTH  "totaldepth"

. if "`1'" != "" global VSAMPLE "`1'"

. if "`2'" != "" global VDEPTH  "`2'"

. if !inlist("$VSAMPLE", "excl", "incl") | !inlist("$VDEPTH", "totaldepth", "de
> sta") {
.     di as error "Parametri non validi: $VSAMPLE / $VDEPTH"
.     exit 198
. }

. local s1 = cond("$VSAMPLE" == "incl",  "_inclHKMO", "")

. local s2 = cond("$VDEPTH"  == "desta", "_desta",    "")

. global SFX "`s1'`s2'"

. di as text _n "=== Stability full panel | campione=$VSAMPLE | depth=$VDEPTH |
>  suffisso=$SFX ==="

=== Stability full panel | campione=incl | depth=desta | suffisso=_inclHKMO_des
> ta ===

. 
. cap mkdir "$ROOT\New\Output\Diagnostics\stata_logs"

. cap log close _all

. log using "$ROOT\New\Output\Diagnostics\stata_logs\58_stability_fullpanel$SFX
> .log", replace text
-------------------------------------------------------------------------------
      name:  <unnamed>
       log:  C:\Work\projects\Paper_PTA\New\Output\Diagnostics\stata_logs\58_st
> ability_fullpanel_inclHKMO_desta.log
  log type:  text
 opened on:   2 Sep 2026, 19:48:50

. 
. cap which reghdfe

. if _rc ssc install reghdfe

. cap which ftools

. if _rc ssc install ftools

. cap which regsave

. if _rc ssc install regsave

. 
. cap mkdir "$ROOT\New\Output\TripleDiff"

. cap mkdir "$TAB"

. 
. *── Liste ausiliarie (tempfile: persistono per tutta la sessione) ───────────
> ───
. import delimited "$ROOT\New\Data\Classifications\green_codes_hs1996.csv", cle
> ar
(encoding automatically selected: ISO-8859-2)
(7 vars, 248 obs)

. keep hs6_final

. rename hs6_final hs6

. capture destring hs6, replace

. duplicates drop hs6, force

Duplicates in terms of hs6

(2 observations deleted)

. gen byte env_good_new = 1

. tempfile green

. save `green'
file C:\Users\edodr\AppData\Local\Temp\ST_240c_000001.tmp saved as .dta
    format

. global F_GREEN "`green'"

. 
. import delimited "$ROOT\New\Data\Classifications\dirty_goods_hs6.csv", clear
(encoding automatically selected: ISO-8859-2)
(3 vars, 1,139 obs)

. keep hs6 dirty

. rename dirty dirty_p

. duplicates drop hs6, force

Duplicates in terms of hs6

(0 observations are duplicates)

. tempfile dirty

. save `dirty'
file C:\Users\edodr\AppData\Local\Temp\ST_240c_000002.tmp saved as .dta
    format

. global F_DIRTY "`dirty'"

. 
. * Controllo di profondita': WB TotalDepth (default) o DESTA. Stessa chiave
. * paese-anno; il nome della colonna cambia, quindi lo si tiene in $DEPTHCOL e
>  il
. * resto del codice non nomina mai una delle due direttamente.
. if "$VDEPTH" == "totaldepth" {
.     import delimited "$ROOT\New\Data\TotalDepth\wb_totaldepth_country_year.cs
> v", clear
.     keep country_code year totaldepth_nonenv
.     global DEPTHCOL "totaldepth_nonenv"
. }

. else {
.     import delimited "$ROOT\New\Data\TotalDepth\desta_depth_country_year.csv"
> , clear
(encoding automatically selected: ISO-8859-1)
(5 vars, 239 obs)
.     keep country_code year desta_depth_index
.     global DEPTHCOL "desta_depth_index"
. }

. count
  239

. di as text "profondita' ($DEPTHCOL): " r(N) " coppie paese-anno"
profondita' (desta_depth_index): 239 coppie paese-anno

. tempfile depth

. save `depth'
file C:\Users\edodr\AppData\Local\Temp\ST_240c_000003.tmp saved as .dta
    format

. global F_DEPTH "`depth'"

. 
. * prodHS4: hs6 da tenere
. import delimited "$ROOT\New\Data\Subsamples\flag_prodHS4.csv", clear
(encoding automatically selected: ISO-8859-2)
(5 vars, 5,008 obs)

. keep if in_hs4match == "TRUE" | in_hs4match == "1"
(4,410 observations deleted)

. keep hs6

. duplicates drop hs6, force

Duplicates in terms of hs6

(0 observations are duplicates)

. gen byte keep_hs4 = 1

. count
  598

. di as text "prodHS4: " r(N) " hs6 da tenere"
prodHS4: 598 hs6 da tenere

. tempfile hs4

. save `hs4'
file C:\Users\edodr\AppData\Local\Temp\ST_240c_000004.tmp saved as .dta
    format

. global F_HS4 "`hs4'"

. 
. * deepshallow: country_code da tenere
. import delimited "$ROOT\New\Data\Subsamples\flag_deepshallow.csv", clear
(encoding automatically selected: ISO-8859-1)
(4 vars, 239 obs)

. keep if inlist(group, "deep", "shallow")
(214 observations deleted)

. keep country_code

. duplicates drop country_code, force

Duplicates in terms of country_code

(0 observations are duplicates)

. gen byte keep_ds = 1

. count
  25

. di as text "deepshallow: " r(N) " paesi da tenere"
deepshallow: 25 paesi da tenere

. tempfile ds

. save `ds'
file C:\Users\edodr\AppData\Local\Temp\ST_240c_000005.tmp saved as .dta
    format

. global F_DS "`ds'"

. 
. * CEM v1: country_code da tenere (da 12_cem_matching_stata.do)
. use "$ROOT\New\Output\CEM_stata\cem_v1_cc.dta", clear

. gen byte keep_cem = 1

. count
  59

. di as text "cem_v1: " r(N) " paesi da tenere"
cem_v1: 59 paesi da tenere

. tempfile cem

. save `cem'
file C:\Users\edodr\AppData\Local\Temp\ST_240c_000006.tmp saved as .dta
    format

. global F_CEM "`cem'"

. 
. *****************************************************************************
> ***
. ** Program: carica il full panel, applica il filtro del gruppo, stima WB+TREN
> D
. *****************************************************************************
> ***
. capture program drop run_stability_group

. program define run_stability_group
  1.     args grp
  2. 
.     * Skip se entrambe le stime del gruppo sono gia' su disco.
.     * $SFX e' indispensabile qui: senza, la variante 2 troverebbe i file del
.     * baseline e si dichiarerebbe completa senza stimare (vedi trappola (a)).
.     cap confirm file "$TAB\STAB_`grp'_WB$SFX.dta"
  3.     local rc_wb = _rc
  4.     cap confirm file "$TAB\STAB_`grp'_TREND$SFX.dta"
  5.     local rc_tr = _rc
  6.     if `rc_wb' == 0 & `rc_tr' == 0 {
  7.         di as text "  SKIP `grp' (entrambe le stime presenti)"
  8.         exit 0
  9.     }
 10. 
.     di as text _n "########## GRUPPO: `grp' ##########"
 11.     use ln_export WB_EP_Depth TREND_EP_Count hs6 country_code year fpd fdt
>  pt ///
>         using "$DTA", clear
 12. 
.     * HK/Macao: esclusi nella spec principale, tenuti nella variante `incl'
.     if "$VSAMPLE" == "excl" {
 13.         gen byte hkmo = inlist(country_code, 110, 121)
 14.         keep if !hkmo
 15.         drop hkmo
 16.     }
 17. 
.     * Filtro del gruppo, applicato subito per contenere la RAM
.     if "`grp'" == "prodHS4" {
 18.         merge m:1 hs6 using "$F_HS4", keep(master match) nogen
 19.         keep if keep_hs4 == 1
 20.         drop keep_hs4
 21.     }
 22.     if "`grp'" == "deepshallow" {
 23.         merge m:1 country_code using "$F_DS", keep(master match) nogen
 24.         keep if keep_ds == 1
 25.         drop keep_ds
 26.     }
 27.     if "`grp'" == "cem_v1" {
 28.         merge m:1 country_code using "$F_CEM", keep(master match) nogen
 29.         keep if keep_cem == 1
 30.         drop keep_cem
 31.     }
 32.     count
 33.     di as text "  righe dopo filtro: " r(N)
 34. 
.     * Classificazioni ricalcolate (come 24.R, 17.do, 18.do)
.     merge m:1 hs6 using "$F_GREEN", keep(master match)
 35.     qui count if _merge == 3
 36.     di as text "  [merge green] righe appaiate: " r(N)
 37.     drop _merge
 38.     replace env_good_new = 0 if missing(env_good_new)
 39.     merge m:1 hs6 using "$F_DIRTY", keep(master match)
 40.     qui count if _merge == 3
 41.     di as text "  [merge dirty] righe appaiate: " r(N)
 42.     drop _merge
 43.     replace dirty_p = 0 if missing(dirty_p)
 44.     merge m:1 country_code year using "$F_DEPTH", keep(master match)
 45.     qui count if _merge == 3
 46.     di as text "  [merge depth] righe appaiate: " r(N)
 47.     drop _merge
 48.     * DESTA: le celle TRATTATE senza copertura si eliminano, le altre vann
> o a 0
.     * (stessa regola di 52 blocco 7, 63 e 65)
.     if "$VDEPTH" == "desta" {
 49.         qui count
 50.         local n0 = r(N)
 51.         drop if missing($DEPTHCOL) & WB_EP_Depth > 0
 52.         qui count
 53.         di as text "  [desta] celle trattate senza copertura eliminate: " 
> `n0' - r(N)
 54.     }
 55.     replace $DEPTHCOL = 0 if missing($DEPTHCOL)
 56.     drop hs6
 57. 
.     su env_good_new, meanonly
 58.     di as text "  green: " 100*r(mean) "%"
 59.     su dirty_p, meanonly
 60.     di as text "  dirty: " 100*r(mean) "%"
 61. 
.     gen double td_green = $DEPTHCOL * env_good_new
 62.     gen double td_dirty = $DEPTHCOL * dirty_p
 63. 
.     foreach treat in WB TREND {
 64.         local out_file "$TAB\STAB_`grp'_`treat'$SFX.dta"
 65.         cap confirm file "`out_file'"
 66.         if _rc {
 67.             local xvar = cond("`treat'" == "WB", "WB_EP_Depth", "TREND_EP_
> Count")
 68.             cap drop ep_green ep_dirty
 69.             gen double ep_green = `xvar' * env_good_new
 70.             gen double ep_dirty = `xvar' * dirty_p
 71.             di as text "  [`grp' `treat'] reghdfe fpd+fdt+pt..."
 72.             cap noisily reghdfe ln_export ep_green ep_dirty td_green td_di
> rty, ///
>                 absorb(fpd fdt pt) vce(cluster country_code) compact
 73.             if !_rc {
 74.                 regsave using "`out_file'", tstat pval ci replace ///
>                     addlabel(spec, stability, groupname, `grp', treat, `treat
> ', ///
>                              sample, $VSAMPLE, depth, $VDEPTH, ///
>                              source, reghdfe_stata_58)
 75.                 di as text "  [OK] STAB_`grp'_`treat'$SFX.dta"
 76.             }
 77.             else di as error "  [FALLITO] STAB_`grp'_`treat'"
 78.         }
 79.         else di as text "  SKIP `grp'_`treat' (gia' presente)"
 80.     }
 81. end

. 
. *── Esecuzione: dal gruppo piu' piccolo al piu' grande ──────────────────────
> ───
. run_stability_group prodHS4
  SKIP prodHS4 (entrambe le stime presenti)

. run_stability_group deepshallow
  SKIP deepshallow (entrambe le stime presenti)

. run_stability_group cem_v1

########## GRUPPO: cem_v1 ##########

    Result                      Number of obs
    -----------------------------------------
    Not matched                    17,251,584
        from master                17,251,584  
        from using                          0  

    Matched                        31,993,720  
    -----------------------------------------
(17,251,584 observations deleted)
  31,993,720
  righe dopo filtro: 31993720

    Result                      Number of obs
    -----------------------------------------
    Not matched                    28,419,367
        from master                28,419,367  (_merge==1)
        from using                          0  (_merge==2)

    Matched                         3,574,353  (_merge==3)
    -----------------------------------------
  [merge green] righe appaiate: 3574353
(28,419,367 real changes made)

    Result                      Number of obs
    -----------------------------------------
    Not matched                    29,529,992
        from master                29,529,992  (_merge==1)
        from using                          0  (_merge==2)

    Matched                         2,463,728  (_merge==3)
    -----------------------------------------
  [merge dirty] righe appaiate: 2463728
(29,529,992 real changes made)

    Result                      Number of obs
    -----------------------------------------
    Not matched                    22,030,475
        from master                22,030,475  (_merge==1)
        from using                          0  (_merge==2)

    Matched                         9,963,245  (_merge==3)
    -----------------------------------------
  [merge depth] righe appaiate: 9963245
(220,552 observations deleted)
  [desta] celle trattate senza copertura eliminate: 220552
(21,809,923 real changes made)
  green: 11.202056%
  dirty: 6.8866315%
  [cem_v1 WB] reghdfe fpd+fdt+pt...
(dropped 1.59e+07 singleton observations)
(MWFE estimator converged in 91 iterations)

HDFE Linear regression                            Number of obs   = 15,856,111
Absorbing 3 HDFE groups                           F(   4,     58) =       1.29
Statistics robust to heteroskedasticity           Prob > F        =     0.2857
                                                  R-squared       =     0.8696
                                                  Adj R-squared   =     0.7400
                                                  Within R-sq.    =     0.0000
Number of clusters (country_code) =         59    Root MSE        =     1.3570

                          (Std. err. adjusted for 59 clusters in country_code)
------------------------------------------------------------------------------
             |               Robust
   ln_export | Coefficient  std. err.      t    P>|t|     [95% conf. interval]
-------------+----------------------------------------------------------------
    ep_green |  -.0016665   .0033003    -0.50   0.616    -.0082727    .0049398
    ep_dirty |  -.0046193   .0025231    -1.83   0.072    -.0096697    .0004312
    td_green |   .0036977    .005313     0.70   0.489    -.0069373    .0143328
    td_dirty |   .0122985   .0070684     1.74   0.087    -.0018504    .0264473
       _cons |   9.601898   .0005661  1.7e+04   0.000     9.600765    9.603032
------------------------------------------------------------------------------

Absorbed degrees of freedom:
-----------------------------------------------------+
 Absorbed FE | Categories  - Redundant  = Num. Coefs |
-------------+---------------------------------------|
         fpd |   4482638     4482638           0    *|
         fdt |   3356767     3356767           0    *|
          pt |     62807           1       62806     |
-----------------------------------------------------+
* = FE nested within cluster; treated as redundant for DoF computation
(file
    C:\Work\projects\Paper_PTA\New\Output\TripleDiff\Tables_Stata\STAB_cem_v1
    > _WB_inclHKMO_desta.dta not found)
file
    C:\Work\projects\Paper_PTA\New\Output\TripleDiff\Tables_Stata\STAB_cem_v1
    > _WB_inclHKMO_desta.dta saved
  [OK] STAB_cem_v1_WB_inclHKMO_desta.dta
  [cem_v1 TREND] reghdfe fpd+fdt+pt...
(dropped 1.59e+07 singleton observations)
(MWFE estimator converged in 91 iterations)

HDFE Linear regression                            Number of obs   = 15,856,111
Absorbing 3 HDFE groups                           F(   4,     58) =       0.74
Statistics robust to heteroskedasticity           Prob > F        =     0.5706
                                                  R-squared       =     0.8696
                                                  Adj R-squared   =     0.7400
                                                  Within R-sq.    =     0.0000
Number of clusters (country_code) =         59    Root MSE        =     1.3570

                          (Std. err. adjusted for 59 clusters in country_code)
------------------------------------------------------------------------------
             |               Robust
   ln_export | Coefficient  std. err.      t    P>|t|     [95% conf. interval]
-------------+----------------------------------------------------------------
    ep_green |  -.0006861   .0010048    -0.68   0.497    -.0026974    .0013251
    ep_dirty |  -.0012455   .0007716    -1.61   0.112      -.00279    .0002989
    td_green |   .0060901   .0073664     0.83   0.412    -.0086553    .0208354
    td_dirty |   .0137522   .0086838     1.58   0.119    -.0036304    .0311348
       _cons |   9.601326   .0007396  1.3e+04   0.000     9.599846    9.602807
------------------------------------------------------------------------------

Absorbed degrees of freedom:
-----------------------------------------------------+
 Absorbed FE | Categories  - Redundant  = Num. Coefs |
-------------+---------------------------------------|
         fpd |   4482638     4482638           0    *|
         fdt |   3356767     3356767           0    *|
          pt |     62807           1       62806     |
-----------------------------------------------------+
* = FE nested within cluster; treated as redundant for DoF computation
(file
    C:\Work\projects\Paper_PTA\New\Output\TripleDiff\Tables_Stata\STAB_cem_v1
    > _TREND_inclHKMO_desta.dta not found)
file
    C:\Work\projects\Paper_PTA\New\Output\TripleDiff\Tables_Stata\STAB_cem_v1
    > _TREND_inclHKMO_desta.dta saved
  [OK] STAB_cem_v1_TREND_inclHKMO_desta.dta

. 
. *── Assemblaggio tabella finale ─────────────────────────────────────────────
> ───
. di as text _n "########## ASSEMBLAGGIO ##########"

########## ASSEMBLAGGIO ##########

. * I sei file attesi si ELENCANO, non si cercano con un glob: `STAB_*.dta'
. * raccoglierebbe anche le altre varianti e le impilerebbe qui dentro senza un
. * avviso (trappola (b)). Cosi' invece un file mancante ferma l'assemblaggio.
. clear

. local first = 1

. local mancanti ""

. foreach grp in prodHS4 deepshallow cem_v1 {
  2.     foreach treat in WB TREND {
  3.         local f "$TAB\STAB_`grp'_`treat'$SFX.dta"
  4.         cap confirm file "`f'"
  5.         if _rc {
  6.             local mancanti "`mancanti' `grp'_`treat'"
  7.             continue
  8.         }
  9.         if `first' {
 10.             use "`f'", clear
 11.             local first = 0
 12.         }
 13.         else append using "`f'"
 14.     }
 15. }
(variable treat was str2, now str5 to accommodate using data's values)
(variable groupname was str7, now str11 to accommodate using data's values)

. if "`mancanti'" != "" {
.     di as error "Stime mancanti:`mancanti'"
.     di as error "Assemblaggio interrotto: una tabella parziale sembrerebbe co
> mpleta."
.     exit 9
. }

. export delimited "$TAB\stability_fullpanel_reghdfe$SFX.csv", replace
(file
    C:\Work\projects\Paper_PTA\New\Output\TripleDiff\Tables_Stata\stability_f
    > ullpanel_reghdfe_inclHKMO_desta.csv not found)
file C:\Work\projects\Paper_PTA\New\Output\TripleDiff\Tables_Stata\stability_fu
> llpanel_reghdfe_inclHKMO_desta.csv saved

. di as result "[OK] stability_fullpanel_reghdfe$SFX.csv — " _N " righe"
[OK] stability_fullpanel_reghdfe_inclHKMO_desta.csv — 30 righe

. if "$SFX" == "" {
.     di as text "Confronto con R: New/Output/TripleDiff/Tables/tripledd_stabil
> ity.csv"
.     di as text "  atteso prodHS4 WB green -0.00090 | deepshallow -0.00222 | c
> em_v1 -0.00228"
. }

. else di as text "Confronto con R: New/Output/TripleDiff/Tables/tripledd_stabi
> lity$SFX.csv"
Confronto con R: New/Output/TripleDiff/Tables/tripledd_stability_inclHKMO_desta
> .csv

. 
. di as result _n "=== S8 (stability full panel) COMPLETATO ==="

=== S8 (stability full panel) COMPLETATO ===

. 
. cap log close _all

. 
end of do-file
