
  ___  ____  ____  ____  ____ ®
 /__    /   ____/   /   ____/      StataNow 19.5
___/   /   /___/   /   /___/       SE—Standard Edition

 Statistics and Data Science       Copyright 1985-2025 StataCorp LLC
                                   StataCorp
                                   4905 Lakeway Drive
                                   College Station, Texas 77845 USA
                                   800-782-8272        https://www.stata.com
                                   979-696-4600        service@stata.com

Stata license: Unlimited-user network, expiring 16 May 2027
Serial number: 401909302599
  Licensed to: Cristiano Santinello
               Università degli Studi di Trento

Notes:
      1. Stata is running in batch mode.
      2. Unicode is supported; see help unicode_advice.
      3. Maximum number of variables is set to 5,000 but can be increased;
          see help set_maxvar.

. do New\Code\stata\65_ppml_variants.do 

. *****************************************************************************
> ***
. ****** 65 - PPML margine estensivo: VARIANTI di campione/profondita'       **
> ****
. *****************************************************************************
> ***
. * Author: Edoardo Vitella
. * Prerequisiti: Rscript New/Code/64_export_ppml_variants_dta.R
. *                 -> New/Data/Collapsed/ppml_zerofill_all.dta
. *               ssc install ppmlhdfe
. *
. * Completa la matrice 2x2 di `Tabelle_Stime.pdf` per il PPML sul margine
. * estensivo. La variante baseline (escl. HK/Macao + TotalDepth) e' gia'
. * prodotta da 55_ppml_collapsed.do e NON viene rifatta.
. *
. * La griglia zero-fill non va ricostruita per campione: contiene gia' Hong Ko
> ng
. * e Macao, e gli ID delle FE sono calcolati sulla griglia piena. Qui si
. * seleziona il campione con il flag `hkmo` e si sceglie la colonna di
. * profondita'; tutte e tre le varianti mancanti escono da un solo file.
. *
. * Output (schema identico ai CSV R, per 44_make_tables_tex.R):
. *   New/Output/TripleDiff/Tables_Stata/ppml_extensive{sfx}.csv
. *   con sfx in _inclHKMO, _desta, _inclHKMO_desta
. *
. * ESECUZIONE BATCH (da PowerShell, root progetto - ~1-2 h in totale):
. *   & "C:\Program Files\StataNow19\StataSE-64.exe" /e do "New\Code\stata\65_p
> pml_variants.do"
. 
. do "New/Code/stata/_root.do"

. * _root.do — configurazione centralizzata del progetto
. * Il replicatore deve modificare SOLO questo file.
. 
. clear all

. set more off

. set varabbrev off

. 
. if c(os) == "Windows" {
.     global ROOT "C:\Work\projects\Paper_PTA"
. }

. else if c(os) == "MacOSX" {
.     global ROOT "~/Documents/work/projects/Paper_PTA"
. }

. else {
.     global ROOT "~/work/projects/Paper_PTA"
. }

. 
. cd "$ROOT"
C:\Work\projects\Paper_PTA

. 
. * --- Variant configuration (2x2 matrix) ---
. * PTA_SAMPLE: "excl" (default, exclude HK/Macao) or "incl"
. * PTA_DEPTH:  "totaldepth" (default) or "desta"
. if "$PTA_SAMPLE" == "" global PTA_SAMPLE "excl"

. if "$PTA_DEPTH"  == "" global PTA_DEPTH  "totaldepth"

. 
. * --- Output suffix (prevents cross-variant cache contamination) ---
. global OUTSFX ""

. if "$PTA_SAMPLE" == "incl" global OUTSFX "${OUTSFX}_inclHKMO"

. if "$PTA_DEPTH"  == "desta" global OUTSFX "${OUTSFX}_desta"

. 
end of do-file

. global DTA  "$ROOT\New\Data\Collapsed\ppml_zerofill_all.dta"

. global TAB  "$ROOT\New\Output\TripleDiff\Tables_Stata"

. 
. cap which ppmlhdfe

. if _rc {
.     di as error "ppmlhdfe non installato. Eseguire: ssc install ppmlhdfe"
.     exit 1
. }

. cap mkdir "$TAB"

. 
. cap mkdir "$ROOT\New\Output\Diagnostics\stata_logs"

. cap log close _all

. log using "$ROOT\New\Output\Diagnostics\stata_logs\65_ppml_variants.log", rep
> lace text
file
    C:\Work\projects\Paper_PTA\New\Output\Diagnostics\stata_logs\65_ppml_vari
    > ants.log cannot be modified or erased; likely cause is read-only
    directory or file
r(608);

end of do-file
r(608);
