
  ___  ____  ____  ____  ____ ®
 /__    /   ____/   /   ____/      StataNow 19.5
___/   /   /___/   /   /___/       SE—Standard Edition

 Statistics and Data Science       Copyright 1985-2025 StataCorp LLC
                                   StataCorp
                                   4905 Lakeway Drive
                                   College Station, Texas 77845 USA
                                   800-782-8272        https://www.stata.com
                                   979-696-4600        service@stata.com

Stata license: Unlimited-user network, expiring 16 May 2027
Serial number: 401909302599

  ___  ____  ____  ____  ____ ®
 /__    /   ____/   /   ____/      StataNow 19.5
___/   /   /___/   /   /___/       SE—Standard Edition

 Statistics and Data Science       Copyright 1985-2025 StataCorp LLC
                                   StataCorp
                                   4905 Lakeway Drive
                                   College Station, Texas 77845 USA
                                   800-782-8272        https://www.stata.com
  Licensed to: Cristiano Santinello
               Università degli Studi di Trento
                                   979-696-4600        service@stata.com

Stata license: Unlimited-user network, expiring 16 May 2027
Serial number: 401909302599
  Licensed to: Cristiano Santinello
               Università degli Studi di Trento

  ___  ____  ____  ____  ____ ®
 /__    /   ____/   /   ____/      StataNow 19.5
___/   /   /___/   /   /___/       SE—Standard Edition

 Statistics and Data Science       Copyright 1985-2025 StataCorp LLC
                                   StataCorp
                                   4905 Lakeway Drive
                                   College Station, Texas 77845 USA
                                   800-782-8272        https://www.stata.com
                                   979-696-4600        service@stata.com

Stata license: Unlimited-user network, expiring 16 May 2027
Serial number: 401909302599
  Licensed to: Cristiano Santinello
               Università degli Studi di Trento

Notes:
      1. Stata is running in batch mode.
      2. Unicode is supported; see help unicode_advice.
      3. Maximum number of variables is set to 5,000 but can be increased;
          see help set_maxvar.

. do C:\Work\projects\Paper_PTA\New\Code\stata\71_co2_collapsed_alldepvars.do 

. ************************************************************
. *** 71 — CO2 intensity continua: collapsed panel, tutte le dep var
. *** Pattern: 48g (collapse dal raw) + block D di 63 (formula CO2)
. *** Output: co2_collapsed_alldepvars{OUTSFX}.csv
. ************************************************************
. * ESECUZIONE (una per variante, da PowerShell):
. *   PTA_SAMPLE=excl PTA_DEPTH=totaldepth stata-mp /e do "New\Code\stata\71_co
> 2_collapsed_alldepvars.do"
. *   PTA_SAMPLE=excl PTA_DEPTH=desta      stata-mp /e do "New\Code\stata\71_co
> 2_collapsed_alldepvars.do"
. *   PTA_SAMPLE=incl PTA_DEPTH=totaldepth stata-mp /e do "New\Code\stata\71_co
> 2_collapsed_alldepvars.do"
. *   PTA_SAMPLE=incl PTA_DEPTH=desta      stata-mp /e do "New\Code\stata\71_co
> 2_collapsed_alldepvars.do"
. 
. do "New/Code/stata/_root.do"

. * _root.do — configurazione centralizzata del progetto
. * Il replicatore deve modificare SOLO questo file.
. 
. clear all

. set more off

. set varabbrev off

. 
. if c(os) == "Windows" {
.     global ROOT "C:\Work\projects\Paper_PTA"
. }

. else if c(os) == "MacOSX" {
.     global ROOT "~/Documents/work/projects/Paper_PTA"
. }

. else {
.     global ROOT "~/work/projects/Paper_PTA"
. }

. 
. cd "$ROOT"
C:\Work\projects\Paper_PTA

. 
. * --- Variant configuration (2x2 matrix) ---
. * PTA_SAMPLE: "excl" (default, exclude HK/Macao) or "incl"
. * PTA_DEPTH:  "totaldepth" (default) or "desta"
. if "$PTA_SAMPLE" == "" global PTA_SAMPLE "excl"

. if "$PTA_DEPTH"  == "" global PTA_DEPTH  "totaldepth"

. 
. * --- Output suffix (prevents cross-variant cache contamination) ---
. global OUTSFX ""

. if "$PTA_SAMPLE" == "incl" global OUTSFX "${OUTSFX}_inclHKMO"

. if "$PTA_DEPTH"  == "desta" global OUTSFX "${OUTSFX}_desta"

. 
end of do-file

. 
. * --- Variant config (from environment or defaults) -------------------------
. local env_sample : env PTA_SAMPLE

. local env_depth  : env PTA_DEPTH


Notes:
      1. Stata is running in batch mode.
      2. Unicode is supported; see help unicode_advice.
      3. Maximum number of variables is set to 5,000 but can be increased;
          see help set_maxvar.

. do C:\Work\projects\Paper_PTA\New\Code\stata\71_co2_collapsed_alldepvars.do 

. if "`env_sample'" != "" global PTA_SAMPLE "`env_sample'"

. if "`env_depth'"  != "" global PTA_DEPTH  "`env_depth'"

. 
. ************************************************************
. if "$PTA_SAMPLE" == "" global PTA_SAMPLE "excl"


Notes:
      1. Stata is running in batch mode.
      2. Unicode is supported; see help unicode_advice.
      3. Maximum number of variables is set to 5,000 but can be increased;
          see help set_maxvar.

. do C:\Work\projects\Paper_PTA\New\Code\stata\71_co2_collapsed_alldepvars.do 

. *** 71 — CO2 intensity continua: collapsed panel, tutte le dep var
. if "$PTA_DEPTH"  == "" global PTA_DEPTH  "totaldepth"

. 
. if !inlist("$PTA_SAMPLE", "excl", "incl") {
. *** Pattern: 48g (collapse dal raw) + block D di 63 (formula CO2)
. *** Output: co2_collapsed_alldepvars{OUTSFX}.csv
. ************************************************************
.     di as error "PTA_SAMPLE deve essere excl o incl"
. ************************************************************
. *** 71 — CO2 intensity continua: collapsed panel, tutte le dep var

Notes:
      1. Stata is running in batch mode.
      2. Unicode is supported; see help unicode_advice.
      3. Maximum number of variables is set to 5,000 but can be increased;
          see help set_maxvar.

. do C:\Work\projects\Paper_PTA\New\Code\stata\71_co2_collapsed_alldepvars.do 

.     exit 198
. }

. if "$PTA_SAMPLE" == "incl" {
. * ESECUZIONE (una per variante, da PowerShell):
. *** Pattern: 48g (collapse dal raw) + block D di 63 (formula CO2)
. *** Output: co2_collapsed_alldepvars{OUTSFX}.csv
.     global HKMOEXPR "1"
.     global SFX "_inclHKMO"
. }

. else {
.     global HKMOEXPR "!hkmo"
. *   PTA_SAMPLE=excl PTA_DEPTH=totaldepth stata-mp /e do "New\Code\stata\71_co
> 2_collapsed_alldepvars.do"
. ************************************************************
. ************************************************************
.     global SFX ""
. }

. 
. if !inlist("$PTA_DEPTH", "totaldepth", "desta") {
. * ESECUZIONE (una per variante, da PowerShell):
. *   PTA_SAMPLE=excl PTA_DEPTH=desta      stata-mp /e do "New\Code\stata\71_co
> 2_collapsed_alldepvars.do"
. *** 71 — CO2 intensity continua: collapsed panel, tutte le dep var
. *   PTA_SAMPLE=excl PTA_DEPTH=totaldepth stata-mp /e do "New\Code\stata\71_co
> 2_collapsed_alldepvars.do"
.     di as error "PTA_DEPTH deve essere totaldepth o desta"
.     exit 198
. }

. if "$PTA_DEPTH" == "desta" {
. *** Pattern: 48g (collapse dal raw) + block D di 63 (formula CO2)
. *** Output: co2_collapsed_alldepvars{OUTSFX}.csv
. *   PTA_SAMPLE=excl PTA_DEPTH=desta      stata-mp /e do "New\Code\stata\71_co
> 2_collapsed_alldepvars.do"
. *   PTA_SAMPLE=incl PTA_DEPTH=totaldepth stata-mp /e do "New\Code\stata\71_co
> 2_collapsed_alldepvars.do"
.     global DEPTHFILE "$ROOT/New/Data/TotalDepth/desta_depth_country_year.csv"
. ************************************************************
. *   PTA_SAMPLE=incl PTA_DEPTH=desta      stata-mp /e do "New\Code\stata\71_co
> 2_collapsed_alldepvars.do"
.     global DEPTHVAR  "desta_depth_index"
.     global DEPTHSFX  "_desta"
. 
. do "New/Code/stata/_root.do"

. * _root.do — configurazione centralizzata del progetto
. * Il replicatore deve modificare SOLO questo file.
. 
. clear all
. * ESECUZIONE (una per variante, da PowerShell):
.     global DROP_UNMEASURED 1
. *   PTA_SAMPLE=incl PTA_DEPTH=totaldepth stata-mp /e do "New\Code\stata\71_co
> 2_collapsed_alldepvars.do"

. set more off

. set varabbrev off

. 
. if c(os) == "Windows" {
.     global ROOT "C:\Work\projects\Paper_PTA"
. }

. else if c(os) == "MacOSX" {
.     global ROOT "~/Documents/work/projects/Paper_PTA"
. }

. else {
.     global ROOT "~/work/projects/Paper_PTA"
. }

. 
. cd "$ROOT"
C:\Work\projects\Paper_PTA

. 
. * --- Variant configuration (2x2 matrix) ---
. * PTA_SAMPLE: "excl" (default, exclude HK/Macao) or "incl"
. * PTA_DEPTH:  "totaldepth" (default) or "desta"
. if "$PTA_SAMPLE" == "" global PTA_SAMPLE "excl"

. if "$PTA_DEPTH"  == "" global PTA_DEPTH  "totaldepth"

. 
. * --- Output suffix (prevents cross-variant cache contamination) ---
. global OUTSFX ""

. if "$PTA_SAMPLE" == "incl" global OUTSFX "${OUTSFX}_inclHKMO"

. if "$PTA_DEPTH"  == "desta" global OUTSFX "${OUTSFX}_desta"

. 
end of do-file

. 
. }

. else {
. *   PTA_SAMPLE=incl PTA_DEPTH=desta      stata-mp /e do "New\Code\stata\71_co
> 2_collapsed_alldepvars.do"
. 
. do "New/Code/stata/_root.do"

. * _root.do — configurazione centralizzata del progetto
. * Il replicatore deve modificare SOLO questo file.
. 
. clear all
. * --- Variant config (from environment or defaults) -------------------------
.     global DEPTHFILE "$ROOT/New/Data/TotalDepth/wb_totaldepth_country_year.cs
> v"
.     global DEPTHVAR  "totaldepth_nonenv"
.     global DEPTHSFX  ""
. *   PTA_SAMPLE=excl PTA_DEPTH=totaldepth stata-mp /e do "New\Code\stata\71_co
> 2_collapsed_alldepvars.do"
. local env_sample : env PTA_SAMPLE

. local env_depth  : env PTA_DEPTH

.     global DROP_UNMEASURED 0
. }

. global OUTSFX "$SFX$DEPTHSFX"

. 

. set more off

. set varabbrev off

. 
. if c(os) == "Windows" {
.     global ROOT "C:\Work\projects\Paper_PTA"
. }

. else if c(os) == "MacOSX" {
.     global ROOT "~/Documents/work/projects/Paper_PTA"
. *   P. else {
excl PTA_DEPTH=desta      stata-mp /e do "New\Code\stata\71_co
> 2_collapsed_alldepvars.do"
.     global ROOT "~/work/projects/Paper_PTA"
. }

. 
. cd "$ROOT"
C:\Work\projects\Paper_PTA

. 
. * --- Variant configuration (2x2 matrix) ---
. * PTA_SAMPLE: "excl" (default, exclude HK/Macao) or "incl"
. * PTA_DEPTH:  "totaldepth" (default) or "desta"
. if "$PTA_SAMPLE" == "" global PTA_SAMPLE "excl"

. if "$PTA_DEPTH"  == "" global PTA_DEPTH  "totaldepth"

. 
. * --- Output suffix (prevents cross-variant cache contamination) ---
. global OUTSFX ""

. if "$PTA_SAMPLE" == "incl" global OUTSFX "${OUTSFX}_inclHKMO"

. if "$PTA_DEPTH"  == "desta" global OUTSFX "${OUTSFX}_desta"

. 
end of do-file

. 
. if "`env_sample'" != "" global PTA_SAMPLE "`env_sample'"

. if "`env_depth'"  != "" global PTA_DEPTH  "`env_depth'"

. 
. cap mkdir "$ROOT/New/Output/TripleDiff/Tables_Stata"

. cap mkdir "$ROOT/New/Output/Diagnostics/stata_logs"

. * --- Variant config (from environment or defaults) -------------------------
. if "$PTA_SAMPLE" == "" global PTA_SAMPLE "excl"

. cap log close _all

. local env_sample : env PTA_SAMPLE

. local env_depth  : env PTA_DEPTH

. if "$PTA_DEPTH"  == "" global PTA_DEPTH  "totaldepth"

. 
. if !inlist("$PTA_SAMPLE", "excl", "incl") {
. log using "$ROOT/New/Output/Diagnostics/stata_logs/71_co2_collapsed_alldepvar
> s$OUTSFX.log", replace text
(file
    C:\Work\projects\Paper_PTA/New/Output/Diagnostics/stata_logs/71_co2_colla
    > psed_alldepvars.log not found)
-------------------------------------------------------------------------------
      name:  <unnamed>
       log:  C:\Work\projects\Paper_PTA/New/Output/Diagnostics/stata_logs/71_co
> 2_collapsed_alldepvars.log
  log type:  text
 opened on:   6 Sep 2026, 19:35:51

. 
. if "`env_sample'" != "" global PTA_SAMPLE "`env_sample'"
. *   PTA_SAMPLE=incl PTA_DEPTH=totaldepth stata-mp /e do "New\Code\stata\71_co
> 2_collapsed_alldepvars.do"
.     di as error "PTA_SAMPLE deve essere excl o incl"
. global CSV_OUT "$ROOT/New/Output/TripleDiff/Tables_Stata/co2_collapsed_alldep
> vars$OUTSFX.csv"

. 

. if "`env_depth'"  != "" global PTA_DEPTH  "`env_depth'"

. 
.     exit 198
. }

. if "$PTA_SAMPLE" == "incl" {
. capture confirm file "$CSV_OUT"
. *   PTA_SAMPLE=incl PTA_DEPTH=desta      stata-mp /e do "New\Code\stata\71_co
> 2_collapsed_alldepvars.do"

. if !_rc {
.     di as text "[71] $CSV_OUT gia' presente, salto."
. 
. do "New/Code/stata/_root.do"

. * _root.do — configurazione centralizzata del progetto
. * Il replicatore deve modificare SOLO questo file.
. 
. clear all
. if "$PTA_SAMPLE" == "" global PTA_SAMPLE "excl"

.     global HKMOEXPR "1"
.     global SFX "_inclHKMO"
. }

. else {
.     global HKMOEXPR "!hkmo"
.     cap log close _all
.     exit 0
. }

. 
. file open fh using "$CSV_OUT", write replace text
. if "$PTA_DEPTH"  == "" global PTA_DEPTH  "totaldepth"

. 
. if !inlist("$PTA_SAMPLE", "excl", "incl") {
(file
    C:\Work\projects\Paper_PTA/New/Output/TripleDiff/Tables_Stata/co2_collaps
    > ed_alldepvars.csv not found)

.     global SFX ""
. }

. 
. if !inlist("$PTA_DEPTH", "totaldepth", "desta") {
.     di as error "PTA_SAMPLE deve essere excl o incl"
. file write fh "treat,term,coef,se_asy,p_asy,p_wcb,conf_low,conf_high,nobs,ncl
> ust,B,outcome" _n
.     exit 198
. }

. if "$PTA_SAMPLE" == "incl" {
.     di as error "PTA_DEPTH deve essere totaldepth o desta"
.     exit 198
. }

. if "$PTA_DEPTH" == "desta" {


. set more off

. set varabbrev off

. 
. if c(os) == "Windows" {
.     global ROOT "C:\Work\projects\Paper_PTA"
. }

. else if c(os) == "MacOSX" {
.     global ROOT "~/Documents/work/projects/Paper_PTA"
. }

. else {
.     global ROOT "~/work/projects/Paper_PTA"
. }

. 
. cd "$ROOT"
C:\Work\projects\Paper_PTA

. 
. * --- Variant configuration (2x2 matrix) ---
. * PTA_SAMPLE: "excl" (default, exclude HK/Macao) or "incl"
. * PTA_DEPTH:  "totaldepth" (default) or "desta"
. if "$PTA_SAMPLE" == "" global PTA_SAMPLE "excl"

. if "$PTA_DEPTH"  == "" global PTA_DEPTH  "totaldepth"

. 
. * --- Output suffix (prevents cross-variant cache contamination) ---
. global OUTSFX ""

. if "$PTA_SAMPLE" == "incl" global OUTSFX "${OUTSFX}_inclHKMO"

. if "$PTA_DEPTH"  == "desta" global OUTSFX "${OUTSFX}_desta"

. 
end of do-file

. 
.     global HKMOEXPR "1"
.     global SFX "_inclHKMO"
. }

. else {
.     global HKMOEXPR "!hkmo"
.     global DEPTHFILE "$ROOT/New/Data/TotalDepth/desta_depth_country_year.csv"
. file close fh

. 
. capture program drop wrow

. program define wrow
  1.     args csv line
.     global SFX ""
. }

. 
. if !inlist("$PTA_DEPTH", "totaldepth", "desta") {
.     global DEPTHVAR  "desta_depth_index"
.     global DEPTHSFX  "_desta"
. * --- Variant config (from environment or defaults) -------------------------
  2.     file open fh using "`csv'", write append text
  3.     file write fh `"`line'"' _n
.     di as error "PTA_DEPTH deve essere totaldepth o desta"
.     exit 198
. }

. if "$PTA_DEPTH" == "desta" {
.     global DROP_UNMEASURED 1
. }

. else {
  4.     file close fh
  5. end

. 
. cap which reghdfe

. if _rc ssc install reghdfe

. cap which boottest
. local env_sample : env PTA_SAMPLE

. local env_depth  : env PTA_DEPTH

.     global DEPTHFILE "$ROOT/New/Data/TotalDepth/desta_depth_country_year.csv"

.     global DEPTHFILE "$ROOT/New/Data/TotalDepth/wb_totaldepth_country_year.cs
> v"
.     global DEPTHVAR  "totaldepth_nonenv"
.     global DEPTHSFX  ""
.     global DEPTHVAR  "desta_depth_index"
.     global DEPTHSFX  "_desta"
. if _rc ssc install boottest

. 
.     global DROP_UNMEASURED 0
. }

. global OUTSFX "$SFX$DEPTHSFX"

. 
. if "`env_sample'" != "" global PTA_SAMPLE "`env_sample'"

. if "`env_depth'"  != "" global PTA_DEPTH  "`env_depth'"

. 
.     global DROP_UNMEASURED 1
. }

. else {
. * --- Classificazioni ausiliarie (tempfile) ---------------------------------
> -
. cap mkdir "$ROOT/New/Output/TripleDiff/Tables_Stata"

. cap mkdir "$ROOT/New/Output/Diagnostics/stata_logs"

. if "$PTA_SAMPLE" == "" global PTA_SAMPLE "excl"

.     global DEPTHFILE "$ROOT/New/Data/TotalDepth/wb_totaldepth_country_year.cs
> v"
. import delimited "$ROOT/New/Data/Classifications/green_codes_hs1996.csv", cle
> ar
. cap log close _all
.     global DEPTHVAR  "totaldepth_nonenv"
.     global DEPTHSFX  ""

.     global DROP_UNMEASURED 0
. }

. global OUTSFX "$SFX$DEPTHSFX"

. 
. if "$PTA_DEPTH"  == "" global PTA_DEPTH  "totaldepth"

. 
. if !inlist("$PTA_SAMPLE", "excl", "incl") {
. log using "$ROOT/New/Output/Diagnostics/stata_logs/71_co2_collapsed_alldepvar
> s$OUTSFX.log", replace text
(file
    C:\Work\projects\Paper_PTA/New/Output/Diagnostics/stata_logs/71_co2_colla
    > psed_alldepvars_desta.log not found)
-------------------------------------------------------------------------------
      name:  <unnamed>
       log:  C:\Work\projects\Paper_PTA/New/Output/Diagnostics/stata_logs/71_co
> 2_collapsed_alldepvars_desta.log
  log type:  text
 opened on:   6 Sep 2026, 19:35:51

. 
. cap mkdir "$ROOT/New/Output/TripleDiff/Tables_Stata"

. cap mkdir "$ROOT/New/Output/Diagnostics/stata_logs"

. global CSV_OUT "$ROOT/New/Output/TripleDiff/Tables_Stata/co2_collapsed_alldep
> vars$OUTSFX.csv"

. 
.     di as error "PTA_SAMPLE deve essere excl o incl"
.     exit 198
. }

. if "$PTA_SAMPLE" == "incl" {
. cap log close _all

. capture confirm file "$CSV_OUT"

. if !_rc {
.     di as text "[71] $CSV_OUT gia' presente, salto."
. log using "$ROOT/New/Output/Diagnostics/stata_logs/71_co2_collapsed_alldepvar
> s$OUTSFX.log", replace text
(file
    C:\Work\projects\Paper_PTA/New/Output/Diagnostics/stata_logs/71_co2_colla
    > psed_alldepvars_inclHKMO_desta.log not found)
-------------------------------------------------------------------------------
      name:  <unnamed>
       log:  C:\Work\projects\Paper_PTA/New/Output/Diagnostics/stata_logs/71_co
> 2_collapsed_alldepvars_inclHKMO_desta.log
  log type:  text
 opened on:   6 Sep 2026, 19:35:51

. 
.     cap log close _all
.     exit 0
. }

. 
. file open fh using "$CSV_OUT", write replace text
.     global HKMOEXPR "1"
.     global SFX "_inclHKMO"
. }

. else {
.     global HKMOEXPR "!hkmo"
(file
    C:\Work\projects\Paper_PTA/New/Output/TripleDiff/Tables_Stata/co2_collaps
    > ed_alldepvars_desta.csv not found)

. global CSV_OUT "$ROOT/New/Output/TripleDiff/Tables_Stata/co2_collapsed_alldep
> vars$OUTSFX.csv"

. 
. file write fh "treat,term,coef,se_asy,p_asy,p_wcb,conf_low,conf_high,nobs,ncl
> ust,B,outcome" _n

.     global SFX ""
. }

. 
. if !inlist("$PTA_DEPTH", "totaldepth", "desta") {
. capture confirm file "$CSV_OUT"

. if !_rc {
.     di as text "[71] $CSV_OUT gia' presente, salto."
. file close fh

. 
. capture program drop wrow

. program define wrow
  1.     args csv line
.     cap log close _all
.     exit 0
. }

. 
. file open fh using "$CSV_OUT", write replace text
  2.     file open fh using "`csv'", write append text
  3.     file write fh `"`line'"' _n
(file
    C:\Work\projects\Paper_PTA/New/Output/TripleDiff/Tables_Stata/co2_collaps
    > ed_alldepvars_inclHKMO_desta.csv not found)

.     di as error "PTA_DEPTH deve essere totaldepth o desta"
.     exit 198
. }

. if "$PTA_DEPTH" == "desta" {
  4.     file close fh
  5. end

. 
. cap which reghdfe

. if _rc ssc install reghdfe

. cap which boottest
. file write fh "treat,term,coef,se_asy,p_asy,p_wcb,conf_low,conf_high,nobs,ncl
> ust,B,outcome" _n


. file close fh

. 
. capture program drop wrow

. program define wrow
  1.     args csv line
.     global DEPTHFILE "$ROOT/New/Data/TotalDepth/desta_depth_country_year.csv"
. if _rc ssc install boottest

. 
  2.     file open fh using "`csv'", write append text
  3.     file write fh `"`line'"' _n
. * --- Classificazioni ausiliarie (tempfile) ---------------------------------
> -
.     global DEPTHVAR  "desta_depth_index"
.     global DEPTHSFX  "_desta"
  4.     file close fh
. import delimited "$ROOT/New/Data/Classifications/green_codes_hs1996.csv", cle
> ar
  5. end

. 
. cap which reghdfe

. if _rc ssc install reghdfe

. cap which boottest
.     global DROP_UNMEASURED 1
. }

. else {

. if _rc ssc install boottest

. 
.     global DEPTHFILE "$ROOT/New/Data/TotalDepth/wb_totaldepth_country_year.cs
> v"
.     global DEPTHVAR  "totaldepth_nonenv"
.     global DEPTHSFX  ""
. * --- Classificazioni ausiliarie (tempfile) ---------------------------------
> -
.     global DROP_UNMEASURED 0
. }

. global OUTSFX "$SFX$DEPTHSFX"

. 
. import delimited "$ROOT/New/Data/Classifications/green_codes_hs1996.csv", cle
> ar
. cap mkdir "$ROOT/New/Output/TripleDiff/Tables_Stata"

. cap mkdir "$ROOT/New/Output/Diagnostics/stata_logs"

. cap log close _all

. log using "$ROOT/New/Output/Diagnostics/stata_logs/71_co2_collapsed_alldepvar
> s$OUTSFX.log", replace text
(file
    C:\Work\projects\Paper_PTA/New/Output/Diagnostics/stata_logs/71_co2_colla
    > psed_alldepvars_inclHKMO.log not found)
-------------------------------------------------------------------------------
      name:  <unnamed>
       log:  C:\Work\projects\Paper_PTA/New/Output/Diagnostics/stata_logs/71_co
> 2_collapsed_alldepvars_inclHKMO.log
  log type:  text
 opened on:   6 Sep 2026, 19:35:51

. 
. global CSV_OUT "$ROOT/New/Output/TripleDiff/Tables_Stata/co2_collapsed_alldep
> vars$OUTSFX.csv"

. 
. capture confirm file "$CSV_OUT"

. if !_rc {
.     di as text "[71] $CSV_OUT gia' presente, salto."
.     cap log close _all
.     exit 0
. }

. 
. file open fh using "$CSV_OUT", write replace text
(file
    C:\Work\projects\Paper_PTA/New/Output/TripleDiff/Tables_Stata/co2_collaps
    > ed_alldepvars_inclHKMO.csv not found)

. file write fh "treat,term,coef,se_asy,p_asy,p_wcb,conf_low,conf_high,nobs,ncl
> ust,B,outcome" _n

. file close fh

. 
. capture program drop wrow

. program define wrow
  1.     args csv line
  2.     file open fh using "`csv'", write append text
  3.     file write fh `"`line'"' _n
  4.     file close fh
  5. end

. 
. cap which reghdfe

. if _rc ssc install reghdfe

. cap which boottest

. if _rc ssc install boottest

. 
. * --- Classificazioni ausiliarie (tempfile) ---------------------------------
> -
. import delimited "$ROOT/New/Data/Classifications/green_codes_hs1996.csv", cle
> ar
(encoding automatically selected: ISO-8859-2)
(encoding automatically selected: ISO-8859-2)
(7 vars, 248 obs)
(encoding automatically selected: ISO-8859-2)

. keep hs6_final

. rename hs6_final hs6

. duplicates drop hs6, force

Duplicates in terms of hs6

(2 observations deleted)

. gen byte env_good_new = 1

. tempfile green

. save `green'
file C:\Users\edodr\AppData\Local\Temp\ST_43d8_000001.tmp saved as .dta
    format

. 
. import delimited "$ROOT/New/Data/Classifications/co2_intensity_hs6.csv", clea
> r
(encoding automatically selected: ISO-8859-1)
(7 vars, 248 obs)

. keep hs6_final

. rename hs6_final hs6
(7 vars, 248 obs)

. keep hs6_final

. rename hs6_final hs6
(encoding automatically selected: ISO-8859-2)


. duplicates drop hs6, force
. duplicates drop hs6, force

Duplicates in terms of hs6

Duplicates in terms of hs6


(2 observations deleted)

. gen byte env_good_new = 1

. tempfile green
(2 observations deleted)


. save `green'
ood_new = 1

. tempfile green

. save `green'
file C:\Users\edodr\AppData\Local\Temp\ST_48b8_000001.tmp saved as .dta
    format

. 
file C:\Users\edodr\AppData\Local\Temp\ST_43e4_000001.tmp saved as .dta
    format

. 
. import delimited "$ROOT/New/Data/Classifications/co2_intensity_hs6.csv", clea
> r
. import delimited "$ROOT/New/Data/Classifications/co2_intensity_hs6.csv", clea
> r
(4 vars, 4,607 obs)

. keep hs6_int co2_total

. rename hs6_int hs6

. duplicates drop hs6, force

Duplicates in terms of hs6
(encoding automatically selected: ISO-8859-1)
(encoding automatically selected: ISO-8859-1)

(0 observations are duplicates)

. tempfile co2f

. save `co2f'
file C:\Users\edodr\AppData\Local\Temp\ST_43d8_000002.tmp saved as .dta
    format

. 
. import delimited "$DEPTHFILE", clear
(encoding automatically selected: ISO-8859-1)
(5 vars, 249 obs)

. keep country_code year $DEPTHVAR

. tempfile depth

. save `depth'
file C:\Users\edodr\AppData\Local\Temp\ST_43d8_000003.tmp saved as .dta
    format

. 
. global F_GREEN "`green'"

. global F_CO2   "`co2f'"

. global F_DEPTH "`depth'"

. 
. ************************************************************
. * Programma: stima CO2 collapsed per una outcome
. ************************************************************
(7 vars, 248 obs)

. keep hs6_final

. rename hs6_final hs6
. capture program drop co2_one_outcome

. program define co2_one_outcome
  1.     args raw_var outcome_label
  2. 
(4 vars, 4,607 obs)

. keep hs6_int co2_total

(4 vars, 4,607 obs)

. keep hs6_int co2_total

.     di as result _n "========================================================
> ===="
  3.     di as result "  CO2 collapsed: `outcome_label' ($PTA_DEPTH)"
. rename hs6_int hs6
. rename hs6_int hs6

. duplicates drop hs6, force

. duplicates drop hs6, force

Duplicates in terms of hs6

Duplicates in terms of hs6
  4.     di as result "========================================================
> ===="
  5. 

(0 observations are duplicates)

. tempfile co2f

. save `co2f'

(0 observations are duplicates)

. tempfile co2f

. save `co2f'
file C:\Users\edodr\AppData\Local\Temp\ST_48b8_000002.tmp saved as .dta
    format

. 
file C:\Users\edodr\AppData\Local\Temp\ST_43e4_000002.tmp saved as .dta
    format

. 
.     timer clear 1
  6.     timer on 1
  7. 
. import delimited "$DEPTHFILE", clear
. import delimited "$DEPTHFILE", clear
.     use `raw_var' WB_EP_Depth TREND_EP_Count hs6 country_code year ///
>         using "$ROOT/Data/Final Dataset/final_dataset_pta_env_indices_compres
> sed.dta", clear
  8. 
.     gen byte hkmo = inlist(country_code, 110, 121)

  9.     keep if $HKMOEXPR
 10.     drop hkmo
 11. 
(encoding automatically selected: ISO-8859-1)
 12. 
(encoding automatically selected: ISO-8859-1)
.     if "`raw_var'" == "export" {
 13.         gen double y = ln(export)
 14.     }
. duplicates drop hs6, force

Duplicates in terms of hs6

(2 observations deleted)

. gen byte env_good_new = 1

. tempfile green

. save `green'
 15.     else if "`raw_var'" == "exp_qua" {
 16.         gen double y = ln(exp_qua)
 17.     }
file C:\Users\edodr\AppData\Local\Temp\ST_3b68_000001.tmp saved as .dta
    format

. 
 18.     else if "`raw_var'" == "uv_exp" {
 19.         gen double y = ln(uv_exp)
 20.     }
 21.     drop if missing(y)
 22. 
. import delimited "$ROOT/New/Data/Classifications/co2_intensity_hs6.csv", clea
> r
.     collapse (mean) y (count) n=y (first) WB_EP_Depth TREND_EP_Count, ///
>         by(hs6 country_code year)
 23.     di "  Celle dopo collapse: " _N
 24. 
.     * Merge green
.     merge m:1 hs6 using "$F_GREEN", keep(master match)
 25.     drop _merge
 26.     replace env_good_new = 0 if missing(env_good_new)
 27. 
.     * Merge CO2 intensity
(encoding automatically selected: ISO-8859-1)
.     merge m:1 hs6 using "$F_CO2", keep(master match)
 28.     drop _merge
 29.     qui su co2_total
 30.     local mu = r(mean)
 31.     local sd = r(sd)
 32.     replace co2_total = `mu' if missing(co2_total)
 33.     gen double co2_z = (co2_total - `mu') / `sd'
 34.     drop co2_total
 35. 
(5 vars, 239 obs)

. keep country_code year $DEPTHVAR

. tempfile depth

. save `depth'
(5 vars, 239 obs)

. keep country_code year $DEPTHVAR

. tempfile depth

. save `depth'
file C:\Users\edodr\AppData\Local\Temp\ST_43e4_000003.tmp saved as .dta
    format

.     * Merge depth
.     merge m:1 country_code year using "$F_DEPTH", keep(master match)
file C:\Users\edodr\AppData\Local\Temp\ST_48b8_000003.tmp saved as .dta
    format

. 
. global F_GREEN "`green'"

. global F_CO2   "`co2f'"

. global F_DEPTH "`depth'"

. 
. 
. global F_GREEN "`green'"

. global F_CO2   "`co2f'"

. global F_DEPTH "`depth'"

. 
 36.     drop _merge
 37.     if $DROP_UNMEASURED {
 38.         drop if missing($DEPTHVAR) & WB_EP_Depth > 0
. ************************************************************
. ************************************************************
 39.     }
 40.     replace $DEPTHVAR = 0 if missing($DEPTHVAR)
 41. 
.     * FE collassati
. * Programma: stima CO2 collapsed per una outcome
. ************************************************************
.     egen long pd = group(hs6 country_code)
. * Programma: stima CO2 collapsed per una outcome
. capture program drop co2_one_outcome
. ************************************************************

. program define co2_one_outcome
 43.     egen long pt = group(hs6 year)
 44. 
.     count
 45.     di "  Celle finali: " r(N)
. capture program drop co2_one_outcome

. program define co2_one_outcome
  1.     args raw_var outcome_label
  2. 
.     * --- Per ogni treat: reghdfe + FWL + boottest ---
.     foreach treat in WB TREND {
.     di as result _n "========================================================
> ===="
  3.     di as result "  CO2 collapsed: `outcome_label' ($PTA_DEPTH)"
  1.     args raw_var outcome_label
  2. 
 47.         if "`treat'" == "WB"    local xv "WB_EP_Depth"
  4.     di as result "========================================================
> ===="
  5. 
.     di as result _n "========================================================
> ===="
  3.     di as result "  CO2 collapsed: `outcome_label' ($PTA_DEPTH)"
 48.         if "`treat'" == "TREND" local xv "TREND_EP_Count"
 49. 
.         cap drop ep_green ep_co2 td_green td_co2
(4 vars, 4,607 obs)

. keep hs6_int co2_total

  4.     di as result "========================================================
> ===="
.     timer clear 1
  6.     timer on 1
  7. 
  5. 
 50.         qui gen double ep_green = `xv' * env_good_new
.     timer clear 1
  6.     timer on 1
  7. 
. rename hs6_int hs6
 51.         qui gen double ep_co2   = `xv' * co2_z
 52.         qui gen double td_green = $DEPTHVAR * env_good_new
.     use `raw_var' WB_EP_Depth TREND_EP_Count hs6 country_code year ///
>         using "$ROOT/Data/Final Dataset/final_dataset_pta_env_indices_compres
> sed.dta", clear
  8. 
.     gen byte hkmo = inlist(country_code, 110, 121)
 53.         qui gen double td_co2   = $DEPTHVAR * co2_z
 54. 

. duplicates drop hs6, force

Duplicates in terms of hs6
.     use `raw_var' WB_EP_Depth TREND_EP_Count hs6 country_code year ///
>         using "$ROOT/Data/Final Dataset/final_dataset_pta_env_indices_compres
> sed.dta", clear
  8. 
.     gen byte hkmo = inlist(country_code, 110, 121)
  9.     keep if $HKMOEXPR
 10.     drop hkmo
 11. 
.     drop if missing(`raw_var')
 12. 

(0 observations are duplicates)

. tempfile co2f

. save `co2f'
file C:\Users\edodr\AppData\Local\Temp\ST_3b68_000002.tmp saved as .dta
    format

. 
.         qui reghdfe y ep_green ep_co2 td_green td_co2 [aw=n], ///
>             absorb(pd dt pt) vce(cluster country_code)
  9.     keep if $HKMOEXPR
 10.     drop hkmo
 11. 
.     drop if missing(`raw_var')
 12. 
.     if "`raw_var'" == "export" {
 13.         gen double y = ln(export)
 14.     }
 55.         local b_direct_ep_green = _b[ep_green]
.     if "`raw_var'" == "export" {
 13.         gen double y = ln(export)
 14.     }
. import delimited "$DEPTHFILE", clear
 15.     else if "`raw_var'" == "exp_qua" {
 16.         gen double y = ln(exp_qua)
 17.     }
 56.         local b_direct_ep_co2   = _b[ep_co2]
 57.         local NN  = e(N)
 58.         local NCL = e(N_clust)
qua" {
 59. 
      gen double y = ln(exp_qua)
 17.     }
e if "`raw_var'" == "uv_exp" {
 19.         gen double y = ln(uv_exp)
 20.     }
 21.     drop if missing(y)
 22. 
(encoding automatically selected: ISO-8859-1)
 18.     else if "`raw_var'" == "uv_exp" {
 19.         gen double y = ln(uv_exp)
.         * FWL demeaning
 21.     drop if missing(y)
 22. 
   foreach v in y ep_green ep_co2 td_green td_co2 {
.     collapse (mean) y (count) n=y (first) WB_EP_Depth TREND_EP_Count, ///
>         by(hs6 country_code year)
 60.             cap drop `v'_dm
 23.     di "  Celle dopo collapse: " _N
 24. 
.     * Merge green
 61.             qui reghdfe `v' [aw=n], absorb(pd dt pt) residuals(`v'_dm) tol
> (1e-8)
 62.         }
.     merge m:1 hs6 using "$F_GREEN", keep(master match)
.     collapse (mean) y (count) n=y (first) WB_EP_Depth TREND_EP_Count, ///
>         by(hs6 country_code year)
 25.     drop _merge
 23.     di "  Celle dopo collapse: " _N
 24. 
.     * Merge green
 63.         qui reg y_dm ep_green_dm ep_co2_dm td_green_dm td_co2_dm [aw=n], /
> //
>             cluster(country_code) nocons
 26.     replace env_good_new = 0 if missing(env_good_new)
 27. 
.     * Merge CO2 intensity
.     merge m:1 hs6 using "$F_GREEN", keep(master match)
 25.     drop _merge
 64.         assert abs(_b[ep_green_dm] - `b_direct_ep_green') < 1e-6
.     merge m:1 hs6 using "$F_CO2", keep(master match)
 28.     drop _merge
 29.     qui su co2_total
 26.     replace env_good_new = 0 if missing(env_good_new)
 27. 
.     * Merge CO2 intensity
 65.         assert abs(_b[ep_co2_dm] - `b_direct_ep_co2') < 1e-6
 30.     local mu = r(mean)
.     merge m:1 hs6 using "$F_CO2", keep(master match)
 28.     drop _merge
 31.     local sd = r(sd)
 32.     replace co2_total = `mu' if missing(co2_total)
 33.     gen double co2_z = (co2_total - `mu') / `sd'
 34.     drop co2_total
 35. 
 66. 
.         foreach p in ep_green ep_co2 {
 29.     qui su co2_total
(5 vars, 249 obs)

. keep country_code year $DEPTHVAR

. tempfile depth

. save `depth'
file C:\Users\edodr\AppData\Local\Temp\ST_3b68_000003.tmp saved as .dta
    format

.     * Merge depth
.     merge m:1 country_code year using "$F_DEPTH", keep(master match)
 67.             local b  = _b[`p'_dm]
 68.             local se = _se[`p'_dm]
 30.     local mu = r(mean)
 31.     local sd = r(sd)
 32.     replace co2_total = `mu' if missing(co2_total)
 36.     drop _merge
 37.     if $DROP_UNMEASURED {
 38.         drop if missing($DEPTHVAR) & WB_EP_Depth > 0
 69.             local pa = 2 * ttail(`NCL'-1, abs(`b'/`se'))
 70.             set seed 42
. 
. global F_GREEN "`green'"

. global F_CO2   "`co2f'"

. global F_DEPTH "`depth'"

. 
 33.     gen double co2_z = (co2_total - `mu') / `sd'
 34.     drop co2_total
 35. 
 39.     }
 40.     replace $DEPTHVAR = 0 if missing($DEPTHVAR)
 71.             cap boottest `p'_dm, reps(9999) cluster(country_code) nograph
 72.             if _rc {
 73.                 local pb = .
 41. 
.     * FE collassati
. ************************************************************
.     * Merge depth
.     merge m:1 country_code year using "$F_DEPTH", keep(master match)
 74.                 local lo = .
 75.                 local hi = .
 76.             }
.     egen long pd = group(hs6 country_code)
 42.     egen long dt = group(country_code year)
 36.     drop _merge
 37.     if $DROP_UNMEASURED {
 38.         drop if missing($DEPTHVAR) & WB_EP_Depth > 0
. * Programma: stima CO2 collapsed per una outcome
. ************************************************************
 77.             else {
 78.                 local pb = r(p)
 79.                 cap local lo = r(CI)[1,1]
 43.     egen long pt = group(hs6 year)
 44. 
.     count
 45.     di "  Celle finali: " r(N)
 46. 
 39.     }
 40.     replace $DEPTHVAR = 0 if missing($DEPTHVAR)
 41. 
.     * FE collassati
.     * --- Per ogni treat: reghdfe + FWL + boottest ---
. capture program drop co2_one_outcome
 80.                 cap local hi = r(CI)[1,2]
 81.             }

. program define co2_one_outcome
.     egen long pd = group(hs6 country_code)
 42.     egen long dt = group(country_code year)
.     foreach treat in WB TREND {
 82.             di as res "  [CO2 `treat'] `p': coef=" %10.7f `b' "  p_wcb=" %
> 6.4f `pb'
 43.     egen long pt = group(hs6 year)
 44. 
.     count
 45.     di "  Celle finali: " r(N)
 46. 
  1.     args raw_var outcome_label
  2. 
 83.             wrow "$CSV_OUT" "`treat',`p',`b',`se',`pa',`pb',`lo',`hi',`NN'
> ,`NCL',9999,`outcome_label'"
 84.         }
 47.         if "`treat'" == "WB"    local xv "WB_EP_Depth"
.     * --- Per ogni treat: reghdfe + FWL + boottest ---
.     foreach treat in WB TREND {
.     di as result _n "========================================================
> ===="
  3.     di as result "  CO2 collapsed: `outcome_label' ($PTA_DEPTH)"
 85.     }
 if "`treat'" == "TREND" local xv "TREND_EP_Count"
 49. 
.         cap drop ep_green ep_co2 td_green td_co2
 86. 
.     timer off 1
 87.     qui timer list 1
 47.         if "`treat'" == "WB"    local xv "WB_EP_Depth"
 50.         qui gen double ep_green = `xv' * env_good_new
 88.     di as result "  -> `outcome_label' completato in " r(t1)/60 " minuti"
 89. end

. 
  4.     di as result "========================================================
> ===="
  5. 
 48.         if "`treat'" == "TREND" local xv "TREND_EP_Count"
 49. 
.         cap drop ep_green ep_co2 td_green td_co2
 51.         qui gen double ep_co2   = `xv' * co2_z
 52.         qui gen double td_green = $DEPTHVAR * env_good_new
. ************************************************************
. * Esecuzione
 50.         qui gen double ep_green = `xv' * env_good_new
.     timer clear 1
 53.         qui gen double td_co2   = $DEPTHVAR * co2_z
 54. 
. ************************************************************
 51.         qui gen double ep_co2   = `xv' * co2_z
 52.         qui gen double td_green = $DEPTHVAR * env_good_new
.         qui reghdfe y ep_green ep_co2 td_green td_co2 [aw=n], ///
>             absorb(pd dt pt) vce(cluster country_code)
  6.     timer on 1
  7. 
. di as result _n "*** 71 — CO2 collapsed: tutte le dep var ***"

*** 71 — CO2 collapsed: tutte le dep var ***

 55.         local b_direct_ep_green = _b[ep_green]
. di as result "*** Depth: $PTA_DEPTH | Sample: $PTA_SAMPLE ***"
*** Depth: totaldepth | Sample: excl ***

. 
 53.         qui gen double td_co2   = $DEPTHVAR * co2_z
 54. 
.     use `raw_var' WB_EP_Depth TREND_EP_Count hs6 country_code year ///
>         using "$ROOT/Data/Final Dataset/final_dataset_pta_env_indices_compres
> sed.dta", clear
  8. 
.     gen byte hkmo = inlist(country_code, 110, 121)
 56.         local b_direct_ep_co2   = _b[ep_co2]
 57.         local NN  = e(N)
. co2_one_outcome export      ln_export

============================================================
  CO2 collapsed: ln_export (totaldepth)
============================================================
.         qui reghdfe y ep_green ep_co2 td_green td_co2 [aw=n], ///
>             absorb(pd dt pt) vce(cluster country_code)
 58.         local NCL = e(N_clust)
 59. 
  9.     keep if $HKMOEXPR
 10.     drop hkmo
 11. 
.     drop if missing(`raw_var')
 12. 
 55.         local b_direct_ep_green = _b[ep_green]
.         * FWL demeaning
.         foreach v in y ep_green ep_co2 td_green td_co2 {
 56.         local b_direct_ep_co2   = _b[ep_co2]
 57.         local NN  = e(N)
 58.         local NCL = e(N_clust)
 59. 
.     if "`raw_var'" == "export" {
 13.         gen double y = ln(export)
 14.     }
 60.             cap drop `v'_dm
.         * FWL demeaning
.         foreach v in y ep_green ep_co2 td_green td_co2 {
 61.             qui reghdfe `v' [aw=n], absorb(pd dt pt) residuals(`v'_dm) tol
> (1e-8)
 62.         }
 60.             cap drop `v'_dm
 15.     else if "`raw_var'" == "exp_qua" {
 16.         gen double y = ln(exp_qua)
 17.     }
 63.         qui reg y_dm ep_green_dm ep_co2_dm td_green_dm td_co2_dm [aw=n], /
> //
>             cluster(country_code) nocons
 61.             qui reghdfe `v' [aw=n], absorb(pd dt pt) residuals(`v'_dm) tol
> (1e-8)
 62.         }
 64.         assert abs(_b[ep_green_dm] - `b_direct_ep_green') < 1e-6
 18.     else if "`raw_var'" == "uv_exp" {
 19.         gen double y = ln(uv_exp)
 20.     }
 21.     drop if missing(y)
 63.         qui reg y_dm ep_green_dm ep_co2_dm td_green_dm td_co2_dm [aw=n], /
> //
>             cluster(country_code) nocons
 65.         assert abs(_b[ep_co2_dm] - `b_direct_ep_co2') < 1e-6
 66. 
.         foreach p in ep_green ep_co2 {
 64.         assert abs(_b[ep_green_dm] - `b_direct_ep_green') < 1e-6
 67.             local b  = _b[`p'_dm]
 68.             local se = _se[`p'_dm]
 65.         assert abs(_b[ep_co2_dm] - `b_direct_ep_co2') < 1e-6
 66. 
.         foreach p in ep_green ep_co2 {
 69.             local pa = 2 * ttail(`NCL'-1, abs(`b'/`se'))
 70.             set seed 42
.     collapse (mean) y (count) n=y (first) WB_EP_Depth TREND_EP_Count, ///
>         by(hs6 country_code year)
 23.     di "  Celle dopo collapse: " _N
 24. 
.     * Merge green
 67.             local b  = _b[`p'_dm]
 68.             local se = _se[`p'_dm]
 71.             cap boottest `p'_dm, reps(9999) cluster(country_code) nograph
 72.             if _rc {
 73.                 local pb = .
.     merge m:1 hs6 using "$F_GREEN", keep(master match)
 74.                 local lo = .
 75.                 local hi = .
 76.             }
 69.             local pa = 2 * ttail(`NCL'-1, abs(`b'/`se'))
 70.             set seed 42
 25.     drop _merge
 77.             else {
 78.                 local pb = r(p)
 79.                 cap local lo = r(CI)[1,1]
 71.             cap boottest `p'_dm, reps(9999) cluster(country_code) nograph
 72.             if _rc {
 73.                 local pb = .
 26.     replace env_good_new = 0 if missing(env_good_new)
 27. 
.     * Merge CO2 intensity
 80.                 cap local hi = r(CI)[1,2]
 81.             }
 74.                 local lo = .
 75.                 local hi = .
 76.             }
.     merge m:1 hs6 using "$F_CO2", keep(master match)
 28.     drop _merge
 29.     qui su co2_total
 82.             di as res "  [CO2 `treat'] `p': coef=" %10.7f `b' "  p_wcb=" %
> 6.4f `pb'
 77.             else {
 78.                 local pb = r(p)
 79.                 cap local lo = r(CI)[1,1]
 83.             wrow "$CSV_OUT" "`treat',`p',`b',`se',`pa',`pb',`lo',`hi',`NN'
> ,`NCL',9999,`outcome_label'"
 84.         }
 80.                 cap local hi = r(CI)[1,2]
 81.             }
 30.     local mu = r(mean)
 31.     local sd = r(sd)
 32.     replace co2_total = `mu' if missing(co2_total)
 85.     }
 86. 
.     timer off 1
 87.     qui timer list 1
 82.             di as res "  [CO2 `treat'] `p': coef=" %10.7f `b' "  p_wcb=" %
> 6.4f `pb'
 88.     di as result "  -> `outcome_label' completato in " r(t1)/60 " minuti"
 89. end

. 
 33.     gen double co2_z = (co2_total - `mu') / `sd'
 34.     drop co2_total
 35. 
 83.             wrow "$CSV_OUT" "`treat',`p',`b',`se',`pa',`pb',`lo',`hi',`NN'
> ,`NCL',9999,`outcome_label'"
 84.         }
. ************************************************************
. * Esecuzione
 85.     }
 86. 
.     timer off 1
 87.     qui timer list 1
.     * Merge depth
.     merge m:1 country_code year using "$F_DEPTH", keep(master match)
. ************************************************************
. di as result _n "*** 71 — CO2 collapsed: tutte le dep var ***"

*** 71 — CO2 collapsed: tutte le dep var ***

 88.     di as result "  -> `outcome_label' completato in " r(t1)/60 " minuti"
 89. end

. 
 36.     drop _merge
 37.     if $DROP_UNMEASURED {
 38.         drop if missing($DEPTHVAR) & WB_EP_Depth > 0
. di as result "*** Depth: $PTA_DEPTH | Sample: $PTA_SAMPLE ***"
. ************************************************************
*** Depth: desta | Sample: excl ***

* Esecuzione
. 
. ************************************************************
. di as result _n "*** 71 — CO2 collapsed: tutte le dep var ***"

============================================================

  CO2 collapsed: ln_export (desta)
============================================================
 39.     }
 40.     replace $DEPTHVAR = 0 if missing($DEPTHVAR)
 41. 
.     * FE collassati
. di as result "*** Depth: $PTA_DEPTH | Sample: $PTA_SAMPLE ***"
*** Depth: desta | Sample: incl ***

. 
.     egen long pd = group(hs6 country_code)
 42.     egen long dt = group(country_code year)
. co2_one_outcome export      ln_export

============================================================
  CO2 collapsed: ln_export (desta)
============================================================
 43.     egen long pt = group(hs6 year)
 44. 
.     count
 45.     di "  Celle finali: " r(N)
 46. 
.     * --- Per ogni treat: reghdfe + FWL + boottest ---
.     foreach treat in WB TREND {
 47.         if "`treat'" == "WB"    local xv "WB_EP_Depth"
 48.         if "`treat'" == "TREND" local xv "TREND_EP_Count"
 49. 
.         cap drop ep_green ep_co2 td_green td_co2
 50.         qui gen double ep_green = `xv' * env_good_new
 51.         qui gen double ep_co2   = `xv' * co2_z
 52.         qui gen double td_green = $DEPTHVAR * env_good_new
 53.         qui gen double td_co2   = $DEPTHVAR * co2_z
 54. 
.         qui reghdfe y ep_green ep_co2 td_green td_co2 [aw=n], ///
>             absorb(pd dt pt) vce(cluster country_code)
 55.         local b_direct_ep_green = _b[ep_green]
 56.         local b_direct_ep_co2   = _b[ep_co2]
 57.         local NN  = e(N)
 58.         local NCL = e(N_clust)
 59. 
.         * FWL demeaning
.         foreach v in y ep_green ep_co2 td_green td_co2 {
 60.             cap drop `v'_dm
 61.             qui reghdfe `v' [aw=n], absorb(pd dt pt) residuals(`v'_dm) tol
> (1e-8)
 62.         }
 63.         qui reg y_dm ep_green_dm ep_co2_dm td_green_dm td_co2_dm [aw=n], /
> //
>             cluster(country_code) nocons
 64.         assert abs(_b[ep_green_dm] - `b_direct_ep_green') < 1e-6
 65.         assert abs(_b[ep_co2_dm] - `b_direct_ep_co2') < 1e-6
 66. 
.         foreach p in ep_green ep_co2 {
 67.             local b  = _b[`p'_dm]
 68.             local se = _se[`p'_dm]
 69.             local pa = 2 * ttail(`NCL'-1, abs(`b'/`se'))
 70.             set seed 42
 71.             cap boottest `p'_dm, reps(9999) cluster(country_code) nograph
 72.             if _rc {
 73.                 local pb = .
 74.                 local lo = .
 75.                 local hi = .
 76.             }
 77.             else {
 78.                 local pb = r(p)
 79.                 cap local lo = r(CI)[1,1]
 80.                 cap local hi = r(CI)[1,2]
 81.             }
 82.             di as res "  [CO2 `treat'] `p': coef=" %10.7f `b' "  p_wcb=" %
> 6.4f `pb'
 83.             wrow "$CSV_OUT" "`treat',`p',`b',`se',`pa',`pb',`lo',`hi',`NN'
> ,`NCL',9999,`outcome_label'"
 84.         }
 85.     }
 86. 
.     timer off 1
 87.     qui timer list 1
 88.     di as result "  -> `outcome_label' completato in " r(t1)/60 " minuti"
 89. end

. 
. ************************************************************
. * Esecuzione
. ************************************************************
. di as result _n "*** 71 — CO2 collapsed: tutte le dep var ***"

*** 71 — CO2 collapsed: tutte le dep var ***

. di as result "*** Depth: $PTA_DEPTH | Sample: $PTA_SAMPLE ***"
*** Depth: totaldepth | Sample: incl ***

. 
. co2_one_outcome export      ln_export

============================================================
  CO2 collapsed: ln_export (totaldepth)
============================================================
(3,464,093 observations deleted)
(9 observations deleted)
(21 missing values generated)
(21 observations deleted)
(0 observations deleted)
(9 observations deleted)
(22 missing values generated)
(22 observations deleted)
(3,464,093 observations deleted)
(9 observations deleted)
(21 missing values generated)
(21 observations deleted)
  Celle dopo collapse: 3773498
  Celle dopo collapse: 3862038
  Celle dopo collapse: 3773498

    Result                      Number of obs
    -----------------------------------------
    Not matched                     3,455,728
        from master                 3,455,728  (_merge==1)
        from using                          0  (_merge==2)

    Matched                           317,770  (_merge==3)
    -----------------------------------------
(3,455,728 real changes made)

    Result                      Number of obs
    -----------------------------------------
    Not matched                     3,455,728
        from master                 3,455,728  (_merge==1)
        from using                          0  (_merge==2)

    Matched                           317,770  (_merge==3)
    -----------------------------------------
(3,455,728 real changes made)

    Result                      Number of obs
    -----------------------------------------
    Not matched                     3,538,786
        from master                 3,538,786  (_merge==1)
        from using                          0  (_merge==2)

    Matched                           323,252  (_merge==3)
    -----------------------------------------
(0 observations deleted)
(9 observations deleted)
(22 missing values generated)
(22 observations deleted)
(3,538,786 real changes made)
  Celle dopo collapse: 3862038

    Result                      Number of obs
    -----------------------------------------
    Not matched                        88,393
        from master                    88,393  (_merge==1)
        from using                          0  (_merge==2)

    Matched                         3,685,105  (_merge==3)
    -----------------------------------------

    Result                      Number of obs
    -----------------------------------------
    Not matched                     3,538,786
        from master                 3,538,786  (_merge==1)
        from using                          0  (_merge==2)

    Matched                           323,252  (_merge==3)
    -----------------------------------------

    Result                      Number of obs
    -----------------------------------------
    Not matched                        88,393
        from master                    88,393  (_merge==1)
        from using                          0  (_merge==2)

    Matched                         3,685,105  (_merge==3)
    -----------------------------------------
(3,538,786 real changes made)

    Result                      Number of obs
    -----------------------------------------
    Not matched                        93,776
        from master                    93,776  (_merge==1)
        from using                          0  (_merge==2)

    Matched                         3,768,262  (_merge==3)
    -----------------------------------------
(88,393 real changes made)
(88,393 real changes made)

    Result                      Number of obs
    -----------------------------------------
    Not matched                        93,776
        from master                    93,776  (_merge==1)
        from using                          0  (_merge==2)

    Matched                         3,768,262  (_merge==3)
    -----------------------------------------
(93,776 real changes made)
(93,776 real changes made)

    Result                      Number of obs
    -----------------------------------------
    Not matched                     3,238,652
        from master                 3,238,652  (_merge==1)
        from using                          0  (_merge==2)

    Matched                           534,846  (_merge==3)
    -----------------------------------------

    Result                      Number of obs
    -----------------------------------------
    Not matched                     3,237,767
        from master                 3,237,767  (_merge==1)
        from using                          0  (_merge==2)

    Matched                           535,731  (_merge==3)
    -----------------------------------------
(3,238,652 real changes made)

    Result                      Number of obs
    -----------------------------------------
    Not matched                     3,255,078
        from master                 3,255,078  (_merge==1)
        from using                          0  (_merge==2)

    Matched                           606,960  (_merge==3)
    -----------------------------------------
(4,051 observations deleted)
(3,233,716 real changes made)
(3,255,078 real changes made)

    Result                      Number of obs
    -----------------------------------------
    Not matched                     3,259,900
        from master                 3,259,900  (_merge==1)
        from using                          0  (_merge==2)

    Matched                           602,138  (_merge==3)
    -----------------------------------------
(9,758 observations deleted)
(3,250,142 real changes made)
  3,773,498
  Celle finali: 3773498
  3,769,447
  Celle finali: 3769447
  3,862,038
  Celle finali: 3862038
  3,852,280
  Celle finali: 3852280
  [CO2 WB] ep_green: coef=-0.0050343  p_wcb=0.5441
  [CO2 WB] ep_co2: coef=-0.0025502  p_wcb=0.7067
  [CO2 WB] ep_green: coef= 0.0004449  p_wcb=0.9615
  [CO2 WB] ep_green: coef=-0.0024783  p_wcb=0.7969
  [CO2 WB] ep_co2: coef=-0.0048513  p_wcb=0.5290
  [CO2 WB] ep_co2: coef= 0.0012769  p_wcb=0.7735
  [CO2 WB] ep_green: coef=-0.0041401  p_wcb=0.7972
  [CO2 WB] ep_co2: coef= 0.0028035  p_wcb=0.3843
  [CO2 TREND] ep_green: coef= 0.0008802  p_wcb=0.6771
  [CO2 TREND] ep_co2: coef=-0.0013143  p_wcb=0.0630
  -> ln_export completato in 10.67825 minuti

. co2_one_outcome exp_qua     ln_export_qua

============================================================
  CO2 collapsed: ln_export_qua (totaldepth)
============================================================
  [CO2 TREND] ep_green: coef= 0.0008614  p_wcb=0.6981
  [CO2 TREND] ep_co2: coef=-0.0013551  p_wcb=0.0555
  -> ln_export completato in 10.841633 minuti

. co2_one_outcome exp_qua     ln_export_qua

============================================================
  CO2 collapsed: ln_export_qua (totaldepth)
============================================================
  [CO2 TREND] ep_green: coef= 0.0010641  p_wcb=0.6522
  [CO2 TREND] ep_co2: coef=-0.0008277  p_wcb=0.0832
  -> ln_export completato in 10.954867 minuti

. co2_one_outcome exp_qua     ln_export_qua

============================================================
  CO2 collapsed: ln_export_qua (desta)
============================================================
  [CO2 TREND] ep_green: coef=-0.0000220  p_wcb=0.9930
  [CO2 TREND] ep_co2: coef=-0.0001809  p_wcb=0.8175
  -> ln_export completato in 11.023917 minuti

. co2_one_outcome exp_qua     ln_export_qua

============================================================
  CO2 collapsed: ln_export_qua (desta)
============================================================
(3,464,093 observations deleted)
(9 observations deleted)
(311,149 missing values generated)
(311,149 observations deleted)
  Celle dopo collapse: 3764972

    Result                      Number of obs
    -----------------------------------------
    Not matched                     3,447,640
        from master                 3,447,640  (_merge==1)
        from using                          0  (_merge==2)

    Matched                           317,332  (_merge==3)
    -----------------------------------------
(3,447,640 real changes made)

    Result                      Number of obs
    -----------------------------------------
    Not matched                        88,218
        from master                    88,218  (_merge==1)
        from using                          0  (_merge==2)

    Matched                         3,676,754  (_merge==3)
    -----------------------------------------
(88,218 real changes made)

    Result                      Number of obs
    -----------------------------------------
    Not matched                     3,230,982
        from master                 3,230,982  (_merge==1)
        from using                          0  (_merge==2)

    Matched                           533,990  (_merge==3)
    -----------------------------------------
(3,230,982 real changes made)
(0 observations deleted)
(9 observations deleted)
(337,259 missing values generated)
(337,259 observations deleted)
  Celle dopo collapse: 3853303

    Result                      Number of obs
    -----------------------------------------
    Not matched                     3,530,502
        from master                 3,530,502  (_merge==1)
        from using                          0  (_merge==2)

    Matched                           322,801  (_merge==3)
    -----------------------------------------
(3,530,502 real changes made)

    Result                      Number of obs
    -----------------------------------------
    Not matched                        93,596
        from master                    93,596  (_merge==1)
        from using                          0  (_merge==2)

    Matched                         3,759,707  (_merge==3)
    -----------------------------------------
(93,596 real changes made)
  3,764,972
  Celle finali: 3764972

    Result                      Number of obs
    -----------------------------------------
    Not matched                     3,247,390
        from master                 3,247,390  (_merge==1)
        from using                          0  (_merge==2)

    Matched                           605,913  (_merge==3)
    -----------------------------------------
(3,247,390 real changes made)
(3,464,093 observations deleted)
(9 observations deleted)
(311,149 missing values generated)
(311,149 observations deleted)
  Celle dopo collapse: 3764972

    Result                      Number of obs
    -----------------------------------------
    Not matched                     3,447,640
        from master                 3,447,640  (_merge==1)
        from using                          0  (_merge==2)

    Matched                           317,332  (_merge==3)
    -----------------------------------------
(3,447,640 real changes made)

    Result                      Number of obs
    -----------------------------------------
    Not matched                        88,218
        from master                    88,218  (_merge==1)
        from using                          0  (_merge==2)

    Matched                         3,676,754  (_merge==3)
    -----------------------------------------
(88,218 real changes made)

    Result                      Number of obs
    -----------------------------------------
    Not matched                     3,230,131
        from master                 3,230,131  (_merge==1)
        from using                          0  (_merge==2)

    Matched                           534,841  (_merge==3)
    -----------------------------------------
(0 observations deleted)
(9 observations deleted)
(337,259 missing values generated)
(337,259 observations deleted)
  Celle dopo collapse: 3853303
(4,044 observations deleted)
(3,226,087 real changes made)

    Result                      Number of obs
    -----------------------------------------
    Not matched                     3,530,502
        from master                 3,530,502  (_merge==1)
        from using                          0  (_merge==2)

    Matched                           322,801  (_merge==3)
    -----------------------------------------
(3,530,502 real changes made)

    Result                      Number of obs
    -----------------------------------------
    Not matched                        93,596
        from master                    93,596  (_merge==1)
        from using                          0  (_merge==2)

    Matched                         3,759,707  (_merge==3)
    -----------------------------------------
(93,596 real changes made)

    Result                      Number of obs
    -----------------------------------------
    Not matched                     3,252,232
        from master                 3,252,232  (_merge==1)
        from using                          0  (_merge==2)

    Matched                           601,071  (_merge==3)
    -----------------------------------------
  3,853,303
  Celle finali: 3853303
(9,737 observations deleted)
(3,242,495 real changes made)
  3,760,928
  Celle finali: 3760928
  3,843,566
  Celle finali: 3843566
  [CO2 WB] ep_green: coef=-0.0052493  p_wcb=0.5437
  [CO2 WB] ep_co2: coef=-0.0011335  p_wcb=0.9506
  [CO2 WB] ep_green: coef= 0.0066434  p_wcb=0.6352
  [CO2 WB] ep_co2: coef= 0.0001523  p_wcb=0.9897
  [CO2 WB] ep_green: coef=-0.0062196  p_wcb=0.5623
  [CO2 WB] ep_co2: coef= 0.0021633  p_wcb=0.5528
  [CO2 WB] ep_green: coef=-0.0112848  p_wcb=0.4989
  [CO2 WB] ep_co2: coef= 0.0018859  p_wcb=0.6700
  [CO2 TREND] ep_green: coef= 0.0012933  p_wcb=0.6017
  [CO2 TREND] ep_co2: coef=-0.0008573  p_wcb=0.2414
  -> ln_export_qua completato in 10.045483 minuti

. co2_one_outcome uv_exp      ln_export_value

============================================================
  CO2 collapsed: ln_export_value (totaldepth)
============================================================
  [CO2 TREND] ep_green: coef= 0.0012333  p_wcb=0.6385
  [CO2 TREND] ep_co2: coef=-0.0009627  p_wcb=0.1791
  -> ln_export_qua completato in 10.0642 minuti

. co2_one_outcome uv_exp      ln_export_value

============================================================
  CO2 collapsed: ln_export_value (totaldepth)
============================================================
(3,464,093 observations deleted)
(311,158 observations deleted)
(13 missing values generated)
(13 observations deleted)
  Celle dopo collapse: 3764972

    Result                      Number of obs
    -----------------------------------------
    Not matched                     3,447,640
        from master                 3,447,640  (_merge==1)
        from using                          0  (_merge==2)

    Matched                           317,332  (_merge==3)
    -----------------------------------------
(3,447,640 real changes made)

    Result                      Number of obs
    -----------------------------------------
    Not matched                        88,218
        from master                    88,218  (_merge==1)
        from using                          0  (_merge==2)

    Matched                         3,676,754  (_merge==3)
    -----------------------------------------
(88,218 real changes made)

    Result                      Number of obs
    -----------------------------------------
    Not matched                     3,230,982
        from master                 3,230,982  (_merge==1)
        from using                          0  (_merge==2)

    Matched                           533,990  (_merge==3)
    -----------------------------------------
  [CO2 TREND] ep_green: coef= 0.0007583  p_wcb=0.7850
(3,230,982 real changes made)
  [CO2 TREND] ep_co2: coef=-0.0004376  p_wcb=0.3607
  -> ln_export_qua completato in 10.2618 minuti

. co2_one_outcome uv_exp      ln_export_value

============================================================
  CO2 collapsed: ln_export_value (desta)
============================================================
(0 observations deleted)
(337,268 observations deleted)
(13 missing values generated)
(13 observations deleted)
  Celle dopo collapse: 3853303

    Result                      Number of obs
    -----------------------------------------
    Not matched                     3,530,502
        from master                 3,530,502  (_merge==1)
        from using                          0  (_merge==2)

    Matched                           322,801  (_merge==3)
    -----------------------------------------
(3,530,502 real changes made)
  3,764,972
  Celle finali: 3764972

    Result                      Number of obs
    -----------------------------------------
    Not matched                        93,596
        from master                    93,596  (_merge==1)
        from using                          0  (_merge==2)

    Matched                         3,759,707  (_merge==3)
    -----------------------------------------
(93,596 real changes made)

    Result                      Number of obs
    -----------------------------------------
    Not matched                     3,247,390
        from master                 3,247,390  (_merge==1)
        from using                          0  (_merge==2)

    Matched                           605,913  (_merge==3)
    -----------------------------------------
(3,247,390 real changes made)
  [CO2 TREND] ep_green: coef=-0.0016893  p_wcb=0.5669
  [CO2 TREND] ep_co2: coef=-0.0005997  p_wcb=0.2033
  -> ln_export_qua completato in 10.5155 minuti

. co2_one_outcome uv_exp      ln_export_value

============================================================
  CO2 collapsed: ln_export_value (desta)
============================================================
  3,853,303
  Celle finali: 3853303
(3,464,093 observations deleted)
(311,158 observations deleted)
(13 missing values generated)
(13 observations deleted)
  Celle dopo collapse: 3764972

    Result                      Number of obs
    -----------------------------------------
    Not matched                     3,447,640
        from master                 3,447,640  (_merge==1)
        from using                          0  (_merge==2)

    Matched                           317,332  (_merge==3)
    -----------------------------------------
(3,447,640 real changes made)

    Result                      Number of obs
    -----------------------------------------
    Not matched                        88,218
        from master                    88,218  (_merge==1)
        from using                          0  (_merge==2)

    Matched                         3,676,754  (_merge==3)
    -----------------------------------------
(88,218 real changes made)

    Result                      Number of obs
    -----------------------------------------
    Not matched                     3,230,131
        from master                 3,230,131  (_merge==1)
        from using                          0  (_merge==2)

    Matched                           534,841  (_merge==3)
    -----------------------------------------
(4,044 observations deleted)
(3,226,087 real changes made)
  3,760,928
  Celle finali: 3760928
(0 observations deleted)
(337,268 observations deleted)
(13 missing values generated)
(13 observations deleted)
  Celle dopo collapse: 3853303

    Result                      Number of obs
    -----------------------------------------
    Not matched                     3,530,502
        from master                 3,530,502  (_merge==1)
        from using                          0  (_merge==2)

    Matched                           322,801  (_merge==3)
    -----------------------------------------
(3,530,502 real changes made)

    Result                      Number of obs
    -----------------------------------------
    Not matched                        93,596
        from master                    93,596  (_merge==1)
        from using                          0  (_merge==2)

    Matched                         3,759,707  (_merge==3)
    -----------------------------------------
(93,596 real changes made)

    Result                      Number of obs
    -----------------------------------------
    Not matched                     3,252,232
        from master                 3,252,232  (_merge==1)
        from using                          0  (_merge==2)

    Matched                           601,071  (_merge==3)
    -----------------------------------------
(9,737 observations deleted)
(3,242,495 real changes made)
  3,843,566
  Celle finali: 3843566
  [CO2 WB] ep_green: coef=-0.0002120  p_wcb=0.9158
  [CO2 WB] ep_co2: coef=-0.0012068  p_wcb=0.4763
  [CO2 WB] ep_green: coef=-0.0065228  p_wcb=0.2852
  [CO2 WB] ep_co2: coef=-0.0047804  p_wcb=0.2172
  [CO2 WB] ep_green: coef= 0.0035154  p_wcb=0.3724
  [CO2 WB] ep_co2: coef=-0.0007632  p_wcb=0.7554
  [CO2 WB] ep_green: coef= 0.0068701  p_wcb=0.3421
  [CO2 WB] ep_co2: coef= 0.0010071  p_wcb=0.7007
  [CO2 TREND] ep_green: coef=-0.0004919  p_wcb=0.4721
  [CO2 TREND] ep_co2: coef=-0.0004622  p_wcb=0.0828
  -> ln_export_value completato in 9.0600167 minuti

. 
. di as result _n "=== 71 FATTO. Output: $CSV_OUT ==="

=== 71 FATTO. Output: C:\Work\projects\Paper_PTA/New/Output/TripleDiff/Tables_S
> tata/co2_collapsed_alldepvars.csv ===

. cap log close _all

. 
end of do-file
  [CO2 TREND] ep_green: coef= 0.0002423  p_wcb=0.7519
  [CO2 TREND] ep_green: coef=-0.0004640  p_wcb=0.5507
  [CO2 TREND] ep_co2: coef=-0.0004011  p_wcb=0.2710
  -> ln_export_value completato in 9.0551167 minuti

. 
. di as result _n "=== 71 FATTO. Output: $CSV_OUT ==="

=== 71 FATTO. Output: C:\Work\projects\Paper_PTA/New/Output/TripleDiff/Tables_S
> tata/co2_collapsed_alldepvars_desta.csv ===

. cap log close _all

. 
end of do-file
  [CO2 TREND] ep_co2: coef=-0.0004002  p_wcb=0.2435
  -> ln_export_value completato in 9.3896833 minuti

. 
. di as result _n "=== 71 FATTO. Output: $CSV_OUT ==="

=== 71 FATTO. Output: C:\Work\projects\Paper_PTA/New/Output/TripleDiff/Tables_S
> tata/co2_collapsed_alldepvars_inclHKMO.csv ===

. cap log close _all

. 
end of do-file
  [CO2 TREND] ep_green: coef= 0.0015830  p_wcb=0.2847
  [CO2 TREND] ep_co2: coef= 0.0003963  p_wcb=0.6899
  -> ln_export_value completato in 9.2814167 minuti

. 
. di as result _n "=== 71 FATTO. Output: $CSV_OUT ==="

=== 71 FATTO. Output: C:\Work\projects\Paper_PTA/New/Output/TripleDiff/Tables_S
> tata/co2_collapsed_alldepvars_inclHKMO_desta.csv ===

. cap log close _all

. 
end of do-file
