
  ___  ____  ____  ____  ____ ®
 /__    /   ____/   /   ____/      StataNow 19.5
___/   /   /___/   /   /___/       SE—Standard Edition

 Statistics and Data Science       Copyright 1985-2025 StataCorp LLC
                                   StataCorp
                                   4905 Lakeway Drive
                                   College Station, Texas 77845 USA
                                   800-782-8272        https://www.stata.com
                                   979-696-4600        service@stata.com

Stata license: Unlimited-user network, expiring 16 May 2027
Serial number: 401909302599
  Licensed to: Cristiano Santinello
               Università degli Studi di Trento

Notes:
      1. Stata is running in batch mode.
      2. Unicode is supported; see help unicode_advice.
      3. Maximum number of variables is set to 5,000 but can be increased;
          see help set_maxvar.

. do C:\Work\projects\Paper_PTA\New\Code\stata\run_18_all_variants.do 

. * run_18_all_variants.do
. * Lancia 18_robustness_fullpanel.do per tutte le varianti (excl + incl HK/Mac
> ao).
. * Solo TotalDepth (spec principale). Le varianti DESTA non vengono stimate qu
> i.
. * Rilanciabile: ogni blocco ha la propria cache, niente viene rifatto.
. 
. di "=== VARIANTE 1: excl HK/Macao (baseline) ==="
=== VARIANTE 1: excl HK/Macao (baseline) ===

. global PTA_SAMPLE "excl"

. global PTA_DEPTH  "totaldepth"

. do "New/Code/stata/18_robustness_fullpanel.do"

. *****************************************************************************
> ***
. ****** 14 — Robustezze full-panel via reghdfe (Stata)                      **
> ****
. *****************************************************************************
> ***
. * Author: Edoardo Vitella
. * Sostituisce: 17_remaining_models.do. Cache per modello (regsave -> .dta):
. * rilanciabile senza rifare nulla se le stime esistono gia' in Output/TripleD
> iff/Tables.
. *
. * Completa la ladder di saturazione con le robustezze mancanti dopo 13:
. *   A. WB con CONTROLLI (tariffs MFN + ln_hhi_baci + AD_pdt)  [colonna paper]
. *   B. WB escludendo l'ASEAN (l'accordo che domina i trattati) [robustezza]
. *   D. WB e TREND sul sub-campione C-overlap (common support)
. *   E. TREND su C-deepshallow (solo partner PTA)
. *   G. WITHIN-FIRM: quota green nel paniere impresa-dest-anno su EP
. * Stessa igiene di 17: env_good da lista HS1996 (05), dirty da (06), TotalDep
> th da (08).
. *
. * BATCH (da PowerShell, non Git Bash: il flag /e viene manglato):
. *   Start-Process "C:\Program Files\StataNow19\StataSE-64.exe" `
. *     -ArgumentList '/e','do','"C:\Work\projects\Paper_PTA\New\Code\stata\18_
> robustness_fullpanel.do"' `
. *     -WorkingDirectory 'C:\Work\projects\Paper_PTA\New\Output' -Wait
. 
. do "New/Code/stata/_root.do"

. * _root.do — configurazione centralizzata del progetto
. * Il replicatore deve modificare SOLO questo file.
. 
. clear all

. set more off

. set varabbrev off

. 
. if c(os) == "Windows" {
.     global ROOT "C:\Work\projects\Paper_PTA"
. }

. else if c(os) == "MacOSX" {
.     global ROOT "~/Documents/work/projects/Paper_PTA"
. }

. else {
.     global ROOT "~/work/projects/Paper_PTA"
. }

. 
. cd "$ROOT"
C:\Work\projects\Paper_PTA

. 
. * --- Variant configuration (2x2 matrix) ---
. * PTA_SAMPLE: "excl" (default, exclude HK/Macao) or "incl"
. * PTA_DEPTH:  "totaldepth" (default) or "desta"
. if "$PTA_SAMPLE" == "" global PTA_SAMPLE "excl"

. if "$PTA_DEPTH"  == "" global PTA_DEPTH  "totaldepth"

. 
. * --- Output suffix (prevents cross-variant cache contamination) ---
. global OUTSFX ""

. if "$PTA_SAMPLE" == "incl" global OUTSFX "${OUTSFX}_inclHKMO"

. if "$PTA_DEPTH"  == "desta" global OUTSFX "${OUTSFX}_desta"

. 
end of do-file

. 
. *-- Variante di campione e depth (analogo Stata di New/Code/_sample_config.R)
>  --
. *  ##########################################################################
. *  ##  DUE COSE DA TOCCARE (una per asse):                               ##
. *  ##  1. CAMPIONE HK/Macao:                                             ##
. *  ##       "excl" -> HK e Macao ESCLUSI  (specifica principale)         ##
. *  ##       "incl" -> HK e Macao INCLUSI  (robustezza)                   ##
. *  ##  2. DEPTH CONTROL:                                                  ##
. *  ##       "totaldepth" -> TotalDepth_nonEnv, WB (spec principale)      ##
. *  ##       "desta"      -> DESTA_depth_index (robustezza)                ##
. *  ##########################################################################
. * DEFAULT = specifica principale del paper (excl HK/Macao, controllo TotalDep
> th),
. * allineato a _sample_config.R. Cambiare qui per rigenerare le varianti di
. * robustezza (i cui output esistono gia': suffissi _inclHKMO / _desta).
. * Riportato al default il 2026-08-23: era rimasto su "incl"/"desta" dall'ulti
> ma
. * variante eseguita, quindi un rerun non riproduceva il baseline.
. * Default: spec principale. Se gia' settati dal wrapper, non sovrascrivere.
. if "$PTA_SAMPLE" == "" global PTA_SAMPLE "excl"

. if "$PTA_DEPTH"  == "" global PTA_DEPTH  "totaldepth"

. 
. * Asse 1 — campione HK/Macao
. if !inlist("$PTA_SAMPLE", "excl", "incl") {
.     di as error "PTA_SAMPLE deve essere excl o incl, trovato: $PTA_SAMPLE"
.     exit 198
. }

. if "$PTA_SAMPLE" == "incl" {
.     global HKMOEXPR "1"
.     global SFX "_inclHKMO"
. }

. else {
.     global HKMOEXPR "!hkmo"
.     global SFX ""
. }

. di "[campione] $PTA_SAMPLE"
[campione] excl

. 
. * Asse 2 — depth control
. if !inlist("$PTA_DEPTH", "totaldepth", "desta") {
.     di as error "PTA_DEPTH deve essere totaldepth o desta, trovato: $PTA_DEPT
> H"
.     exit 198
. }

. if "$PTA_DEPTH" == "desta" {
.     global DEPTHFILE "$ROOT/New/Data/TotalDepth/desta_depth_country_year.csv"
.     global DEPTHVAR  "desta_depth_index"
.     global DEPTHSFX  "_desta"
.     global DROP_UNMEASURED 1
. }

. else {
.     global DEPTHFILE "$ROOT/New/Data/TotalDepth/wb_totaldepth_country_year.cs
> v"
.     global DEPTHVAR  "totaldepth_nonenv"
.     global DEPTHSFX  ""
.     global DROP_UNMEASURED 0
. }

. global OUTSFX "$SFX$DEPTHSFX"

. di "[depth] $PTA_DEPTH ($DEPTHVAR) | suffisso output: '$OUTSFX'"
[depth] totaldepth (totaldepth_nonenv) | suffisso output: ''

. 
. cap mkdir "$ROOT/New/Output/Diagnostics/stata_logs"

. cap log close _all

. log using "$ROOT/New/Output/Diagnostics/stata_logs/18_robustness_fullpanel$OU
> TSFX.log", replace text
(file
    C:\Work\projects\Paper_PTA/New/Output/Diagnostics/stata_logs/18_robustnes
    > s_fullpanel.log not found)
-------------------------------------------------------------------------------
      name:  <unnamed>
       log:  C:\Work\projects\Paper_PTA/New/Output/Diagnostics/stata_logs/18_ro
> bustness_fullpanel.log
  log type:  text
 opened on:   5 Sep 2026, 01:57:52

. 
. global TAB  "$ROOT/New/Output/TripleDiff/Tables"

. 
. cap which reghdfe

. if _rc ssc install reghdfe

. cap which ftools

. if _rc ssc install ftools

. cap which regsave

. if _rc ssc install regsave

. 
. *── Liste ausiliarie ────────────────────────────────────────────────────────
> ───
. import delimited "$ROOT/New/Data/Classifications/green_codes_hs1996.csv", cle
> ar
(encoding automatically selected: ISO-8859-2)
(7 vars, 248 obs)

. keep hs6_final

. rename hs6_final hs6

. duplicates drop hs6, force

Duplicates in terms of hs6

(2 observations deleted)

. gen byte env_good_new = 1

. tempfile green

. save `green'
file C:\Users\edodr\AppData\Local\Temp\ST_5a64_000001.tmp saved as .dta
    format

. 
. import delimited "$ROOT/New/Data/Classifications/dirty_goods_hs6.csv", clear
(encoding automatically selected: ISO-8859-2)
(3 vars, 1,139 obs)

. keep hs6 dirty

. rename dirty dirty_p

. tempfile dirty

. save `dirty'
file C:\Users\edodr\AppData\Local\Temp\ST_5a64_000002.tmp saved as .dta
    format

. 
. import delimited "$DEPTHFILE", clear
(encoding automatically selected: ISO-8859-1)
(5 vars, 249 obs)

. keep country_code year $DEPTHVAR

. tempfile depth

. save `depth'
file C:\Users\edodr\AppData\Local\Temp\ST_5a64_000003.tmp saved as .dta
    format

. 
. import delimited "$ROOT/New/Data/Subsamples/flag_overlap.csv", clear
(encoding automatically selected: ISO-8859-1)
(5 vars, 5,008 obs)

. keep if overlap_cem == "TRUE"
(160 observations deleted)

. keep hs6

. duplicates drop hs6, force

Duplicates in terms of hs6

(0 observations are duplicates)

. gen byte in_overlap = 1

. tempfile overlap

. save `overlap'
file C:\Users\edodr\AppData\Local\Temp\ST_5a64_000004.tmp saved as .dta
    format

. 
. import delimited "$ROOT/New/Data/Subsamples/flag_deepshallow.csv", clear
(encoding automatically selected: ISO-8859-1)
(4 vars, 239 obs)

. keep if inlist(group, "deep", "shallow")
(214 observations deleted)

. keep country_code

. duplicates drop country_code, force

Duplicates in terms of country_code

(0 observations are duplicates)

. gen byte in_deepshallow = 1

. tempfile deepshallow

. save `deepshallow'
file C:\Users\edodr\AppData\Local\Temp\ST_5a64_000005.tmp saved as .dta
    format

. 
. *── Panel preparato (una volta sola) ────────────────────────────────────────
> ───
. use ln_export WB_EP_Depth TREND_EP_Count hs6 country_code year fpd fdt pt ///
>     tariffs ln_hhi_baci AD_pdt companyID export ///
>     using "$ROOT/Data/Final Dataset/final_dataset_pta_env_indices_compressed.
> dta", clear

. 
. gen byte hkmo = inlist(country_code, 110, 121)

. * membri ASEAN nei dati doganali (accordo unico 2005)
. gen byte asean = inlist(country_code, 105, 107, 112, 119, 122, 106, 129, 132,
>  136) ///
>                | inlist(country_code, 144, 141)

. 
. merge m:1 hs6 using `green', keep(master match)

    Result                      Number of obs
    -----------------------------------------
    Not matched                    43,652,802
        from master                43,652,802  (_merge==1)
        from using                          0  (_merge==2)

    Matched                         5,592,502  (_merge==3)
    -----------------------------------------

. qui count if _merge == 3

. di as text "[merge green] righe appaiate: " r(N)
[merge green] righe appaiate: 5592502

. drop _merge

. replace env_good_new = 0 if missing(env_good_new)
(43,652,802 real changes made)

. merge m:1 hs6 using `dirty', keep(master match)

    Result                      Number of obs
    -----------------------------------------
    Not matched                    45,404,042
        from master                45,404,042  (_merge==1)
        from using                          0  (_merge==2)

    Matched                         3,841,262  (_merge==3)
    -----------------------------------------

. qui count if _merge == 3

. di as text "[merge dirty] righe appaiate: " r(N)
[merge dirty] righe appaiate: 3841262

. drop _merge

. replace dirty_p = 0 if missing(dirty_p)
(45,404,042 real changes made)

. merge m:1 country_code year using `depth', keep(master match)

    Result                      Number of obs
    -----------------------------------------
    Not matched                    36,957,500
        from master                36,957,500  (_merge==1)
        from using                          0  (_merge==2)

    Matched                        12,287,804  (_merge==3)
    -----------------------------------------

. qui count if _merge == 3

. di as text "[merge depth] righe appaiate: " r(N)
[merge depth] righe appaiate: 12287804

. drop _merge

. if $DROP_UNMEASURED {
.     drop if missing($DEPTHVAR) & WB_EP_Depth > 0
. }

. replace $DEPTHVAR = 0 if missing($DEPTHVAR)
(36,957,500 real changes made)

. merge m:1 hs6 using `overlap', keep(master match) nogen

    Result                      Number of obs
    -----------------------------------------
    Not matched                         2,364
        from master                     2,364  
        from using                          0  

    Matched                        49,242,940  
    -----------------------------------------

. replace in_overlap = 0 if missing(in_overlap)
(2,364 real changes made)

. merge m:1 country_code using `deepshallow', keep(master match) nogen

    Result                      Number of obs
    -----------------------------------------
    Not matched                    34,012,226
        from master                34,012,226  
        from using                          0  

    Matched                        15,233,078  
    -----------------------------------------

. replace in_deepshallow = 0 if missing(in_deepshallow)
(34,012,226 real changes made)

. 
. gen double wb_green = WB_EP_Depth    * env_good_new

. gen double wb_dirty = WB_EP_Depth    * dirty_p

. gen double tr_green = TREND_EP_Count * env_good_new

. gen double tr_dirty = TREND_EP_Count * dirty_p

. gen double td_green = $DEPTHVAR * env_good_new

. gen double td_dirty = $DEPTHVAR * dirty_p

. 
. * panel per il modulo within-firm (G), salvato PRIMA di droppare colonne
. preserve

. keep companyID country_code year export env_good_new WB_EP_Depth TREND_EP_Cou
> nt ///
>      $DEPTHVAR hkmo

. tempfile forG

. save `forG'
file C:\Users\edodr\AppData\Local\Temp\ST_5a64_000007.tmp saved as .dta
    format

. restore

. drop companyID export hs6 WB_EP_Depth TREND_EP_Count $DEPTHVAR

. 
. *── A. WB con controlli (HK+MO esclusi) ─────────────────────────────────────
> ───
. cap confirm file "$TAB/_rob_A_WB_controls$OUTSFX.dta"

. if _rc {
.     reghdfe ln_export wb_green wb_dirty td_green td_dirty tariffs ln_hhi_baci
>  AD_pdt ///
>         if $HKMOEXPR, absorb(fpd fdt pt) vce(cluster country_code) compact
(dropped 2.16e+07 singleton observations)
(MWFE estimator converged in 82 iterations)

HDFE Linear regression                            Number of obs   = 19,286,638
Absorbing 3 HDFE groups                           F(   7,    175) =       4.81
Statistics robust to heteroskedasticity           Prob > F        =     0.0001
                                                  R-squared       =     0.8736
                                                  Adj R-squared   =     0.7429
                                                  Within R-sq.    =     0.0000
Number of clusters (country_code) =        176    Root MSE        =     1.3400

                         (Std. err. adjusted for 176 clusters in country_code)
------------------------------------------------------------------------------
             |               Robust
   ln_export | Coefficient  std. err.      t    P>|t|     [95% conf. interval]
-------------+----------------------------------------------------------------
    wb_green |  -.0002414    .002968    -0.08   0.935    -.0060991    .0056163
    wb_dirty |  -.0059991   .0025954    -2.31   0.022    -.0111214   -.0008769
    td_green |   .0000102   .0001065     0.10   0.924       -.0002    .0002203
    td_dirty |   .0002152    .000096     2.24   0.026     .0000257    .0004046
     tariffs |  -.0008698   .0048864    -0.18   0.859    -.0105136    .0087739
 ln_hhi_baci |  -.0016594   .0020411    -0.81   0.417    -.0056877    .0023689
      AD_pdt |  -.0561094   .0125318    -4.48   0.000    -.0808423   -.0313766
       _cons |   9.605914   .0080975  1186.29   0.000     9.589933    9.621895
------------------------------------------------------------------------------

Absorbed degrees of freedom:
-----------------------------------------------------+
 Absorbed FE | Categories  - Redundant  = Num. Coefs |
-------------+---------------------------------------|
         fpd |   5548062     5548062           0    *|
         fdt |   4196048     4196048           0    *|
          pt |     63107           1       63106     |
-----------------------------------------------------+
* = FE nested within cluster; treated as redundant for DoF computation
.     regsave using "$TAB/_rob_A_WB_controls$OUTSFX.dta", tstat pval ci replace
>  addlabel(model, A_WB_controls, source, reghdfe_stata_18)
(file
    C:\Work\projects\Paper_PTA/New/Output/TripleDiff/Tables/_rob_A_WB_control
    > s.dta not found)
file
    C:\Work\projects\Paper_PTA/New/Output/TripleDiff/Tables/_rob_A_WB_control
    > s.dta saved
. }

. 
. *── A. TREND con controlli ──────────────────────────────────────────────────
> ───
. cap confirm file "$TAB/_rob_A_TREND_controls$OUTSFX.dta"

. if _rc {
.     reghdfe ln_export tr_green tr_dirty td_green td_dirty tariffs ln_hhi_baci
>  AD_pdt ///
>         if $HKMOEXPR, absorb(fpd fdt pt) vce(cluster country_code) compact
(dropped 2.16e+07 singleton observations)
(MWFE estimator converged in 82 iterations)

HDFE Linear regression                            Number of obs   = 19,286,638
Absorbing 3 HDFE groups                           F(   7,    175) =       3.68
Statistics robust to heteroskedasticity           Prob > F        =     0.0010
                                                  R-squared       =     0.8736
                                                  Adj R-squared   =     0.7429
                                                  Within R-sq.    =     0.0000
Number of clusters (country_code) =        176    Root MSE        =     1.3400

                         (Std. err. adjusted for 176 clusters in country_code)
------------------------------------------------------------------------------
             |               Robust
   ln_export | Coefficient  std. err.      t    P>|t|     [95% conf. interval]
-------------+----------------------------------------------------------------
    tr_green |   .0003911   .0009137     0.43   0.669    -.0014122    .0021943
    tr_dirty |  -.0008516    .000676    -1.26   0.209    -.0021858    .0004825
    td_green |  -.0000573   .0001717    -0.33   0.739    -.0003961    .0002815
    td_dirty |   .0001332   .0001401     0.95   0.343    -.0001433    .0004097
     tariffs |  -.0008761   .0048847    -0.18   0.858    -.0105167    .0087644
 ln_hhi_baci |  -.0016637   .0020407    -0.82   0.416    -.0056911    .0023638
      AD_pdt |  -.0560986   .0125329    -4.48   0.000    -.0808336   -.0313636
       _cons |   9.605903   .0081805  1174.24   0.000     9.589758    9.622048
------------------------------------------------------------------------------

Absorbed degrees of freedom:
-----------------------------------------------------+
 Absorbed FE | Categories  - Redundant  = Num. Coefs |
-------------+---------------------------------------|
         fpd |   5548062     5548062           0    *|
         fdt |   4196048     4196048           0    *|
          pt |     63107           1       63106     |
-----------------------------------------------------+
* = FE nested within cluster; treated as redundant for DoF computation
.     regsave using "$TAB/_rob_A_TREND_controls$OUTSFX.dta", tstat pval ci repl
> ace addlabel(model, A_TREND_controls, source, reghdfe_stata_18)
(file
    C:\Work\projects\Paper_PTA/New/Output/TripleDiff/Tables/_rob_A_TREND_cont
    > rols.dta not found)
file
    C:\Work\projects\Paper_PTA/New/Output/TripleDiff/Tables/_rob_A_TREND_cont
    > rols.dta saved
. }

. 
. *── B. WB senza ASEAN ───────────────────────────────────────────────────────
> ───
. cap confirm file "$TAB/_rob_B_WB_noASEAN$OUTSFX.dta"

. if _rc {
.     reghdfe ln_export wb_green wb_dirty td_green td_dirty ///
>         if $HKMOEXPR & !asean, absorb(fpd fdt pt) vce(cluster country_code) c
> ompact
(dropped 2.11e+07 singleton observations)
(MWFE estimator converged in 83 iterations)

HDFE Linear regression                            Number of obs   = 19,236,090
Absorbing 3 HDFE groups                           F(   4,    213) =       1.26
Statistics robust to heteroskedasticity           Prob > F        =     0.2851
                                                  R-squared       =     0.8719
                                                  Adj R-squared   =     0.7423
                                                  Within R-sq.    =     0.0000
Number of clusters (country_code) =        214    Root MSE        =     1.3348

                         (Std. err. adjusted for 214 clusters in country_code)
------------------------------------------------------------------------------
             |               Robust
   ln_export | Coefficient  std. err.      t    P>|t|     [95% conf. interval]
-------------+----------------------------------------------------------------
    wb_green |  -.0025313    .003594    -0.70   0.482    -.0096157     .004553
    wb_dirty |   -.004378   .0022281    -1.96   0.051      -.00877    .0000139
    td_green |   .0000962   .0000958     1.00   0.316    -.0000926     .000285
    td_dirty |   .0002025   .0001028     1.97   0.050    -8.24e-08    .0004051
       _cons |   9.596184   .0001308  7.3e+04   0.000     9.595926    9.596442
------------------------------------------------------------------------------

Absorbed degrees of freedom:
-----------------------------------------------------+
 Absorbed FE | Categories  - Redundant  = Num. Coefs |
-------------+---------------------------------------|
         fpd |   5493864     5493864           0    *|
         fdt |   4114509     4114509           0    *|
          pt |     63329           1       63328     |
-----------------------------------------------------+
* = FE nested within cluster; treated as redundant for DoF computation
.     regsave using "$TAB/_rob_B_WB_noASEAN$OUTSFX.dta", tstat pval ci replace 
> addlabel(model, B_WB_noASEAN, source, reghdfe_stata_18)
(file
    C:\Work\projects\Paper_PTA/New/Output/TripleDiff/Tables/_rob_B_WB_noASEAN
    > .dta not found)
file
    C:\Work\projects\Paper_PTA/New/Output/TripleDiff/Tables/_rob_B_WB_noASEAN
    > .dta saved
. }

. 
. *── B. TREND senza ASEAN ────────────────────────────────────────────────────
> ───
. cap confirm file "$TAB/_rob_B_TREND_noASEAN$OUTSFX.dta"

. if _rc {
.     reghdfe ln_export tr_green tr_dirty td_green td_dirty ///
>         if $HKMOEXPR & !asean, absorb(fpd fdt pt) vce(cluster country_code) c
> ompact
(dropped 2.11e+07 singleton observations)
(MWFE estimator converged in 83 iterations)

HDFE Linear regression                            Number of obs   = 19,236,090
Absorbing 3 HDFE groups                           F(   4,    213) =       1.86
Statistics robust to heteroskedasticity           Prob > F        =     0.1182
                                                  R-squared       =     0.8719
                                                  Adj R-squared   =     0.7423
                                                  Within R-sq.    =     0.0000
Number of clusters (country_code) =        214    Root MSE        =     1.3348

                         (Std. err. adjusted for 214 clusters in country_code)
------------------------------------------------------------------------------
             |               Robust
   ln_export | Coefficient  std. err.      t    P>|t|     [95% conf. interval]
-------------+----------------------------------------------------------------
    tr_green |  -.0010212   .0010208    -1.00   0.318    -.0030334     .000991
    tr_dirty |  -.0018266   .0007208    -2.53   0.012    -.0032474   -.0004057
    td_green |   .0001891    .000136     1.39   0.166     -.000079    .0004573
    td_dirty |   .0003741   .0001463     2.56   0.011     .0000858    .0006624
       _cons |   9.596096   .0001321  7.3e+04   0.000     9.595835    9.596356
------------------------------------------------------------------------------

Absorbed degrees of freedom:
-----------------------------------------------------+
 Absorbed FE | Categories  - Redundant  = Num. Coefs |
-------------+---------------------------------------|
         fpd |   5493864     5493864           0    *|
         fdt |   4114509     4114509           0    *|
          pt |     63329           1       63328     |
-----------------------------------------------------+
* = FE nested within cluster; treated as redundant for DoF computation
.     regsave using "$TAB/_rob_B_TREND_noASEAN$OUTSFX.dta", tstat pval ci repla
> ce addlabel(model, B_TREND_noASEAN, source, reghdfe_stata_18)
(file
    C:\Work\projects\Paper_PTA/New/Output/TripleDiff/Tables/_rob_B_TREND_noAS
    > EAN.dta not found)
file
    C:\Work\projects\Paper_PTA/New/Output/TripleDiff/Tables/_rob_B_TREND_noAS
    > EAN.dta saved
. }

. 
. * NOTA: il vecchio blocco C ("WB includendo HK+MO") e' stato rimosso. Ora si
. * ottiene lanciando questo stesso file con  global PTA_SAMPLE "incl", che
. * produce la variante inclusiva di TUTTI i blocchi, non solo di WB baseline.
. 
. *── D. C-overlap (WB e TREND) ───────────────────────────────────────────────
> ───
. cap confirm file "$TAB/_rob_D_WB_overlap$OUTSFX.dta"

. if _rc {
.     reghdfe ln_export wb_green wb_dirty td_green td_dirty ///
>         if $HKMOEXPR & in_overlap, absorb(fpd fdt pt) vce(cluster country_cod
> e) compact
(dropped 2.43e+07 singleton observations)
(MWFE estimator converged in 89 iterations)

HDFE Linear regression                            Number of obs   = 21,519,197
Absorbing 3 HDFE groups                           F(   4,    224) =       1.20
Statistics robust to heteroskedasticity           Prob > F        =     0.3103
                                                  R-squared       =     0.8734
                                                  Adj R-squared   =     0.7440
                                                  Within R-sq.    =     0.0000
Number of clusters (country_code) =        225    Root MSE        =     1.3334

                         (Std. err. adjusted for 225 clusters in country_code)
------------------------------------------------------------------------------
             |               Robust
   ln_export | Coefficient  std. err.      t    P>|t|     [95% conf. interval]
-------------+----------------------------------------------------------------
    wb_green |  -.0022565   .0039257    -0.57   0.566    -.0099926    .0054796
    wb_dirty |  -.0043532   .0022264    -1.96   0.052    -.0087405    .0000341
    td_green |   .0000608    .000104     0.58   0.560    -.0001441    .0002657
    td_dirty |   .0001876   .0000963     1.95   0.053    -2.14e-06    .0003773
       _cons |   9.573227   .0003563  2.7e+04   0.000     9.572525     9.57393
------------------------------------------------------------------------------

Absorbed degrees of freedom:
-----------------------------------------------------+
 Absorbed FE | Categories  - Redundant  = Num. Coefs |
-------------+---------------------------------------|
         fpd |   6181276     6181276           0    *|
         fdt |   4631396     4631396           0    *|
          pt |     64440           1       64439     |
-----------------------------------------------------+
* = FE nested within cluster; treated as redundant for DoF computation
.     regsave using "$TAB/_rob_D_WB_overlap$OUTSFX.dta", tstat pval ci replace 
> addlabel(model, D_WB_overlap, source, reghdfe_stata_18)
(file
    C:\Work\projects\Paper_PTA/New/Output/TripleDiff/Tables/_rob_D_WB_overlap
    > .dta not found)
file
    C:\Work\projects\Paper_PTA/New/Output/TripleDiff/Tables/_rob_D_WB_overlap
    > .dta saved
. }

. cap confirm file "$TAB/_rob_D_TREND_overlap$OUTSFX.dta"

. if _rc {
.     reghdfe ln_export tr_green tr_dirty td_green td_dirty ///
>         if $HKMOEXPR & in_overlap, absorb(fpd fdt pt) vce(cluster country_cod
> e) compact
(dropped 2.43e+07 singleton observations)
(MWFE estimator converged in 89 iterations)

HDFE Linear regression                            Number of obs   = 21,519,197
Absorbing 3 HDFE groups                           F(   4,    224) =       0.53
Statistics robust to heteroskedasticity           Prob > F        =     0.7103
                                                  R-squared       =     0.8734
                                                  Adj R-squared   =     0.7440
                                                  Within R-sq.    =     0.0000
Number of clusters (country_code) =        225    Root MSE        =     1.3334

                         (Std. err. adjusted for 225 clusters in country_code)
------------------------------------------------------------------------------
             |               Robust
   ln_export | Coefficient  std. err.      t    P>|t|     [95% conf. interval]
-------------+----------------------------------------------------------------
    tr_green |  -.0000957   .0009958    -0.10   0.924    -.0020579    .0018666
    tr_dirty |  -.0008953   .0006247    -1.43   0.153    -.0021262    .0003357
    td_green |  -3.74e-06    .000163    -0.02   0.982     -.000325    .0003175
    td_dirty |   .0001679   .0001281     1.31   0.191    -.0000844    .0004203
       _cons |   9.573055   .0005099  1.9e+04   0.000      9.57205     9.57406
------------------------------------------------------------------------------

Absorbed degrees of freedom:
-----------------------------------------------------+
 Absorbed FE | Categories  - Redundant  = Num. Coefs |
-------------+---------------------------------------|
         fpd |   6181276     6181276           0    *|
         fdt |   4631396     4631396           0    *|
          pt |     64440           1       64439     |
-----------------------------------------------------+
* = FE nested within cluster; treated as redundant for DoF computation
.     regsave using "$TAB/_rob_D_TREND_overlap$OUTSFX.dta", tstat pval ci repla
> ce addlabel(model, D_TREND_overlap, source, reghdfe_stata_18)
(file
    C:\Work\projects\Paper_PTA/New/Output/TripleDiff/Tables/_rob_D_TREND_over
    > lap.dta not found)
file
    C:\Work\projects\Paper_PTA/New/Output/TripleDiff/Tables/_rob_D_TREND_over
    > lap.dta saved
. }

. 
. *── E. C-deepshallow TREND ──────────────────────────────────────────────────
> ────
. cap confirm file "$TAB/_rob_E_TREND_deepshallow$OUTSFX.dta"

. if _rc {
.     reghdfe ln_export tr_green tr_dirty td_green td_dirty ///
>         if $HKMOEXPR & in_deepshallow, absorb(fpd fdt pt) vce(cluster country
> _code) compact
(dropped 6506687 singleton observations)
(MWFE estimator converged in 97 iterations)

HDFE Linear regression                            Number of obs   =  5,262,293
Absorbing 3 HDFE groups                           F(   4,     22) =       1.40
Statistics robust to heteroskedasticity           Prob > F        =     0.2668
                                                  R-squared       =     0.8839
                                                  Adj R-squared   =     0.7514
                                                  Within R-sq.    =     0.0000
Number of clusters (country_code) =         23    Root MSE        =     1.3149

                          (Std. err. adjusted for 23 clusters in country_code)
------------------------------------------------------------------------------
             |               Robust
   ln_export | Coefficient  std. err.      t    P>|t|     [95% conf. interval]
-------------+----------------------------------------------------------------
    tr_green |  -.0003618    .000999    -0.36   0.721    -.0024337      .00171
    tr_dirty |  -.0006149   .0010103    -0.61   0.549    -.0027101    .0014804
    td_green |   .0000737   .0001498     0.49   0.628    -.0002371    .0003844
    td_dirty |  -.0000217   .0002055    -0.11   0.917    -.0004478    .0004044
       _cons |   9.431454   .0024903  3787.35   0.000      9.42629    9.436619
------------------------------------------------------------------------------

Absorbed degrees of freedom:
-----------------------------------------------------+
 Absorbed FE | Categories  - Redundant  = Num. Coefs |
-------------+---------------------------------------|
         fpd |   1551747     1551747           0    *|
         fdt |   1196098     1196098           0    *|
          pt |     57143           1       57142     |
-----------------------------------------------------+
* = FE nested within cluster; treated as redundant for DoF computation
.     regsave using "$TAB/_rob_E_TREND_deepshallow$OUTSFX.dta", tstat pval ci r
> eplace addlabel(model, E_TREND_deepshallow, source, reghdfe_stata_18)
(file
    C:\Work\projects\Paper_PTA/New/Output/TripleDiff/Tables/_rob_E_TREND_deep
    > shallow.dta not found)
file
    C:\Work\projects\Paper_PTA/New/Output/TripleDiff/Tables/_rob_E_TREND_deep
    > shallow.dta saved
. }

. 
. *── G. Within-firm: quota green nel paniere impresa-dest-anno ───────────────
> ───
. * share_green_fdt = quota di valore export green dell'impresa f verso d in t.
. * EP varia a dest-anno: FE impresa-dest (fd) + anno; identificazione within-f
> d.
. cap confirm file "$TAB/_rob_G_WB_withinfirm$OUTSFX.dta"

. if _rc {
.     use `forG' if $HKMOEXPR, clear
.     gen double exp_green = export * env_good_new
(9 missing values generated)
.     collapse (sum) export exp_green ///
>              (first) WB_EP_Depth TREND_EP_Count $DEPTHVAR, ///
>              by(companyID country_code year)
.     gen double share_green = exp_green / export
(5 missing values generated)
.     egen long fd = group(companyID country_code)
(1 missing value generated)
.     reghdfe share_green WB_EP_Depth $DEPTHVAR, ///
>         absorb(fd year) vce(cluster country_code)
(dropped 2299227 singleton observations)
(MWFE estimator converged in 10 iterations)

HDFE Linear regression                            Number of obs   = 13,345,132
Absorbing 2 HDFE groups                           F(   2,    231) =       0.37
Statistics robust to heteroskedasticity           Prob > F        =     0.6941
                                                  R-squared       =     0.8510
                                                  Adj R-squared   =     0.8072
                                                  Within R-sq.    =     0.0000
Number of clusters (country_code) =        232    Root MSE        =     0.1340

                         (Std. err. adjusted for 232 clusters in country_code)
------------------------------------------------------------------------------
             |               Robust
 share_green | Coefficient  std. err.      t    P>|t|     [95% conf. interval]
-------------+----------------------------------------------------------------
 WB_EP_Depth |  -.0001036   .0001539    -0.67   0.502    -.0004069    .0001997
totaldepth~v |   3.22e-06   7.42e-06     0.43   0.665    -.0000114    .0000178
       _cons |   .1196065   .0000916  1305.69   0.000      .119426     .119787
------------------------------------------------------------------------------

Absorbed degrees of freedom:
-----------------------------------------------------+
 Absorbed FE | Categories  - Redundant  = Num. Coefs |
-------------+---------------------------------------|
          fd |   3029741     3029741           0    *|
        year |        16           1          15     |
-----------------------------------------------------+
* = FE nested within cluster; treated as redundant for DoF computation
.     regsave using "$TAB/_rob_G_WB_withinfirm$OUTSFX.dta", tstat pval ci repla
> ce addlabel(model, G_WB_withinfirm, source, reghdfe_stata_18)
(file
    C:\Work\projects\Paper_PTA/New/Output/TripleDiff/Tables/_rob_G_WB_withinf
    > irm.dta not found)
file
    C:\Work\projects\Paper_PTA/New/Output/TripleDiff/Tables/_rob_G_WB_withinf
    > irm.dta saved
.     reghdfe share_green TREND_EP_Count $DEPTHVAR, ///
>         absorb(fd year) vce(cluster country_code)
(dropped 2299227 singleton observations)
(MWFE estimator converged in 10 iterations)

HDFE Linear regression                            Number of obs   = 13,345,132
Absorbing 2 HDFE groups                           F(   2,    231) =       2.19
Statistics robust to heteroskedasticity           Prob > F        =     0.1144
                                                  R-squared       =     0.8510
                                                  Adj R-squared   =     0.8072
                                                  Within R-sq.    =     0.0000
Number of clusters (country_code) =        232    Root MSE        =     0.1340

                         (Std. err. adjusted for 232 clusters in country_code)
------------------------------------------------------------------------------
             |               Robust
 share_green | Coefficient  std. err.      t    P>|t|     [95% conf. interval]
-------------+----------------------------------------------------------------
TREND_EP_C~t |  -.0000594   .0000293    -2.03   0.044    -.0001172   -1.69e-06
totaldepth~v |   8.17e-06   5.61e-06     1.46   0.147    -2.89e-06    .0000192
       _cons |   .1194876   .0001133  1054.22   0.000     .1192643    .1197109
------------------------------------------------------------------------------

Absorbed degrees of freedom:
-----------------------------------------------------+
 Absorbed FE | Categories  - Redundant  = Num. Coefs |
-------------+---------------------------------------|
          fd |   3029741     3029741           0    *|
        year |        16           1          15     |
-----------------------------------------------------+
* = FE nested within cluster; treated as redundant for DoF computation
.     regsave using "$TAB/_rob_G_TREND_withinfirm$OUTSFX.dta", tstat pval ci re
> place addlabel(model, G_TREND_withinfirm, source, reghdfe_stata_18)
(file
    C:\Work\projects\Paper_PTA/New/Output/TripleDiff/Tables/_rob_G_TREND_with
    > infirm.dta not found)
file
    C:\Work\projects\Paper_PTA/New/Output/TripleDiff/Tables/_rob_G_TREND_with
    > infirm.dta saved
. }

. 
. *── Export riassuntivo ──────────────────────────────────────────────────────
> ───
. * NOTA: "append using "$TAB/`f''" falliva con r(601) perche' `dir ... files`
. * restituisce nomi gia' tra virgolette compound e append non accetta un
. * dataset vuoto in memoria come target del primissimo append: si usa `use`
. * per il primo file e `append` per i successivi, con path a forward slash
. * (Stata li accetta anche su Windows ed evita l'ambiguita' backslash-backtick
> ).
. * Il glob non distingue le 4 varianti: si mantengono solo i file il cui nome
. * termina con OUTSFX.dta (suffisso composto campione+depth).
. * Per OUTSFX vuoto (spec principale) si escludono i file con _inclHKMO o _des
> ta.
. clear

. local all : dir "$TAB" files "_rob_*.dta"

. local files ""

. foreach f of local all {
  2.     * NB: su Windows `: dir` restituisce i nomi in MINUSCOLO, mentre i fil
> e sul
.     * disco sono _rob_A_WB_controls_inclHKMO.dta: senza lower() su entrambi i
.     * lati il confronto non matcha mai -> lista vuota (r(102) su export) per 
> le
.     * run suffissate, e nessuna esclusione per la run principale.
.     local match 0
  3.     if "$OUTSFX" != "" {
  4.         if strpos(lower("`f'"), lower("$OUTSFX.dta")) > 0 local match 1
  5.     }
  6.     else {
  7.         if !strpos(lower("`f'"), "_inclhkmo") & !strpos(lower("`f'"), "_de
> sta") local match 1
  8.     }
  9.     if `match' local files `"`files' "`f'""'
 10. }

. local first = 1

. foreach f of local files {
  2.     if `first' {
  3.         use "$TAB/`f'", clear
  4.         local first = 0
  5.     }
  6.     else {
  7.         append using "$TAB/`f'"
  8.     }
  9. }
(variable model was str16, now str19 to accommodate using data's values)
(variable var was str11, now str17 to accommodate using data's values)

. export delimited "$TAB/tripledd_robustness_reghdfe$OUTSFX.csv", replace
file C:\Work\projects\Paper_PTA/New/Output/TripleDiff/Tables/tripledd_robustnes
> s_reghdfe.csv saved

. di "[OK] tripledd_robustness_reghdfe$OUTSFX.csv"
[OK] tripledd_robustness_reghdfe.csv

. 
. cap log close _all

. 
end of do-file

. 
. di "=== VARIANTE 2: incl HK/Macao ==="
=== VARIANTE 2: incl HK/Macao ===

. global PTA_SAMPLE "incl"

. global PTA_DEPTH  "totaldepth"

. do "
invalid file specification
r(198);

end of do-file
r(198);
