
  ___  ____  ____  ____  ____ ®
 /__    /   ____/   /   ____/      StataNow 19.5
___/   /   /___/   /   /___/       SE—Standard Edition

 Statistics and Data Science       Copyright 1985-2025 StataCorp LLC
                                   StataCorp
                                   4905 Lakeway Drive
                                   College Station, Texas 77845 USA
                                   800-782-8272        https://www.stata.com
                                   979-696-4600        service@stata.com

Stata license: Unlimited-user network, expiring 16 May 2027
Serial number: 401909302599
  Licensed to: Cristiano Santinello
               Università degli Studi di Trento

Notes:
      1. Stata is running in batch mode.
      2. Unicode is supported; see help unicode_advice.
      3. Maximum number of variables is set to 5,000 but can be increased;
          see help set_maxvar.

. do C:\Work\projects\Paper_PTA\New\Code\stata\run_18_inclHKMO_desta_only.do 

. global PTA_SAMPLE "incl"

. global PTA_DEPTH  "desta"

. do "New/Code/stata/18_robustness_fullpanel.do"

. *****************************************************************************
> ***
. ****** 14 — Robustezze full-panel via reghdfe (Stata)                      **
> ****
. *****************************************************************************
> ***
. * Author: Edoardo Vitella
. * Sostituisce: 17_remaining_models.do. Cache per modello (regsave -> .dta):
. * rilanciabile senza rifare nulla se le stime esistono gia' in Output/TripleD
> iff/Tables.
. *
. * Completa la ladder di saturazione con le robustezze mancanti dopo 13:
. *   A. WB con CONTROLLI (tariffs MFN + ln_hhi_baci + AD_pdt)  [colonna paper]
. *   B. WB escludendo l'ASEAN (l'accordo che domina i trattati) [robustezza]
. *   D. WB e TREND sul sub-campione C-overlap (common support)
. *   E. TREND su C-deepshallow (solo partner PTA)
. *   G. WITHIN-FIRM: quota green nel paniere impresa-dest-anno su EP
. * Stessa igiene di 17: env_good da lista HS1996 (05), dirty da (06), TotalDep
> th da (08).
. *
. * BATCH (da PowerShell, non Git Bash: il flag /e viene manglato):
. *   Start-Process "C:\Program Files\StataNow19\StataSE-64.exe" `
. *     -ArgumentList '/e','do','"C:\Work\projects\Paper_PTA\New\Code\stata\18_
> robustness_fullpanel.do"' `
. *     -WorkingDirectory 'C:\Work\projects\Paper_PTA\New\Output' -Wait
. 
. do "New/Code/stata/_root.do"

. * _root.do — configurazione centralizzata del progetto
. * Il replicatore deve modificare SOLO questo file.
. 
. clear all

. set more off

. set varabbrev off

. 
. if c(os) == "Windows" {
.     global ROOT "C:\Work\projects\Paper_PTA"
. }

. else if c(os) == "MacOSX" {
.     global ROOT "~/Documents/work/projects/Paper_PTA"
. }

. else {
.     global ROOT "~/work/projects/Paper_PTA"
. }

. 
. cd "$ROOT"
C:\Work\projects\Paper_PTA

. 
. * --- Variant configuration (2x2 matrix) ---
. * PTA_SAMPLE: "excl" (default, exclude HK/Macao) or "incl"
. * PTA_DEPTH:  "totaldepth" (default) or "desta"
. if "$PTA_SAMPLE" == "" global PTA_SAMPLE "excl"

. if "$PTA_DEPTH"  == "" global PTA_DEPTH  "totaldepth"

. 
. * --- Output suffix (prevents cross-variant cache contamination) ---
. global OUTSFX ""

. if "$PTA_SAMPLE" == "incl" global OUTSFX "${OUTSFX}_inclHKMO"

. if "$PTA_DEPTH"  == "desta" global OUTSFX "${OUTSFX}_desta"

. 
end of do-file

. 
. *-- Variante di campione e depth (analogo Stata di New/Code/_sample_config.R)
>  --
. *  ##########################################################################
. *  ##  DUE COSE DA TOCCARE (una per asse):                               ##
. *  ##  1. CAMPIONE HK/Macao:                                             ##
. *  ##       "excl" -> HK e Macao ESCLUSI  (specifica principale)         ##
. *  ##       "incl" -> HK e Macao INCLUSI  (robustezza)                   ##
. *  ##  2. DEPTH CONTROL:                                                  ##
. *  ##       "totaldepth" -> TotalDepth_nonEnv, WB (spec principale)      ##
. *  ##       "desta"      -> DESTA_depth_index (robustezza)                ##
. *  ##########################################################################
. * DEFAULT = specifica principale del paper (excl HK/Macao, controllo TotalDep
> th),
. * allineato a _sample_config.R. Cambiare qui per rigenerare le varianti di
. * robustezza (i cui output esistono gia': suffissi _inclHKMO / _desta).
. * Riportato al default il 2026-08-23: era rimasto su "incl"/"desta" dall'ulti
> ma
. * variante eseguita, quindi un rerun non riproduceva il baseline.
. * Default: spec principale. Se gia' settati dal wrapper, non sovrascrivere.
. if "$PTA_SAMPLE" == "" global PTA_SAMPLE "excl"

. if "$PTA_DEPTH"  == "" global PTA_DEPTH  "totaldepth"

. 
. * Asse 1 — campione HK/Macao
. if !inlist("$PTA_SAMPLE", "excl", "incl") {
.     di as error "PTA_SAMPLE deve essere excl o incl, trovato: $PTA_SAMPLE"
.     exit 198
. }

. if "$PTA_SAMPLE" == "incl" {
.     global HKMOEXPR "1"
.     global SFX "_inclHKMO"
. }

. else {
.     global HKMOEXPR "!hkmo"
.     global SFX ""
. }

. di "[campione] $PTA_SAMPLE"
[campione] incl

. 
. * Asse 2 — depth control
. if !inlist("$PTA_DEPTH", "totaldepth", "desta") {
.     di as error "PTA_DEPTH deve essere totaldepth o desta, trovato: $PTA_DEPT
> H"
.     exit 198
. }

. if "$PTA_DEPTH" == "desta" {
.     global DEPTHFILE "$ROOT/New/Data/TotalDepth/desta_depth_country_year.csv"
.     global DEPTHVAR  "desta_depth_index"
.     global DEPTHSFX  "_desta"
.     global DROP_UNMEASURED 1
. }

. else {
.     global DEPTHFILE "$ROOT/New/Data/TotalDepth/wb_totaldepth_country_year.cs
> v"
.     global DEPTHVAR  "totaldepth_nonenv"
.     global DEPTHSFX  ""
.     global DROP_UNMEASURED 0
. }

. global OUTSFX "$SFX$DEPTHSFX"

. di "[depth] $PTA_DEPTH ($DEPTHVAR) | suffisso output: '$OUTSFX'"
[depth] desta (desta_depth_index) | suffisso output: '_inclHKMO_desta'

. 
. cap mkdir "$ROOT/New/Output/Diagnostics/stata_logs"

. cap log close _all

. log using "$ROOT/New/Output/Diagnostics/stata_logs/18_robustness_fullpanel$OU
> TSFX.log", replace text
-------------------------------------------------------------------------------
      name:  <unnamed>
       log:  C:\Work\projects\Paper_PTA/New/Output/Diagnostics/stata_logs/18_ro
> bustness_fullpanel_inclHKMO_desta.log
  log type:  text
 opened on:   5 Sep 2026, 12:53:24

. 
. global TAB  "$ROOT/New/Output/TripleDiff/Tables"

. 
. cap which reghdfe

. if _rc ssc install reghdfe

. cap which ftools

. if _rc ssc install ftools

. cap which regsave

. if _rc ssc install regsave

. 
. *── Liste ausiliarie ────────────────────────────────────────────────────────
> ───
. import delimited "$ROOT/New/Data/Classifications/green_codes_hs1996.csv", cle
> ar
(encoding automatically selected: ISO-8859-2)
(7 vars, 248 obs)

. keep hs6_final

. rename hs6_final hs6

. duplicates drop hs6, force

Duplicates in terms of hs6

(2 observations deleted)

. gen byte env_good_new = 1

. tempfile green

. save `green'
file C:\Users\edodr\AppData\Local\Temp\ST_3d20_000001.tmp saved as .dta
    format

. 
. import delimited "$ROOT/New/Data/Classifications/dirty_goods_hs6.csv", clear
(encoding automatically selected: ISO-8859-2)
(3 vars, 1,139 obs)

. keep hs6 dirty

. rename dirty dirty_p

. tempfile dirty

. save `dirty'
file C:\Users\edodr\AppData\Local\Temp\ST_3d20_000002.tmp saved as .dta
    format

. 
. import delimited "$DEPTHFILE", clear
(encoding automatically selected: ISO-8859-1)
(5 vars, 239 obs)

. keep country_code year $DEPTHVAR

. tempfile depth

. save `depth'
file C:\Users\edodr\AppData\Local\Temp\ST_3d20_000003.tmp saved as .dta
    format

. 
. import delimited "$ROOT/New/Data/Subsamples/flag_overlap.csv", clear
(encoding automatically selected: ISO-8859-1)
(5 vars, 5,008 obs)

. keep if overlap_cem == "TRUE"
(160 observations deleted)

. keep hs6

. duplicates drop hs6, force

Duplicates in terms of hs6

(0 observations are duplicates)

. gen byte in_overlap = 1

. tempfile overlap

. save `overlap'
file C:\Users\edodr\AppData\Local\Temp\ST_3d20_000004.tmp saved as .dta
    format

. 
. import delimited "$ROOT/New/Data/Subsamples/flag_deepshallow.csv", clear
(encoding automatically selected: ISO-8859-1)
(4 vars, 239 obs)

. keep if inlist(group, "deep", "shallow")
(214 observations deleted)

. keep country_code

. duplicates drop country_code, force

Duplicates in terms of country_code

(0 observations are duplicates)

. gen byte in_deepshallow = 1

. tempfile deepshallow

. save `deepshallow'
file C:\Users\edodr\AppData\Local\Temp\ST_3d20_000005.tmp saved as .dta
    format

. 
. *── Panel preparato (una volta sola) ────────────────────────────────────────
> ───
. use ln_export WB_EP_Depth TREND_EP_Count hs6 country_code year fpd fdt pt ///
>     tariffs ln_hhi_baci AD_pdt companyID export ///
>     using "$ROOT/Data/Final Dataset/final_dataset_pta_env_indices_compressed.
> dta", clear

. 
. gen byte hkmo = inlist(country_code, 110, 121)

. * membri ASEAN nei dati doganali (accordo unico 2005)
. gen byte asean = inlist(country_code, 105, 107, 112, 119, 122, 106, 129, 132,
>  136) ///
>                | inlist(country_code, 144, 141)

. 
. merge m:1 hs6 using `green', keep(master match)

    Result                      Number of obs
    -----------------------------------------
    Not matched                    43,652,802
        from master                43,652,802  (_merge==1)
        from using                          0  (_merge==2)

    Matched                         5,592,502  (_merge==3)
    -----------------------------------------

. qui count if _merge == 3

. di as text "[merge green] righe appaiate: " r(N)
[merge green] righe appaiate: 5592502

. drop _merge

. replace env_good_new = 0 if missing(env_good_new)
(43,652,802 real changes made)

. merge m:1 hs6 using `dirty', keep(master match)

    Result                      Number of obs
    -----------------------------------------
    Not matched                    45,404,042
        from master                45,404,042  (_merge==1)
        from using                          0  (_merge==2)

    Matched                         3,841,262  (_merge==3)
    -----------------------------------------

. qui count if _merge == 3

. di as text "[merge dirty] righe appaiate: " r(N)
[merge dirty] righe appaiate: 3841262

. drop _merge

. replace dirty_p = 0 if missing(dirty_p)
(45,404,042 real changes made)

. merge m:1 country_code year using `depth', keep(master match)

    Result                      Number of obs
    -----------------------------------------
    Not matched                    37,162,246
        from master                37,162,246  (_merge==1)
        from using                          0  (_merge==2)

    Matched                        12,083,058  (_merge==3)
    -----------------------------------------

. qui count if _merge == 3

. di as text "[merge depth] righe appaiate: " r(N)
[merge depth] righe appaiate: 12083058

. drop _merge

. if $DROP_UNMEASURED {
.     drop if missing($DEPTHVAR) & WB_EP_Depth > 0
(229,436 observations deleted)
. }

. replace $DEPTHVAR = 0 if missing($DEPTHVAR)
(36,932,810 real changes made)

. merge m:1 hs6 using `overlap', keep(master match) nogen

    Result                      Number of obs
    -----------------------------------------
    Not matched                         2,279
        from master                     2,279  
        from using                          0  

    Matched                        49,013,589  
    -----------------------------------------

. replace in_overlap = 0 if missing(in_overlap)
(2,279 real changes made)

. merge m:1 country_code using `deepshallow', keep(master match) nogen

    Result                      Number of obs
    -----------------------------------------
    Not matched                    34,012,226
        from master                34,012,226  
        from using                          0  

    Matched                        15,003,642  
    -----------------------------------------

. replace in_deepshallow = 0 if missing(in_deepshallow)
(34,012,226 real changes made)

. 
. gen double wb_green = WB_EP_Depth    * env_good_new

. gen double wb_dirty = WB_EP_Depth    * dirty_p

. gen double tr_green = TREND_EP_Count * env_good_new

. gen double tr_dirty = TREND_EP_Count * dirty_p

. gen double td_green = $DEPTHVAR * env_good_new

. gen double td_dirty = $DEPTHVAR * dirty_p

. 
. * panel per il modulo within-firm (G), salvato PRIMA di droppare colonne
. preserve

. keep companyID country_code year export env_good_new WB_EP_Depth TREND_EP_Cou
> nt ///
>      $DEPTHVAR hkmo

. tempfile forG

. save `forG'
file C:\Users\edodr\AppData\Local\Temp\ST_3d20_000007.tmp saved as .dta
    format

. restore

. drop companyID export hs6 WB_EP_Depth TREND_EP_Count $DEPTHVAR

. 
. *── A. WB con controlli (HK+MO esclusi) ─────────────────────────────────────
> ───
. cap confirm file "$TAB/_rob_A_WB_controls$OUTSFX.dta"

. if _rc {
.     reghdfe ln_export wb_green wb_dirty td_green td_dirty tariffs ln_hhi_baci
>  AD_pdt ///
>         if $HKMOEXPR, absorb(fpd fdt pt) vce(cluster country_code) compact
.     regsave using "$TAB/_rob_A_WB_controls$OUTSFX.dta", tstat pval ci replace
>  addlabel(model, A_WB_controls, source, reghdfe_stata_18)
. }

. 
. *── A. TREND con controlli ──────────────────────────────────────────────────
> ───
. cap confirm file "$TAB/_rob_A_TREND_controls$OUTSFX.dta"

. if _rc {
.     reghdfe ln_export tr_green tr_dirty td_green td_dirty tariffs ln_hhi_baci
>  AD_pdt ///
>         if $HKMOEXPR, absorb(fpd fdt pt) vce(cluster country_code) compact
.     regsave using "$TAB/_rob_A_TREND_controls$OUTSFX.dta", tstat pval ci repl
> ace addlabel(model, A_TREND_controls, source, reghdfe_stata_18)
. }

. 
. *── B. WB senza ASEAN ───────────────────────────────────────────────────────
> ───
. cap confirm file "$TAB/_rob_B_WB_noASEAN$OUTSFX.dta"

. if _rc {
.     reghdfe ln_export wb_green wb_dirty td_green td_dirty ///
>         if $HKMOEXPR & !asean, absorb(fpd fdt pt) vce(cluster country_code) c
> ompact
.     regsave using "$TAB/_rob_B_WB_noASEAN$OUTSFX.dta", tstat pval ci replace 
> addlabel(model, B_WB_noASEAN, source, reghdfe_stata_18)
. }

. 
. *── B. TREND senza ASEAN ────────────────────────────────────────────────────
> ───
. cap confirm file "$TAB/_rob_B_TREND_noASEAN$OUTSFX.dta"

. if _rc {
.     cap noisily reghdfe ln_export tr_green tr_dirty td_green td_dirty ///
>         if $HKMOEXPR & !asean, absorb(fpd fdt pt) vce(cluster country_code) c
> ompact
(dropped 2.25e+07 singleton observations)
(MWFE estimator converged in 84 iterations)

HDFE Linear regression                            Number of obs   = 21,099,719
Absorbing 3 HDFE groups                           F(   4,    215) =       1.44
Statistics robust to heteroskedasticity           Prob > F        =     0.2228
                                                  R-squared       =     0.8694
                                                  Adj R-squared   =     0.7411
                                                  Within R-sq.    =     0.0000
Number of clusters (country_code) =        216    Root MSE        =     1.3466

                         (Std. err. adjusted for 216 clusters in country_code)
------------------------------------------------------------------------------
             |               Robust
   ln_export | Coefficient  std. err.      t    P>|t|     [95% conf. interval]
-------------+----------------------------------------------------------------
    tr_green |  -.0011194   .0010597    -1.06   0.292    -.0032082    .0009693
    tr_dirty |   -.001751   .0008153    -2.15   0.033     -.003358    -.000144
    td_green |   .0107564   .0073534     1.46   0.145    -.0037376    .0252504
    td_dirty |   .0194484   .0085837     2.27   0.024     .0025294    .0363674
       _cons |   9.591058   .0003461  2.8e+04   0.000     9.590376     9.59174
------------------------------------------------------------------------------

Absorbed degrees of freedom:
-----------------------------------------------------+
 Absorbed FE | Categories  - Redundant  = Num. Coefs |
-------------+---------------------------------------|
         fpd |   6013530     6013530           0    *|
         fdt |   4381462     4381462           0    *|
          pt |     65053           1       65052     |
-----------------------------------------------------+
* = FE nested within cluster; treated as redundant for DoF computation
.     if !_rc regsave using "$TAB/_rob_B_TREND_noASEAN$OUTSFX.dta", tstat pval 
> ci replace addlabel(model, B_TREND_noASEAN, source, reghdfe_stata_18)
(file
    C:\Work\projects\Paper_PTA/New/Output/TripleDiff/Tables/_rob_B_TREND_noAS
    > EAN_inclHKMO_desta.dta not found)
file
    C:\Work\projects\Paper_PTA/New/Output/TripleDiff/Tables/_rob_B_TREND_noAS
    > EAN_inclHKMO_desta.dta saved
.     else di as error "[SKIP] B_TREND_noASEAN$OUTSFX: reghdfe fallita (campion
> e vuoto o variazione insufficiente)"
. }

. 
. * NOTA: il vecchio blocco C ("WB includendo HK+MO") e' stato rimosso. Ora si
. * ottiene lanciando questo stesso file con  global PTA_SAMPLE "incl", che
. * produce la variante inclusiva di TUTTI i blocchi, non solo di WB baseline.
. 
. *── D. C-overlap (WB e TREND) ───────────────────────────────────────────────
> ───
. cap confirm file "$TAB/_rob_D_WB_overlap$OUTSFX.dta"

. if _rc {
.     reghdfe ln_export wb_green wb_dirty td_green td_dirty ///
>         if $HKMOEXPR & in_overlap, absorb(fpd fdt pt) vce(cluster country_cod
> e) compact
.     regsave using "$TAB/_rob_D_WB_overlap$OUTSFX.dta", tstat pval ci replace 
> addlabel(model, D_WB_overlap, source, reghdfe_stata_18)
. }

. cap confirm file "$TAB/_rob_D_TREND_overlap$OUTSFX.dta"

. if _rc {
.     reghdfe ln_export tr_green tr_dirty td_green td_dirty ///
>         if $HKMOEXPR & in_overlap, absorb(fpd fdt pt) vce(cluster country_cod
> e) compact
.     regsave using "$TAB/_rob_D_TREND_overlap$OUTSFX.dta", tstat pval ci repla
> ce addlabel(model, D_TREND_overlap, source, reghdfe_stata_18)
. }

. 
. *── E. C-deepshallow TREND ──────────────────────────────────────────────────
> ────
. cap confirm file "$TAB/_rob_E_TREND_deepshallow$OUTSFX.dta"

. if _rc {
.     reghdfe ln_export tr_green tr_dirty td_green td_dirty ///
>         if $HKMOEXPR & in_deepshallow, absorb(fpd fdt pt) vce(cluster country
> _code) compact
.     regsave using "$TAB/_rob_E_TREND_deepshallow$OUTSFX.dta", tstat pval ci r
> eplace addlabel(model, E_TREND_deepshallow, source, reghdfe_stata_18)
. }

. 
. *── G. Within-firm: quota green nel paniere impresa-dest-anno ───────────────
> ───
. * share_green_fdt = quota di valore export green dell'impresa f verso d in t.
. * EP varia a dest-anno: FE impresa-dest (fd) + anno; identificazione within-f
> d.
. cap confirm file "$TAB/_rob_G_WB_withinfirm$OUTSFX.dta"

. if _rc {
.     use `forG' if $HKMOEXPR, clear
.     gen double exp_green = export * env_good_new
.     collapse (sum) export exp_green ///
>              (first) WB_EP_Depth TREND_EP_Count $DEPTHVAR, ///
>              by(companyID country_code year)
.     gen double share_green = exp_green / export
.     egen long fd = group(companyID country_code)
.     reghdfe share_green WB_EP_Depth $DEPTHVAR, ///
>         absorb(fd year) vce(cluster country_code)
.     regsave using "$TAB/_rob_G_WB_withinfirm$OUTSFX.dta", tstat pval ci repla
> ce addlabel(model, G_WB_withinfirm, source, reghdfe_stata_18)
.     reghdfe share_green TREND_EP_Count $DEPTHVAR, ///
>         absorb(fd year) vce(cluster country_code)
.     regsave using "$TAB/_rob_G_TREND_withinfirm$OUTSFX.dta", tstat pval ci re
> place addlabel(model, G_TREND_withinfirm, source, reghdfe_stata_18)
. }

. 
. *── Export riassuntivo ──────────────────────────────────────────────────────
> ───
. * NOTA: "append using "$TAB/`f''" falliva con r(601) perche' `dir ... files`
. * restituisce nomi gia' tra virgolette compound e append non accetta un
. * dataset vuoto in memoria come target del primissimo append: si usa `use`
. * per il primo file e `append` per i successivi, con path a forward slash
. * (Stata li accetta anche su Windows ed evita l'ambiguita' backslash-backtick
> ).
. * Il glob non distingue le 4 varianti: si mantengono solo i file il cui nome
. * termina con OUTSFX.dta (suffisso composto campione+depth).
. * Per OUTSFX vuoto (spec principale) si escludono i file con _inclHKMO o _des
> ta.
. clear

. local all : dir "$TAB" files "_rob_*.dta"

. local files ""

. foreach f of local all {
  2.     * NB: su Windows `: dir` restituisce i nomi in MINUSCOLO, mentre i fil
> e sul
.     * disco sono _rob_A_WB_controls_inclHKMO.dta: senza lower() su entrambi i
.     * lati il confronto non matcha mai -> lista vuota (r(102) su export) per 
> le
.     * run suffissate, e nessuna esclusione per la run principale.
.     local match 0
  3.     if "$OUTSFX" != "" {
  4.         if strpos(lower("`f'"), lower("$OUTSFX.dta")) > 0 local match 1
  5.     }
  6.     else {
  7.         if !strpos(lower("`f'"), "_inclhkmo") & !strpos(lower("`f'"), "_de
> sta") local match 1
  8.     }
  9.     if `match' local files `"`files' "`f'""'
 10. }

. local first = 1

. foreach f of local files {
  2.     if `first' {
  3.         use "$TAB/`f'", clear
  4.         local first = 0
  5.     }
  6.     else {
  7.         append using "$TAB/`f'"
  8.     }
  9. }
(variable model was str16, now str19 to accommodate using data's values)
(variable var was str11, now str17 to accommodate using data's values)

. export delimited "$TAB/tripledd_robustness_reghdfe$OUTSFX.csv", replace
file C:\Work\projects\Paper_PTA/New/Output/TripleDiff/Tables/tripledd_robustnes
> s_reghdfe_inclHKMO_desta.csv saved

. di "[OK] tripledd_robustness_reghdfe$OUTSFX.csv"
[OK] tripledd_robustness_reghdfe_inclHKMO_desta.csv

. 
. cap log close _all

. 
end of do-file

. 
end of do-file
