
  ___  ____  ____  ____  ____ ®
 /__    /   ____/   /   ____/      StataNow 19.5
___/   /   /___/   /   /___/       SE—Standard Edition

 Statistics and Data Science       Copyright 1985-2025 StataCorp LLC
                                   StataCorp
                                   4905 Lakeway Drive
                                   College Station, Texas 77845 USA
                                   800-782-8272        https://www.stata.com
                                   979-696-4600        service@stata.com

Stata license: Unlimited-user network, expiring 16 May 2027
Serial number: 401909302599
  Licensed to: Cristiano Santinello
               Università degli Studi di Trento

Notes:
      1. Stata is running in batch mode.
      2. Unicode is supported; see help unicode_advice.
      3. Maximum number of variables is set to 5,000 but can be increased;
          see help set_maxvar.

. do C:\Work\projects\Paper_PTA\tmp_save_iso3c_cc.do 

. clear all

. set more off

. if c(os) == "Windows" {
.     global ROOT "C:\Work\projects\Paper_PTA"
. }

. import delimited "$ROOT\New\Output\CEM_stata\iso3c_to_cc.csv", clear
(encoding automatically selected: ISO-8859-1)
(2 vars, 59 obs)

. rename iso3c country_iso3

. rename country_code cc

. save "$ROOT\New\Output\CEM_stata\iso3c_to_cc.dta", replace
(file C:\Work\projects\Paper_PTA\New\Output\CEM_stata\iso3c_to_cc.dta not
    found)
file C:\Work\projects\Paper_PTA\New\Output\CEM_stata\iso3c_to_cc.dta saved

. count
  59

. list in 1/10, clean noobs

    countr~3    cc  
         AUS   601  
         AUT   315  
         BEL   301  
         BHR   102  
         BRA   410  
         BRN   105  
         CAN   501  
         CHE   331  
         CHL   412  
         COL   413  

. 
end of do-file
