
  ___  ____  ____  ____  ____ ®
 /__    /   ____/   /   ____/      StataNow 19.5
___/   /   /___/   /   /___/       SE—Standard Edition

 Statistics and Data Science       Copyright 1985-2025 StataCorp LLC
                                   StataCorp
                                   4905 Lakeway Drive
                                   College Station, Texas 77845 USA
                                   800-782-8272        https://www.stata.com
                                   979-696-4600        service@stata.com

Stata license: Unlimited-user network, expiring 16 May 2027
Serial number: 401909302599
  Licensed to: Cristiano Santinello
               Università degli Studi di Trento

Notes:
      1. Stata is running in batch mode.
      2. Unicode is supported; see help unicode_advice.
      3. Maximum number of variables is set to 5,000 but can be increased;
          see help set_maxvar.

. do C:\Work\projects\Paper_PTA\tmp_extract_ccmap.do 

. clear all

. set more off

. if c(os) == "Windows" {
.     global ROOT "C:\Work\projects\Paper_PTA"
. }

. global DTA "$ROOT\Data\Final Dataset\final_dataset_pta_env_indices_compressed
> .dta"

. use country_code using "$DTA", clear

. duplicates drop country_code, force

Duplicates in terms of country_code

(49,245,065 observations deleted)

. drop if missing(country_code)
(1 observation deleted)

. decode country_code, gen(cname)

. gen int cc = country_code

. format cc %10.0f

. sort cc

. outsheet cc cname using "$ROOT\New\Output\CEM_stata\ccmap_from_dataset.csv", 
> comma names replace

. count
  238

. list cc cname in 1/10, clean noobs

     cc         cname  
    101   Afghanistan  
    102       Bahrian  
    103    Bangladesh  
    104        Bhutan  
    105        Brunei  
    106       Myanmar  
    107      Cambodia  
    108        Cyprus  
    109     Korea,DPR  
    110      HongKong  

. 
end of do-file
