here() starts at C:/Work/projects/Paper_PTA
Paesi trattati: 23 
baseline      : -0.00886 (p=0.0056)
[FALLITO] lista_estesa 
[FALLITO] senza_103 
senza_105     : -0.00887 (p=0.0056)
senza_106     : -0.00881 (p=0.0062)
senza_107     : -0.00886 (p=0.0057)
[FALLITO] senza_111 
[FALLITO] senza_112 
[FALLITO] senza_119 
[FALLITO] senza_122 
senza_127     : -0.00847 (p=0.0144)
[FALLITO] senza_129 
senza_132     : -0.00658 (p=0.1189)
senza_133     : -0.00593 (p=0.2102)
senza_134     : -0.00889 (p=0.0052)
[FALLITO] senza_136 
[FALLITO] senza_141 
[FALLITO] senza_144 
senza_322     : -0.00890 (p=0.0053)
[FALLITO] senza_331 
[FALLITO] senza_412 
senza_415     : -0.00846 (p=0.0116)
senza_434     : -0.00991 (p=0.0005)
[FALLITO] senza_601 
[FALLITO] senza_609 

=== VERDETTO leave-one-out ===
Cambi di segno: 0/10 | p>0.10: 2/10
Significativita' persa togliendo: 132 133 
[OK] dirty_leaveoneout.csv
