here() starts at C:/Work/projects/Paper_PTA

Please cite as: 

 Fischer & Roodman. (2021). fwildclusterboot: Fast Wild Cluster.
 Bootstrap Inference for Linear Regression Models.
 Available from https://cran.r-project.org/package=fwildclusterboot/.
Panel: 3,773,498 celle | 236 cluster (paesi)

[WB] coef lm demeanato: ep_green -0.002257 | ep_dirty -0.008864 (attesi = 14)
  boottest: ep_green ... Too guarantee reproducibility, don't forget to set a global random seed
**both** via `set.seed()` and `dqrng::dqset.seed()`.
This message is displayed once every 8 hours.
p_wcb = 0.8829
  boottest: ep_dirty ... p_wcb = 0.1792

[TREND] coef lm demeanato: ep_green +0.001820 | ep_dirty +0.000352 (attesi = 14)
  boottest: ep_green ... p_wcb = 0.3895
  boottest: ep_dirty ... p_wcb = 0.8469
Messaggio di avvertimento:
Please note that the seeding behavior for random number generation for
`boottest()` has changed with `fwildclusterboot` version 0.13.

It will no longer be possible to exactly reproduce results produced by versions
lower than 0.13.

If your prior results were produced under sufficiently many bootstrap
iterations, none of your conclusions will change. For more details about this
change, please read the notes in
[news.md](https://cran.r-project.org/web/packages/fwildclusterboot/news/news.html).
This warning is displayed once per session. 

[OK] wcb_collapsed.csv
    treat     term          coef     p_wcb     conf_low   conf_high     B
   <char>   <char>         <num>     <num>        <num>       <num> <int>
1:     WB ep_green -0.0022565892 0.8828883 -0.010992746 0.029785645  9999
2:     WB ep_dirty -0.0088640284 0.1792179 -0.014102208 0.012143985  9999
3:  TREND ep_green  0.0018200073 0.3895390 -0.001782394 0.007092550  9999
4:  TREND ep_dirty  0.0003518296 0.8468847 -0.003189802 0.005404293  9999
