here() starts at C:/Work/projects/Paper_PTA
=== WITS download: 25 reporter x 16 anni ===
  Australia 2000: error
  Australia 2001: error
  Australia 2002: error
  Australia 2003: error
  Australia 2004: error
  Australia 2005: error
  Australia 2006: error
  Australia 2007: error
  Australia 2008: error
  Australia 2009: error
  Australia 2010: error
  Australia 2011: error
  Australia 2012: error
  Australia 2013: error
  Australia 2014: error
  Australia 2015: error
  Bangladesh 2000: error
  Bangladesh 2001: error
  Bangladesh 2002: error
  Bangladesh 2003: error
  Bangladesh 2004: error
  Bangladesh 2005: error
  Bangladesh 2006: error
  Bangladesh 2007: error
  Bangladesh 2008: error
  Bangladesh 2009: error
  Bangladesh 2010: error
  Bangladesh 2011: error
  Bangladesh 2012: error
  Bangladesh 2013: error
  Bangladesh 2014: error
  Bangladesh 2015: error
  Brunei 2000: error
  Brunei 2001: error
  Brunei 2002: error
  Brunei 2003: error
  Brunei 2004: error
  Brunei 2005: error
  Brunei 2006: error
  Brunei 2007: error
  Brunei 2008: error
  Brunei 2009: error
  Brunei 2010: error
  Brunei 2011: error
  Brunei 2012: error
  Brunei 2013: error
  Brunei 2014: error
  Brunei 2015: error
  Cambodia 2000: error
  Cambodia 2001: error
  Cambodia 2002: error
  Cambodia 2003: error
  Cambodia 2004: error
  Cambodia 2005: error
  Cambodia 2006: error
  Cambodia 2007: error
  Cambodia 2008: error
  Cambodia 2009: error
  Cambodia 2010: error
  Cambodia 2011: error
  Cambodia 2012: error
  Cambodia 2013: error
  Cambodia 2014: error
  Cambodia 2015: error
  Chile 2000: error
  Chile 2001: error
  Chile 2002: error
  Chile 2003: error
  Chile 2004: error
  Chile 2005: error
  Chile 2006: error
  Chile 2007: error
  Chile 2008: error
  Chile 2009: error
  Chile 2010: error
  Chile 2011: error
  Chile 2012: error
  Chile 2013: error
  Chile 2014: error
  Chile 2015: error
  CostaRica 2000: error
  CostaRica 2001: error
  CostaRica 2002: error
  CostaRica 2003: error
  CostaRica 2004: error
  CostaRica 2005: error
  CostaRica 2006: error
  CostaRica 2007: error
  CostaRica 2008: error
  CostaRica 2009: error
  CostaRica 2010: error
  CostaRica 2011: error
  CostaRica 2012: error
  CostaRica 2013: error
  CostaRica 2014: error
  CostaRica 2015: error
  HongKong 2000: error
  HongKong 2001: error
  HongKong 2002: error
  HongKong 2003: error
  HongKong 2004: error
  HongKong 2005: error
  HongKong 2006: error
  HongKong 2007: error
  HongKong 2008: error
  HongKong 2009: error
  HongKong 2010: error
  HongKong 2011: error
  HongKong 2012: error
  HongKong 2013: error
  HongKong 2014: error
  HongKong 2015: error
  Iceland 2000: error
  Iceland 2001: error
  Iceland 2002: error
  Iceland 2003: error
  Iceland 2004: error
  Iceland 2005: error
  Iceland 2006: error
  Iceland 2007: error
  Iceland 2008: error
  Iceland 2009: error
  Iceland 2010: error
  Iceland 2011: error
  Iceland 2012: error
  Iceland 2013: error
  Iceland 2014: error
  Iceland 2015: error
  Indonesia 2000: error
  Indonesia 2001: error
  Indonesia 2002: error
  Indonesia 2003: error
  Indonesia 2004: error
  Indonesia 2005: error
  Indonesia 2006: error
  Indonesia 2007: error
  Indonesia 2008: error
  Indonesia 2009: error
  Indonesia 2010: error
  Indonesia 2011: error
  Indonesia 2012: error
  Indonesia 2013: error
  Indonesia 2014: error
  Indonesia 2015: error
  India 2000: error
  India 2001: error
  India 2002: error
  India 2003: error
  India 2004: error
  India 2005: error
  India 2006: error
  India 2007: error
  India 2008: error
  India 2009: error
  India 2010: error
  India 2011: error
  India 2012: error
  India 2013: error
  India 2014: error
  India 2015: error
  KoreaRep 2000: error
  KoreaRep 2001: error
  KoreaRep 2002: error
  KoreaRep 2003: error
  KoreaRep 2004: error
  KoreaRep 2005: error
  KoreaRep 2006: error
  KoreaRep 2007: error
  KoreaRep 2008: error
  KoreaRep 2009: error
  KoreaRep 2010: error
  KoreaRep 2011: error
  KoreaRep 2012: error
  KoreaRep 2013: error
  KoreaRep 2014: error
  KoreaRep 2015: error
  Laos 2000: error
  Laos 2001: error
  Laos 2002: error
  Laos 2003: error
  Laos 2004: error
  Laos 2005: error
  Laos 2006: error
  Laos 2007: error
  Laos 2008: error
  Laos 2009: error
  Laos 2010: error
  Laos 2011: error
  Laos 2012: error
  Laos 2013: error
  Laos 2014: error
  Laos 2015: error
  Malaysia 2000: error
  Malaysia 2001: error
  Malaysia 2002: error
  Malaysia 2003: error
  Malaysia 2004: error
  Malaysia 2005: error
  Malaysia 2006: error
  Malaysia 2007: error
  Malaysia 2008: error
  Malaysia 2009: error
  Malaysia 2010: error
  Malaysia 2011: error
  Malaysia 2012: error
  Malaysia 2013: error
  Malaysia 2014: error
  Malaysia 2015: error
  Macau 2000: error
  Macau 2001: error
  Macau 2002: error
  Macau 2003: error
  Macau 2004: error
  Macau 2005: error
  Macau 2006: error
  Macau 2007: error
  Macau 2008: error
  Macau 2009: error
  Macau 2010: error
  Macau 2011: error
  Macau 2012: error
  Macau 2013: error
  Macau 2014: error
  Macau 2015: error
  Myanmar 2000: error
  Myanmar 2001: error
  Myanmar 2002: error
  Myanmar 2003: error
  Myanmar 2004: error
  Myanmar 2005: error
  Myanmar 2006: error
  Myanmar 2007: error
  Myanmar 2008: error
  Myanmar 2009: error
  Myanmar 2010: error
  Myanmar 2011: error
  Myanmar 2012: error
  Myanmar 2013: error
  Myanmar 2014: error
  Myanmar 2015: error
  NewZealand 2000: error
  NewZealand 2001: error
  NewZealand 2002: error
  NewZealand 2003: error
  NewZealand 2004: error
  NewZealand 2005: error
  NewZealand 2006: error
  NewZealand 2007: error
  NewZealand 2008: error
  NewZealand 2009: error
  NewZealand 2010: error
  NewZealand 2011: error
  NewZealand 2012: error
  NewZealand 2013: error
  NewZealand 2014: error
  NewZealand 2015: error
  Pakistan 2000: error
  Pakistan 2001: error
  Pakistan 2002: error
  Pakistan 2003: error
  Pakistan 2004: error
  Pakistan 2005: error
  Pakistan 2006: error
  Pakistan 2007: error
  Pakistan 2008: error
  Pakistan 2009: error
  Pakistan 2010: error
  Pakistan 2011: error
  Pakistan 2012: error
  Pakistan 2013: error
  Pakistan 2014: error
  Pakistan 2015: error
  Philippines 2000: error
  Philippines 2001: error
  Philippines 2002: error
  Philippines 2003: error
  Philippines 2004: error
  Philippines 2005: error
  Philippines 2006: error
  Philippines 2007: error
  Philippines 2008: error
  Philippines 2009: error
  Philippines 2010: error
  Philippines 2011: error
  Philippines 2012: error
  Philippines 2013: error
  Philippines 2014: error
  Philippines 2015: error
  Peru 2000: error
  Peru 2001: error
  Peru 2002: error
  Peru 2003: error
  Peru 2004: error
  Peru 2005: error
  Peru 2006: error
  Peru 2007: error
  Peru 2008: error
  Peru 2009: error
  Peru 2010: error
  Peru 2011: error
  Peru 2012: error
  Peru 2013: error
  Peru 2014: error
  Peru 2015: error
  Singapore 2000: error
  Singapore 2001: error
  Singapore 2002: error
  Singapore 2003: error
  Singapore 2004: error
  Singapore 2005: error
  Singapore 2006: error
  Singapore 2007: error
  Singapore 2008: error
  Singapore 2009: error
  Singapore 2010: error
  Singapore 2011: error
  Singapore 2012: error
  Singapore 2013: error
  Singapore 2014: error
  Singapore 2015: error
  SriLanka 2000: error
  SriLanka 2001: error
  SriLanka 2002: error
  SriLanka 2003: error
  SriLanka 2004: error
  SriLanka 2005: error
  SriLanka 2006: error
  SriLanka 2007: error
  SriLanka 2008: error
  SriLanka 2009: error
  SriLanka 2010: error
  SriLanka 2011: error
  SriLanka 2012: error
  SriLanka 2013: error
  SriLanka 2014: error
  SriLanka 2015: error
  Switzerland 2000: error
  Switzerland 2001: error
  Switzerland 2002: error
  Switzerland 2003: error
  Switzerland 2004: error
  Switzerland 2005: error
  Switzerland 2006: error
  Switzerland 2007: error
  Switzerland 2008: error
  Switzerland 2009: error
  Switzerland 2010: error
  Switzerland 2011: error
  Switzerland 2012: error
  Switzerland 2013: error
  Switzerland 2014: error
  Switzerland 2015: error
  Thailand 2000: error
  Thailand 2001: error
  Thailand 2002: error
  Thailand 2003: error
  Thailand 2004: error
  Thailand 2005: error
  Thailand 2006: error
  Thailand 2007: error
  Thailand 2008: error
  Thailand 2009: error
  Thailand 2010: error
  Thailand 2011: error
  Thailand 2012: error
  Thailand 2013: error
  Thailand 2014: error
  Thailand 2015: error
  TimorLeste 2000: error
  TimorLeste 2001: error
  TimorLeste 2002: error
  TimorLeste 2003: error
  TimorLeste 2004: error
  TimorLeste 2005: error
  TimorLeste 2006: error
  TimorLeste 2007: error
  TimorLeste 2008: error
  TimorLeste 2009: error
  TimorLeste 2010: error
  TimorLeste 2011: error
  TimorLeste 2012: error
  TimorLeste 2013: error
  TimorLeste 2014: error
  TimorLeste 2015: error
  Vietnam 2000: error
  Vietnam 2001: error
  Vietnam 2002: error
  Vietnam 2003: error
  Vietnam 2004: error
  Vietnam 2005: error
  Vietnam 2006: error
  Vietnam 2007: error
  Vietnam 2008: error
  Vietnam 2009: error
  Vietnam 2010: error
  Vietnam 2011: error
  Vietnam 2012: error
  Vietnam 2013: error
  Vietnam 2014: error
  Vietnam 2015: error

Riepilogo: error 400 
I 'nodata' sono attesi: molti paesi non riportano a TRAINS ogni anno.
Rilanciare in mode='download' per riprovare gli 'error'; poi mode='parse'.
Ci sono 50 o più avvertimenti (utilizza warnings() per visualizzare i primi 50)
