[config] campione: excl (HK+MO esclusi) | depth: DESTA_depth_index | suffisso: _desta
=== Sezione A: permutazione grezza GREEN (WB) ===
[cache] GREEN - permutation_collapsed_desta.csv

=== Sezione A: permutazione grezza DIRTY (WB) ===
[cache] DIRTY - permutation_collapsed_dirty_desta.csv

=== Sezione B: permutazione sulla spec esatta ===
[cache] perm_WB_EP_Depth_b01.rds 
[cache] perm_WB_EP_Depth_b02.rds 
[cache] perm_WB_EP_Depth_b03.rds 
[cache] perm_WB_EP_Depth_b04.rds 
[cache] perm_WB_EP_Depth_b05.rds 
[cache] perm_WB_EP_Depth_b06.rds 
[cache] perm_WB_EP_Depth_b07.rds 
[cache] perm_WB_EP_Depth_b08.rds 
[cache] perm_WB_EP_Depth_b09.rds 
[cache] perm_WB_EP_Depth_b10.rds 
[cache] perm_WB_EP_Depth_b11.rds 
[cache] perm_WB_EP_Depth_b12.rds 
[cache] perm_WB_EP_Depth_b13.rds 
[cache] perm_WB_EP_Depth_b14.rds 
[cache] perm_WB_EP_Depth_b15.rds 
[cache] perm_WB_EP_Depth_b16.rds 
[cache] perm_WB_EP_Depth_b17.rds 
[cache] perm_WB_EP_Depth_b18.rds 
[cache] perm_WB_EP_Depth_b19.rds 
[cache] perm_WB_EP_Depth_b20.rds 
[cache] perm_TREND_EP_Count_b01.rds 
[cache] perm_TREND_EP_Count_b02.rds 
[cache] perm_TREND_EP_Count_b03.rds 
[cache] perm_TREND_EP_Count_b04.rds 
[cache] perm_TREND_EP_Count_b05.rds 
[cache] perm_TREND_EP_Count_b06.rds 
[cache] perm_TREND_EP_Count_b07.rds 
[cache] perm_TREND_EP_Count_b08.rds 
[cache] perm_TREND_EP_Count_b09.rds 
[cache] perm_TREND_EP_Count_b10.rds 
[cache] perm_TREND_EP_Count_b11.rds 
[cache] perm_TREND_EP_Count_b12.rds 
[cache] perm_TREND_EP_Count_b13.rds 
[cache] perm_TREND_EP_Count_b14.rds 
[cache] perm_TREND_EP_Count_b15.rds 
[cache] perm_TREND_EP_Count_b16.rds 
[cache] perm_TREND_EP_Count_b17.rds 
[cache] perm_TREND_EP_Count_b18.rds 
[cache] perm_TREND_EP_Count_b19.rds 
[cache] perm_TREND_EP_Count_b20.rds 
    treat n_perm n_used_green n_used_dirty  b_obs_green p_perm_green
   <char>  <int>        <int>        <int>        <num>        <num>
1:     WB   1000         1000         1000 -0.004331561    0.4805195
2:  TREND   1000         1000         1000  0.001611756    0.3236763
     b_obs_dirty p_perm_dirty
           <num>        <num>
1: -0.0113420522    0.1398601
2: -0.0002472926    0.9020979
[OK] r710_permutation_summary_desta.csv - 2026-08-13 18:16:41
