here() starts at C:/Work/projects/Paper_PTA

Please cite as: 

 Fischer & Roodman. (2021). fwildclusterboot: Fast Wild Cluster.
 Bootstrap Inference for Linear Regression Models.
 Available from https://cran.r-project.org/package=fwildclusterboot/.
*** recursive gc invocation
NOTE: 89,665/83/3,559 fixed-effect singletons were removed (92,547 observations).
Too guarantee reproducibility, don't forget to set a global random seed
**both** via `set.seed()` and `dqrng::dqset.seed()`.
This message is displayed once every 8 hours.
NOTE: 89,665/83/3,559 fixed-effect singletons were removed (92,547 observations).
Unfortunately, confidence inversion failed due to poorly chosen starting values.Please let the maintainer know about this by opening an issue on GitHub.No confidence interval is computed.
Messaggio di avvertimento:
Please note that the seeding behavior for random number generation for
`boottest()` has changed with `fwildclusterboot` version 0.13.

It will no longer be possible to exactly reproduce results produced by versions
lower than 0.13.

If your prior results were produced under sufficiently many bootstrap
iterations, none of your conclusions will change. For more details about this
change, please read the notes in
[news.md](https://cran.r-project.org/web/packages/fwildclusterboot/news/news.html).
This warning is displayed once per session. 
