here() starts at C:/Work/projects/Paper_PTA
NOTES: 175 observations removed because of NA values (LHS: 175).
       6/0 fixed-effect singletons were removed (6 observations).
NOTES: 327 observations removed because of NA values (LHS: 327).
       5/0 fixed-effect singletons were removed (5 observations).
Messaggi di avvertimento:
1: The VCOV matrix is not positive semi-definite and was 'fixed' (see ?vcov). 
2: The VCOV matrix is not positive semi-definite and was 'fixed' (see ?vcov). 
NOTES: 327 observations removed because of NA values (LHS: 327).
       5/0 fixed-effect singletons were removed (5 observations).
Messaggio di avvertimento:
The VCOV matrix is not positive semi-definite and was 'fixed' (see ?vcov). 
NOTES: 327 observations removed because of NA values (LHS: 327).
       5/0 fixed-effect singletons were removed (5 observations).
Messaggio di avvertimento:
The VCOV matrix is not positive semi-definite and was 'fixed' (see ?vcov). 
NOTES: 326 observations removed because of NA values (LHS: 326).
       5/0 fixed-effect singletons were removed (5 observations).
Messaggio di avvertimento:
The VCOV matrix is not positive semi-definite and was 'fixed' (see ?vcov). 
NOTES: 326 observations removed because of NA values (LHS: 326).
       5/0 fixed-effect singletons were removed (5 observations).
Messaggio di avvertimento:
The VCOV matrix is not positive semi-definite and was 'fixed' (see ?vcov). 
NOTES: 327 observations removed because of NA values (LHS: 327).
       5/0 fixed-effect singletons were removed (5 observations).
NOTES: 327 observations removed because of NA values (LHS: 327).
       5/0 fixed-effect singletons were removed (5 observations).
NOTES: 326 observations removed because of NA values (LHS: 326).
       5/0 fixed-effect singletons were removed (5 observations).
NOTES: 327 observations removed because of NA values (LHS: 327).
       5/0 fixed-effect singletons were removed (5 observations).
NOTES: 327 observations removed because of NA values (LHS: 327).
       5/0 fixed-effect singletons were removed (5 observations).
NOTES: 327 observations removed because of NA values (LHS: 327).
       5/0 fixed-effect singletons were removed (5 observations).
NOTES: 327 observations removed because of NA values (LHS: 327).
       5/0 fixed-effect singletons were removed (5 observations).
NOTES: 327 observations removed because of NA values (LHS: 327).
       5/0 fixed-effect singletons were removed (5 observations).
NOTES: 326 observations removed because of NA values (LHS: 326).
       5/0 fixed-effect singletons were removed (5 observations).
NOTES: 327 observations removed because of NA values (LHS: 327).
       5/0 fixed-effect singletons were removed (5 observations).
Messaggi di avvertimento:
1: The VCOV matrix is not positive semi-definite and was 'fixed' (see ?vcov). 
2: The VCOV matrix is not positive semi-definite and was 'fixed' (see ?vcov). 
3: The VCOV matrix is not positive semi-definite and was 'fixed' (see ?vcov). 
4: The VCOV matrix is not positive semi-definite and was 'fixed' (see ?vcov). 
5: The VCOV matrix is not positive semi-definite and was 'fixed' (see ?vcov). 
6: The VCOV matrix is not positive semi-definite and was 'fixed' (see ?vcov). 
7: The VCOV matrix is not positive semi-definite and was 'fixed' (see ?vcov). 
8: The VCOV matrix is not positive semi-definite and was 'fixed' (see ?vcov). 
9: The VCOV matrix is not positive semi-definite and was 'fixed' (see ?vcov). 
10: The VCOV matrix is not positive semi-definite and was 'fixed' (see ?vcov). 
