
  ___  ____  ____  ____  ____ ®
 /__    /   ____/   /   ____/      StataNow 19.5
___/   /   /___/   /   /___/       SE—Standard Edition

 Statistics and Data Science       Copyright 1985-2025 StataCorp LLC
                                   StataCorp
                                   4905 Lakeway Drive
                                   College Station, Texas 77845 USA
                                   800-782-8272        https://www.stata.com
                                   979-696-4600        service@stata.com

Stata license: Unlimited-user network, expiring 16 May 2027
Serial number: 401909302599
  Licensed to: Cristiano Santinello
               Università degli Studi di Trento

Notes:
      1. Stata is running in batch mode.
      2. Unicode is supported; see help unicode_advice.
      3. Maximum number of variables is set to 5,000 but can be increased;
          see help set_maxvar.

. do compare_final_dataset.do 

. * Confronto formale nuovo vs riferimento per final_dataset_pta_env_indices_co
> mpressed.dta
. clear all

. set more off

. global ROOT "C:\Work\projects\Paper_PTA"

. 
. use "$ROOT\Data\Final Dataset\final_dataset_pta_env_indices_compressed.dta", 
> clear

. describe, short

Contains data from C:\Work\projects\Paper_PTA\Data\Final Dataset\final_dataset_
> pta_env_indices_compressed.dta
 Observations:    49,245,304                  
    Variables:           120                  20 Jul 2026 14:07
Sorted by: 

. count
  49,245,304

. cf _all using "$ROOT\New\verification\reference\final_dataset_pta_env_indices
> _compressed_reference.dta", verbose

. display "[CF DONE - se non ha dato errori sopra, i due dataset sono identici]
> "
[CF DONE - se non ha dato errori sopra, i due dataset sono identici]

. 
end of do-file
