
  ___  ____  ____  ____  ____ ®
 /__    /   ____/   /   ____/      StataNow 19.5
___/   /   /___/   /   /___/       SE—Standard Edition

 Statistics and Data Science       Copyright 1985-2025 StataCorp LLC
                                   StataCorp
                                   4905 Lakeway Drive
                                   College Station, Texas 77845 USA
                                   800-782-8272        https://www.stata.com
                                   979-696-4600        service@stata.com

Stata license: Unlimited-user network, expiring 16 May 2027
Serial number: 401909302599
  Licensed to: Cristiano Santinello
               Università degli Studi di Trento

Notes:
      1. Stata is running in batch mode.
      2. Unicode is supported; see help unicode_advice.
      3. Maximum number of variables is set to 5,000 but can be increased;
          see help set_maxvar.

. do C:\Work\projects\Paper_PTA\New\Code\17_remaining_models.do 

. *****************************************************************************
> ***
. ****** Fase R5 — Modelli mancanti full-panel via reghdfe                  ***
> ***
. *****************************************************************************
> ***
. * Author: Edoardo Vitella
. *
. * Completa i checkpoint ROADMAP §7.4.5 e §7-R5 dopo il successo di 16:
. *   A. WB con CONTROLLI (tariffs MFN + ln_hhi_baci + AD_pdt)  [colonna paper]
. *   B. WB escludendo l'ASEAN (l'accordo che domina i trattati) [robustezza]
. *   C. WB includendo Hong Kong + Macao                         [robustezza]
. *   D. WB e TREND sul sub-campione C-overlap (common support)  [§7.4.5]
. *   E. TREND su C-deepshallow (solo partner PTA)               [completa 13]
. *   G. WITHIN-FIRM (R4): quota green nel paniere impresa-dest-anno su EP
. * Stessa igiene di 16: env_good da lista HS1996, dirty da 05, TotalDepth da 0
> 6.
. * Cache per modello (regsave -> .dta): rilanciabile senza rifare nulla.
. *
. * BATCH (da PowerShell, non Git Bash: il flag /e viene manglato):
. *   Start-Process "C:\Program Files\StataNow19\StataSE-64.exe" `
. *     -ArgumentList '/e','do','"C:\Work\projects\Paper_PTA\New\Code\17_remain
> ing_models.do"' `
. *     -WorkingDirectory 'C:\Work\projects\Paper_PTA\New\Output' -Wait
. 
. clear all

. set more off

. global ROOT "C:\Work\projects\Paper_PTA"

. global TAB  "$ROOT\New\Output\TripleDiff\Tables"

. 
. cap which reghdfe

. if _rc ssc install reghdfe

. cap which ftools

. if _rc ssc install ftools

. cap which regsave

. if _rc ssc install regsave

. 
. *── Liste ausiliarie ────────────────────────────────────────────────────────
> ───
. import delimited "$ROOT\New\Data\Concordance\Env_Codes_HS1996.csv", clear
(encoding automatically selected: ISO-8859-2)
(6 vars, 247 obs)

. keep hs6_final

. rename hs6_final hs6

. duplicates drop hs6, force

Duplicates in terms of hs6

(2 observations deleted)

. gen byte env_good_new = 1

. tempfile green

. save `green'
file C:\Users\edodr\AppData\Local\Temp\ST_3a9c_000001.tmp saved as .dta
    format

. 
. import delimited "$ROOT\New\Data\Dirty\dirty_goods_hs6.csv", clear
(encoding automatically selected: ISO-8859-2)
(3 vars, 1,139 obs)

. keep hs6 dirty

. rename dirty dirty_p

. tempfile dirty

. save `dirty'
file C:\Users\edodr\AppData\Local\Temp\ST_3a9c_000002.tmp saved as .dta
    format

. 
. import delimited "$ROOT\New\Data\TotalDepth\wb_totaldepth_country_year.csv", 
> clear
(encoding automatically selected: ISO-8859-1)
(5 vars, 249 obs)

. keep country_code year totaldepth_nonenv

. tempfile depth

. save `depth'
file C:\Users\edodr\AppData\Local\Temp\ST_3a9c_000003.tmp saved as .dta
    format

. 
. import delimited "$ROOT\New\Data\Subsamples\flag_overlap.csv", clear
(encoding automatically selected: ISO-8859-1)
(5 vars, 5,008 obs)

. keep if overlap_cem == "TRUE"
(160 observations deleted)

. keep hs6

. duplicates drop hs6, force

Duplicates in terms of hs6

(0 observations are duplicates)

. gen byte in_overlap = 1

. tempfile overlap

. save `overlap'
file C:\Users\edodr\AppData\Local\Temp\ST_3a9c_000004.tmp saved as .dta
    format

. 
. import delimited "$ROOT\New\Data\Subsamples\flag_deepshallow.csv", clear
(encoding automatically selected: ISO-8859-1)
(4 vars, 239 obs)

. keep if inlist(group, "deep", "shallow")
(214 observations deleted)

. keep country_code

. duplicates drop country_code, force

Duplicates in terms of country_code

(0 observations are duplicates)

. gen byte in_deepshallow = 1

. tempfile deepshallow

. save `deepshallow'
file C:\Users\edodr\AppData\Local\Temp\ST_3a9c_000005.tmp saved as .dta
    format

. 
. *── Panel preparato (una volta sola) ────────────────────────────────────────
> ───
. use ln_export WB_EP_Depth TREND_EP_Count hs6 country_code year fpd fdt pt ///
>     tariffs ln_hhi_baci AD_pdt companyID export ///
>     using "$ROOT\Data\Final Dataset\final_dataset_pta_env_indices_compressed.
> dta", clear

. 
. gen byte hkmo = inlist(country_code, 110, 121)

. * membri ASEAN nei dati doganali (accordo unico 2005)
. gen byte asean = inlist(country_code, 105, 107, 112, 119, 122, 106, 129, 132,
>  136) ///
>                | inlist(country_code, 144, 141)

. 
. merge m:1 hs6 using `green', keep(master match) nogen

    Result                      Number of obs
    -----------------------------------------
    Not matched                    43,654,708
        from master                43,654,708  
        from using                          0  

    Matched                         5,590,596  
    -----------------------------------------

. replace env_good_new = 0 if missing(env_good_new)
(43,654,708 real changes made)

. merge m:1 hs6 using `dirty', keep(master match) nogen

    Result                      Number of obs
    -----------------------------------------
    Not matched                    45,404,042
        from master                45,404,042  
        from using                          0  

    Matched                         3,841,262  
    -----------------------------------------

. replace dirty_p = 0 if missing(dirty_p)
(45,404,042 real changes made)

. merge m:1 country_code year using `depth', keep(master match) nogen

    Result                      Number of obs
    -----------------------------------------
    Not matched                    36,957,500
        from master                36,957,500  
        from using                          0  

    Matched                        12,287,804  
    -----------------------------------------

. replace totaldepth_nonenv = 0 if missing(totaldepth_nonenv)
(36,957,500 real changes made)

. merge m:1 hs6 using `overlap', keep(master match) nogen

    Result                      Number of obs
    -----------------------------------------
    Not matched                         2,364
        from master                     2,364  
        from using                          0  

    Matched                        49,242,940  
    -----------------------------------------

. replace in_overlap = 0 if missing(in_overlap)
(2,364 real changes made)

. merge m:1 country_code using `deepshallow', keep(master match) nogen

    Result                      Number of obs
    -----------------------------------------
    Not matched                    34,012,226
        from master                34,012,226  
        from using                          0  

    Matched                        15,233,078  
    -----------------------------------------

. replace in_deepshallow = 0 if missing(in_deepshallow)
(34,012,226 real changes made)

. 
. gen double wb_green = WB_EP_Depth    * env_good_new

. gen double wb_dirty = WB_EP_Depth    * dirty_p

. gen double tr_green = TREND_EP_Count * env_good_new

. gen double tr_dirty = TREND_EP_Count * dirty_p

. gen double td_green = totaldepth_nonenv * env_good_new

. gen double td_dirty = totaldepth_nonenv * dirty_p

. 
. * panel per il modulo within-firm (G), salvato PRIMA di droppare colonne
. preserve

. keep companyID country_code year export env_good_new WB_EP_Depth TREND_EP_Cou
> nt ///
>      totaldepth_nonenv hkmo

. tempfile forG

. save `forG'
file C:\Users\edodr\AppData\Local\Temp\ST_3a9c_000007.tmp saved as .dta
    format

. restore

. drop companyID export hs6 WB_EP_Depth TREND_EP_Count totaldepth_nonenv

. 
. *── A. WB con controlli (HK+MO esclusi) ─────────────────────────────────────
> ───
. cap confirm file "$TAB\_rob_A_WB_controls.dta"

. if _rc {
.     reghdfe ln_export wb_green wb_dirty td_green td_dirty tariffs ln_hhi_baci
>  AD_pdt ///
>         if !hkmo, absorb(fpd fdt pt) vce(cluster country_code) compact
(dropped 2.16e+07 singleton observations)
(MWFE estimator converged in 82 iterations)

HDFE Linear regression                            Number of obs   = 19,286,638
Absorbing 3 HDFE groups                           F(   7,    175) =       4.91
Statistics robust to heteroskedasticity           Prob > F        =     0.0000
                                                  R-squared       =     0.8736
                                                  Adj R-squared   =     0.7429
                                                  Within R-sq.    =     0.0000
Number of clusters (country_code) =        176    Root MSE        =     1.3400

                         (Std. err. adjusted for 176 clusters in country_code)
------------------------------------------------------------------------------
             |               Robust
   ln_export | Coefficient  std. err.      t    P>|t|     [95% conf. interval]
-------------+----------------------------------------------------------------
    wb_green |   -.000239   .0025516    -0.09   0.925    -.0052748    .0047968
    wb_dirty |  -.0054735   .0023675    -2.31   0.022    -.0101459    -.000801
    td_green |    .000011   .0001017     0.11   0.914    -.0001897    .0002117
    td_dirty |    .000215   .0000911     2.36   0.019     .0000353    .0003948
     tariffs |  -.0008744   .0048857    -0.18   0.858    -.0105169    .0087681
 ln_hhi_baci |  -.0016587   .0020412    -0.81   0.418    -.0056872    .0023697
      AD_pdt |  -.0561099   .0125329    -4.48   0.000     -.080845   -.0313748
       _cons |   9.605898    .008099  1186.05   0.000     9.589913    9.621882
------------------------------------------------------------------------------

Absorbed degrees of freedom:
-----------------------------------------------------+
 Absorbed FE | Categories  - Redundant  = Num. Coefs |
-------------+---------------------------------------|
         fpd |   5548062     5548062           0    *|
         fdt |   4196048     4196048           0    *|
          pt |     63107           1       63106     |
-----------------------------------------------------+
* = FE nested within cluster; treated as redundant for DoF computation
.     regsave using "$TAB\_rob_A_WB_controls.dta", tstat pval ci replace addlab
> el(model, A_WB_controls)
(file
    C:\Work\projects\Paper_PTA\New\Output\TripleDiff\Tables\_rob_A_WB_control
    > s.dta not found)
file
    C:\Work\projects\Paper_PTA\New\Output\TripleDiff\Tables\_rob_A_WB_control
    > s.dta saved
. }

. 
. *── B. WB senza ASEAN ───────────────────────────────────────────────────────
> ───
. cap confirm file "$TAB\_rob_B_WB_noASEAN.dta"

. if _rc {
.     reghdfe ln_export wb_green wb_dirty td_green td_dirty ///
>         if !hkmo & !asean, absorb(fpd fdt pt) vce(cluster country_code) compa
> ct
(dropped 2.11e+07 singleton observations)
(MWFE estimator converged in 83 iterations)

HDFE Linear regression                            Number of obs   = 19,236,090
Absorbing 3 HDFE groups                           F(   4,    213) =       1.61
Statistics robust to heteroskedasticity           Prob > F        =     0.1738
                                                  R-squared       =     0.8719
                                                  Adj R-squared   =     0.7423
                                                  Within R-sq.    =     0.0000
Number of clusters (country_code) =        214    Root MSE        =     1.3348

                         (Std. err. adjusted for 214 clusters in country_code)
------------------------------------------------------------------------------
             |               Robust
   ln_export | Coefficient  std. err.      t    P>|t|     [95% conf. interval]
-------------+----------------------------------------------------------------
    wb_green |  -.0025069   .0031136    -0.81   0.422    -.0086444    .0036306
    wb_dirty |  -.0041469   .0019053    -2.18   0.031    -.0079024   -.0003913
    td_green |   .0001054   .0000879     1.20   0.232    -.0000678    .0002786
    td_dirty |   .0002118   .0000961     2.20   0.029     .0000223    .0004012
       _cons |   9.596185   .0001338  7.2e+04   0.000     9.595922    9.596449
------------------------------------------------------------------------------

Absorbed degrees of freedom:
-----------------------------------------------------+
 Absorbed FE | Categories  - Redundant  = Num. Coefs |
-------------+---------------------------------------|
         fpd |   5493864     5493864           0    *|
         fdt |   4114509     4114509           0    *|
          pt |     63329           1       63328     |
-----------------------------------------------------+
* = FE nested within cluster; treated as redundant for DoF computation
.     regsave using "$TAB\_rob_B_WB_noASEAN.dta", tstat pval ci replace addlabe
> l(model, B_WB_noASEAN)
(file
    C:\Work\projects\Paper_PTA\New\Output\TripleDiff\Tables\_rob_B_WB_noASEAN
    > .dta not found)
file
    C:\Work\projects\Paper_PTA\New\Output\TripleDiff\Tables\_rob_B_WB_noASEAN
    > .dta saved
. }

. 
. *── C. WB con HK+MO inclusi ─────────────────────────────────────────────────
> ───
. cap confirm file "$TAB\_rob_C_WB_inclHKMO.dta"

. if _rc {
.     reghdfe ln_export wb_green wb_dirty td_green td_dirty, ///
>         absorb(fpd fdt pt) vce(cluster country_code) compact
(dropped 2.57e+07 singleton observations)
(MWFE estimator converged in 88 iterations)

HDFE Linear regression                            Number of obs   = 23,560,110
Absorbing 3 HDFE groups                           F(   4,    226) =       1.69
Statistics robust to heteroskedasticity           Prob > F        =     0.1524
                                                  R-squared       =     0.8706
                                                  Adj R-squared   =     0.7424
                                                  Within R-sq.    =     0.0000
Number of clusters (country_code) =        227    Root MSE        =     1.3448

                         (Std. err. adjusted for 227 clusters in country_code)
------------------------------------------------------------------------------
             |               Robust
   ln_export | Coefficient  std. err.      t    P>|t|     [95% conf. interval]
-------------+----------------------------------------------------------------
    wb_green |   -.001091   .0031809    -0.34   0.732     -.007359    .0051769
    wb_dirty |   -.003952   .0020008    -1.98   0.049    -.0078946   -9.49e-06
    td_green |   .0000195    .000106     0.18   0.854    -.0001894    .0002285
    td_dirty |   .0002021   .0000875     2.31   0.022     .0000297    .0003744
       _cons |   9.566393   .0003578  2.7e+04   0.000     9.565688    9.567098
------------------------------------------------------------------------------

Absorbed degrees of freedom:
-----------------------------------------------------+
 Absorbed FE | Categories  - Redundant  = Num. Coefs |
-------------+---------------------------------------|
         fpd |   6740688     6740688           0    *|
         fdt |   4916989     4916989           0    *|
          pt |     66068           1       66067     |
-----------------------------------------------------+
* = FE nested within cluster; treated as redundant for DoF computation
.     regsave using "$TAB\_rob_C_WB_inclHKMO.dta", tstat pval ci replace addlab
> el(model, C_WB_inclHKMO)
(file
    C:\Work\projects\Paper_PTA\New\Output\TripleDiff\Tables\_rob_C_WB_inclHKM
    > O.dta not found)
file
    C:\Work\projects\Paper_PTA\New\Output\TripleDiff\Tables\_rob_C_WB_inclHKM
    > O.dta saved
. }

. 
. *── D. C-overlap (WB e TREND) ───────────────────────────────────────────────
> ───
. cap confirm file "$TAB\_rob_D_WB_overlap.dta"

. if _rc {
.     reghdfe ln_export wb_green wb_dirty td_green td_dirty ///
>         if !hkmo & in_overlap, absorb(fpd fdt pt) vce(cluster country_code) c
> ompact
(dropped 2.43e+07 singleton observations)
(MWFE estimator converged in 89 iterations)

HDFE Linear regression                            Number of obs   = 21,519,197
Absorbing 3 HDFE groups                           F(   4,    224) =       1.32
Statistics robust to heteroskedasticity           Prob > F        =     0.2616
                                                  R-squared       =     0.8734
                                                  Adj R-squared   =     0.7440
                                                  Within R-sq.    =     0.0000
Number of clusters (country_code) =        225    Root MSE        =     1.3334

                         (Std. err. adjusted for 225 clusters in country_code)
------------------------------------------------------------------------------
             |               Robust
   ln_export | Coefficient  std. err.      t    P>|t|     [95% conf. interval]
-------------+----------------------------------------------------------------
    wb_green |  -.0020603     .00342    -0.60   0.547    -.0087997    .0046792
    wb_dirty |  -.0040396   .0019361    -2.09   0.038    -.0078549   -.0002243
    td_green |   .0000609   .0000979     0.62   0.534     -.000132    .0002539
    td_dirty |   .0001902   .0000904     2.10   0.037      .000012    .0003684
       _cons |   9.573194   .0003472  2.8e+04   0.000      9.57251    9.573878
------------------------------------------------------------------------------

Absorbed degrees of freedom:
-----------------------------------------------------+
 Absorbed FE | Categories  - Redundant  = Num. Coefs |
-------------+---------------------------------------|
         fpd |   6181276     6181276           0    *|
         fdt |   4631396     4631396           0    *|
          pt |     64440           1       64439     |
-----------------------------------------------------+
* = FE nested within cluster; treated as redundant for DoF computation
.     regsave using "$TAB\_rob_D_WB_overlap.dta", tstat pval ci replace addlabe
> l(model, D_WB_overlap)
(file
    C:\Work\projects\Paper_PTA\New\Output\TripleDiff\Tables\_rob_D_WB_overlap
    > .dta not found)
file
    C:\Work\projects\Paper_PTA\New\Output\TripleDiff\Tables\_rob_D_WB_overlap
    > .dta saved
. }

. cap confirm file "$TAB\_rob_D_TREND_overlap.dta"

. if _rc {
.     reghdfe ln_export tr_green tr_dirty td_green td_dirty ///
>         if !hkmo & in_overlap, absorb(fpd fdt pt) vce(cluster country_code) c
> ompact
(dropped 2.43e+07 singleton observations)
(MWFE estimator converged in 89 iterations)

HDFE Linear regression                            Number of obs   = 21,519,197
Absorbing 3 HDFE groups                           F(   4,    224) =       0.54
Statistics robust to heteroskedasticity           Prob > F        =     0.7100
                                                  R-squared       =     0.8734
                                                  Adj R-squared   =     0.7440
                                                  Within R-sq.    =     0.0000
Number of clusters (country_code) =        225    Root MSE        =     1.3334

                         (Std. err. adjusted for 225 clusters in country_code)
------------------------------------------------------------------------------
             |               Robust
   ln_export | Coefficient  std. err.      t    P>|t|     [95% conf. interval]
-------------+----------------------------------------------------------------
    tr_green |  -.0001075   .0009934    -0.11   0.914    -.0020651    .0018502
    tr_dirty |  -.0008969   .0006248    -1.44   0.153    -.0021281    .0003343
    td_green |  -1.78e-06    .000162    -0.01   0.991     -.000321    .0003174
    td_dirty |   .0001682    .000128     1.31   0.190    -.0000841    .0004205
       _cons |    9.57305   .0005069  1.9e+04   0.000     9.572051    9.574049
------------------------------------------------------------------------------

Absorbed degrees of freedom:
-----------------------------------------------------+
 Absorbed FE | Categories  - Redundant  = Num. Coefs |
-------------+---------------------------------------|
         fpd |   6181276     6181276           0    *|
         fdt |   4631396     4631396           0    *|
          pt |     64440           1       64439     |
-----------------------------------------------------+
* = FE nested within cluster; treated as redundant for DoF computation
.     regsave using "$TAB\_rob_D_TREND_overlap.dta", tstat pval ci replace addl
> abel(model, D_TREND_overlap)
(file
    C:\Work\projects\Paper_PTA\New\Output\TripleDiff\Tables\_rob_D_TREND_over
    > lap.dta not found)
file
    C:\Work\projects\Paper_PTA\New\Output\TripleDiff\Tables\_rob_D_TREND_over
    > lap.dta saved
. }

. 
. *── E. C-deepshallow TREND (completa la riga mancante di 13) ────────────────
> ───
. cap confirm file "$TAB\_rob_E_TREND_deepshallow.dta"

. if _rc {
.     reghdfe ln_export tr_green tr_dirty td_green td_dirty ///
>         if !hkmo & in_deepshallow, absorb(fpd fdt pt) vce(cluster country_cod
> e) compact
(dropped 6506687 singleton observations)
(MWFE estimator converged in 97 iterations)

HDFE Linear regression                            Number of obs   =  5,262,293
Absorbing 3 HDFE groups                           F(   4,     22) =       1.38
Statistics robust to heteroskedasticity           Prob > F        =     0.2727
                                                  R-squared       =     0.8839
                                                  Adj R-squared   =     0.7514
                                                  Within R-sq.    =     0.0000
Number of clusters (country_code) =         23    Root MSE        =     1.3149

                          (Std. err. adjusted for 23 clusters in country_code)
------------------------------------------------------------------------------
             |               Robust
   ln_export | Coefficient  std. err.      t    P>|t|     [95% conf. interval]
-------------+----------------------------------------------------------------
    tr_green |  -.0003593   .0009998    -0.36   0.723    -.0024327    .0017142
    tr_dirty |  -.0006146   .0010101    -0.61   0.549    -.0027093    .0014802
    td_green |   .0000721   .0001498     0.48   0.635    -.0002387    .0003829
    td_dirty |   -.000022   .0002054    -0.11   0.916    -.0004479     .000404
       _cons |   9.431478   .0024879  3790.95   0.000     9.426318    9.436637
------------------------------------------------------------------------------

Absorbed degrees of freedom:
-----------------------------------------------------+
 Absorbed FE | Categories  - Redundant  = Num. Coefs |
-------------+---------------------------------------|
         fpd |   1551747     1551747           0    *|
         fdt |   1196098     1196098           0    *|
          pt |     57143           1       57142     |
-----------------------------------------------------+
* = FE nested within cluster; treated as redundant for DoF computation
.     regsave using "$TAB\_rob_E_TREND_deepshallow.dta", tstat pval ci replace 
> addlabel(model, E_TREND_deepshallow)
(file
    C:\Work\projects\Paper_PTA\New\Output\TripleDiff\Tables\_rob_E_TREND_deep
    > shallow.dta not found)
file
    C:\Work\projects\Paper_PTA\New\Output\TripleDiff\Tables\_rob_E_TREND_deep
    > shallow.dta saved
. }

. 
. *── G. Within-firm: quota green nel paniere impresa-dest-anno ───────────────
> ───
. * share_green_fdt = quota di valore export green dell'impresa f verso d in t.
. * EP varia a dest-anno: FE impresa-dest (fd) + anno; identificazione within-f
> d.
. cap confirm file "$TAB\_rob_G_WB_withinfirm.dta"

. if _rc {
.     use `forG' if !hkmo, clear
.     gen double exp_green = export * env_good_new
(9 missing values generated)
.     collapse (sum) export exp_green ///
>              (first) WB_EP_Depth TREND_EP_Count totaldepth_nonenv, ///
>              by(companyID country_code year)
.     gen double share_green = exp_green / export
(5 missing values generated)
.     egen long fd = group(companyID country_code)
(1 missing value generated)
.     reghdfe share_green WB_EP_Depth totaldepth_nonenv, ///
>         absorb(fd year) vce(cluster country_code)
(dropped 2299227 singleton observations)
(MWFE estimator converged in 10 iterations)

HDFE Linear regression                            Number of obs   = 13,345,132
Absorbing 2 HDFE groups                           F(   2,    231) =       0.63
Statistics robust to heteroskedasticity           Prob > F        =     0.5332
                                                  R-squared       =     0.8510
                                                  Adj R-squared   =     0.8072
                                                  Within R-sq.    =     0.0000
Number of clusters (country_code) =        232    Root MSE        =     0.1340

                         (Std. err. adjusted for 232 clusters in country_code)
------------------------------------------------------------------------------
             |               Robust
 share_green | Coefficient  std. err.      t    P>|t|     [95% conf. interval]
-------------+----------------------------------------------------------------
 WB_EP_Depth |  -.0001351   .0001503    -0.90   0.370    -.0004312     .000161
totaldepth~v |   4.86e-06   7.93e-06     0.61   0.540    -.0000108    .0000205
       _cons |   .1195922   .0000987  1211.81   0.000     .1193978    .1197867
------------------------------------------------------------------------------

Absorbed degrees of freedom:
-----------------------------------------------------+
 Absorbed FE | Categories  - Redundant  = Num. Coefs |
-------------+---------------------------------------|
          fd |   3029741     3029741           0    *|
        year |        16           1          15     |
-----------------------------------------------------+
* = FE nested within cluster; treated as redundant for DoF computation
.     regsave using "$TAB\_rob_G_WB_withinfirm.dta", tstat pval ci replace addl
> abel(model, G_WB_withinfirm)
(file
    C:\Work\projects\Paper_PTA\New\Output\TripleDiff\Tables\_rob_G_WB_withinf
    > irm.dta not found)
file
    C:\Work\projects\Paper_PTA\New\Output\TripleDiff\Tables\_rob_G_WB_withinf
    > irm.dta saved
.     reghdfe share_green TREND_EP_Count totaldepth_nonenv, ///
>         absorb(fd year) vce(cluster country_code)
(dropped 2299227 singleton observations)
(MWFE estimator converged in 10 iterations)

HDFE Linear regression                            Number of obs   = 13,345,132
Absorbing 2 HDFE groups                           F(   2,    231) =       2.19
Statistics robust to heteroskedasticity           Prob > F        =     0.1141
                                                  R-squared       =     0.8510
                                                  Adj R-squared   =     0.8072
                                                  Within R-sq.    =     0.0000
Number of clusters (country_code) =        232    Root MSE        =     0.1340

                         (Std. err. adjusted for 232 clusters in country_code)
------------------------------------------------------------------------------
             |               Robust
 share_green | Coefficient  std. err.      t    P>|t|     [95% conf. interval]
-------------+----------------------------------------------------------------
TREND_EP_C~t |  -.0000595   .0000293    -2.03   0.043    -.0001173   -1.75e-06
totaldepth~v |   8.20e-06   5.62e-06     1.46   0.146    -2.87e-06    .0000193
       _cons |   .1194831   .0001134  1053.84   0.000     .1192597    .1197065
------------------------------------------------------------------------------

Absorbed degrees of freedom:
-----------------------------------------------------+
 Absorbed FE | Categories  - Redundant  = Num. Coefs |
-------------+---------------------------------------|
          fd |   3029741     3029741           0    *|
        year |        16           1          15     |
-----------------------------------------------------+
* = FE nested within cluster; treated as redundant for DoF computation
.     regsave using "$TAB\_rob_G_TREND_withinfirm.dta", tstat pval ci replace a
> ddlabel(model, G_TREND_withinfirm)
(file
    C:\Work\projects\Paper_PTA\New\Output\TripleDiff\Tables\_rob_G_TREND_with
    > infirm.dta not found)
file
    C:\Work\projects\Paper_PTA\New\Output\TripleDiff\Tables\_rob_G_TREND_with
    > infirm.dta saved
. }

. 
. *── Export riassuntivo ──────────────────────────────────────────────────────
> ───
. clear

. local files : dir "$TAB" files "_rob_*.dta"

. foreach f of local files {
  2.     append using "$TAB\`f'"
  3. }
file C:\Work\projects\Paper_PTA\New\Output\TripleDiff\Tables not found
r(601);

end of do-file
r(601);
