here() starts at C:/Work/projects/Paper_PTA
Paesi trattati: 23 
[CRASH tentativo 1 ] baseline 
[CRASH tentativo 2 ] baseline 
[CRASH tentativo 3 ] baseline 
[CRASH tentativo 4 ] baseline 
[FALLITO dopo 4 tentativi] baseline 
[CRASH tentativo 1 ] lista_estesa 
[CRASH tentativo 2 ] lista_estesa 
lista_estesa  : -0.01211 (p=0.0001)
senza_103     : -0.01178 (p=0.0001)
[CRASH tentativo 1 ] senza_105 
[CRASH tentativo 2 ] senza_105 
[CRASH tentativo 3 ] senza_105 
senza_105     : -0.01189 (p=0.0001)
[CRASH tentativo 1 ] senza_106 
[CRASH tentativo 2 ] senza_106 
senza_106     : -0.01183 (p=0.0001)
senza_107     : -0.01188 (p=0.0001)
[CRASH tentativo 1 ] senza_111 
senza_111     : -0.01202 (p=0.0000)
[CRASH tentativo 1 ] senza_112 
[CRASH tentativo 2 ] senza_112 
[CRASH tentativo 3 ] senza_112 
[CRASH tentativo 4 ] senza_112 
[FALLITO dopo 4 tentativi] senza_112 
[CRASH tentativo 1 ] senza_119 
[CRASH tentativo 2 ] senza_119 
[CRASH tentativo 3 ] senza_119 
senza_119     : -0.01186 (p=0.0001)
[CRASH tentativo 1 ] senza_122 
[CRASH tentativo 2 ] senza_122 
senza_122     : -0.01242 (p=0.0001)
[CRASH tentativo 1 ] senza_127 
[CRASH tentativo 2 ] senza_127 
[CRASH tentativo 3 ] senza_127 
senza_127     : -0.01143 (p=0.0004)
senza_129     : -0.01184 (p=0.0001)
senza_132     : -0.00976 (p=0.0134)
[CRASH tentativo 1 ] senza_133 
senza_133     : -0.00975 (p=0.0949)
[CRASH tentativo 1 ] senza_134 
[CRASH tentativo 2 ] senza_134 
senza_134     : -0.01189 (p=0.0001)
[CRASH tentativo 1 ] senza_136 
senza_136     : -0.01198 (p=0.0001)
senza_141     : -0.01216 (p=0.0001)
[CRASH tentativo 1 ] senza_144 
[CRASH tentativo 2 ] senza_144 
senza_144     : -0.01187 (p=0.0001)
[CRASH tentativo 1 ] senza_322 
[CRASH tentativo 2 ] senza_322 
[CRASH tentativo 3 ] senza_322 
[CRASH tentativo 4 ] senza_322 
[FALLITO dopo 4 tentativi] senza_322 
senza_331     : -0.01335 (p=0.0000)
senza_412     : -0.01205 (p=0.0001)
[CRASH tentativo 1 ] senza_415 
[CRASH tentativo 2 ] senza_415 
[CRASH tentativo 3 ] senza_415 
[CRASH tentativo 4 ] senza_415 
[FALLITO dopo 4 tentativi] senza_415 
senza_434     : -0.01332 (p=0.0000)
[CRASH tentativo 1 ] senza_601 
[CRASH tentativo 2 ] senza_601 
senza_601     : -0.01031 (p=0.2363)
[CRASH tentativo 1 ] senza_609 
senza_609     : -0.01192 (p=0.0001)

=== VERDETTO leave-one-out ===
Cambi di segno: 0/20 | p>0.10: 1/20
Significativita' persa togliendo: 601 
[OK] dirty_leaveoneout.csv
