
  ___  ____  ____  ____  ____ ®
 /__    /   ____/   /   ____/      StataNow 19.5
___/   /   /___/   /   /___/       SE—Standard Edition

 Statistics and Data Science       Copyright 1985-2025 StataCorp LLC
                                   StataCorp
                                   4905 Lakeway Drive
                                   College Station, Texas 77845 USA
                                   800-782-8272        https://www.stata.com
                                   979-696-4600        service@stata.com

Stata license: Unlimited-user network, expiring 16 May 2027
Serial number: 401909302599
  Licensed to: Cristiano Santinello
               Università degli Studi di Trento

Notes:
      1. Stata is running in batch mode.
      2. Unicode is supported; see help unicode_advice.
      3. Maximum number of variables is set to 5,000 but can be increased;
          see help set_maxvar.

. do C:\Work\projects\Paper_PTA\New\Code\stata\run_18_all_variants.do 

. * run_18_all_variants.do
. * Lancia 18_robustness_fullpanel.do per tutte le varianti (excl + incl HK/Mac
> ao).
. * Solo TotalDepth (spec principale). Le varianti DESTA non vengono stimate qu
> i.
. * Rilanciabile: ogni blocco ha la propria cache, niente viene rifatto.
. 
. di "=== VARIANTE 1: excl HK/Macao (baseline) ==="
=== VARIANTE 1: excl HK/Macao (baseline) ===

. global PTA_SAMPLE "excl"

. global PTA_DEPTH  "totaldepth"

. do "New/Code/stata/18_robustness_fullpanel.do"
file New/Code/stata/18_robustness_fullpanel.do not found
r(601);

end of do-file
r(601);
