here() starts at C:/Work/projects/Paper_PTA
Collasso del panel (una tantum, poi cache)...
Celle: 3,773,498 
Panel collassato: 3,773,498 celle
green: 8.4% celle | dirty: 14.0% celle
Stima: y ~ WB_EP_Depth:env_good + WB_EP_Depth:dirty_p + TotalDepth_nonEnv:env_good + TotalDepth_nonEnv:dirty_p | pd + dt + pt 
NOTE: 89,440/83/3,856 fixed-effect singletons were removed (92,475 observations).
    treat                       term          coef           se        pval
   <char>                     <char>         <num>        <num>       <num>
1:     WB       WB_EP_Depth:env_good -0.0022565892 0.0063333341 0.721944219
2:     WB        WB_EP_Depth:dirty_p -0.0088640284 0.0031663009 0.005558955
3:     WB env_good:TotalDepth_nonEnv -0.0001266640 0.0002464875 0.607838703
4:     WB  dirty_p:TotalDepth_nonEnv  0.0002838141 0.0002017386 0.160842303
      nobs
     <int>
1: 3681023
2: 3681023
3: 3681023
4: 3681023
Stima: y ~ TREND_EP_Count:env_good + TREND_EP_Count:dirty_p + TotalDepth_nonEnv:env_good + TotalDepth_nonEnv:dirty_p | pd + dt + pt 
NOTE: 89,440/83/3,856 fixed-effect singletons were removed (92,475 observations).
    treat                       term          coef           se       pval
   <char>                     <char>         <num>        <num>      <num>
1:  TREND    TREND_EP_Count:env_good  0.0018200073 0.0018206561 0.31854738
2:  TREND     TREND_EP_Count:dirty_p  0.0003518296 0.0015980234 0.82594017
3:  TREND env_good:TotalDepth_nonEnv -0.0004745404 0.0002563087 0.06540491
4:  TREND  dirty_p:TotalDepth_nonEnv -0.0001260380 0.0002987346 0.67349273
      nobs
     <int>
1: 3681023
2: 3681023
3: 3681023
4: 3681023
[OK] tripledd_collapsed.csv
NOTE: 89,440/83/3,856 fixed-effect singletons were removed (92,475 observations).
[OK] eventstudy_collapsed.png — controllare pre-trend differenziali
NOTE: 176/12/0 fixed-effect singletons were removed (183 observations).
NOTE: 176/12/0 fixed-effect singletons were removed (183 observations).
NOTE: 176/12/0 fixed-effect singletons were removed (183 observations).
NOTE: 176/12/0 fixed-effect singletons were removed (183 observations).
NOTE: 176/12/0 fixed-effect singletons were removed (183 observations).
NOTE: 176/12/0 fixed-effect singletons were removed (183 observations).
NOTE: 176/12/0 fixed-effect singletons were removed (183 observations).
NOTE: 176/12/0 fixed-effect singletons were removed (183 observations).
NOTE: 176/12/0 fixed-effect singletons were removed (183 observations).
NOTE: 176/12/0 fixed-effect singletons were removed (183 observations).
NOTE: 176/12/0 fixed-effect singletons were removed (183 observations).
NOTE: 176/12/0 fixed-effect singletons were removed (183 observations).
NOTE: 176/12/0 fixed-effect singletons were removed (183 observations).
NOTE: 176/12/0 fixed-effect singletons were removed (183 observations).
NOTE: 176/12/0 fixed-effect singletons were removed (183 observations).
NOTE: 176/12/0 fixed-effect singletons were removed (183 observations).
NOTE: 176/12/0 fixed-effect singletons were removed (183 observations).
NOTE: 176/12/0 fixed-effect singletons were removed (183 observations).
NOTE: 176/12/0 fixed-effect singletons were removed (183 observations).
NOTE: 176/12/0 fixed-effect singletons were removed (183 observations).
NOTE: 176/12/0 fixed-effect singletons were removed (183 observations).
NOTE: 176/12/0 fixed-effect singletons were removed (183 observations).
NOTE: 176/12/0 fixed-effect singletons were removed (183 observations).
NOTE: 176/12/0 fixed-effect singletons were removed (183 observations).
NOTE: 176/12/0 fixed-effect singletons were removed (183 observations).
NOTE: 176/12/0 fixed-effect singletons were removed (183 observations).
NOTE: 176/12/0 fixed-effect singletons were removed (183 observations).
NOTE: 176/12/0 fixed-effect singletons were removed (183 observations).
NOTE: 176/12/0 fixed-effect singletons were removed (183 observations).
NOTE: 176/12/0 fixed-effect singletons were removed (183 observations).
NOTE: 176/12/0 fixed-effect singletons were removed (183 observations).
NOTE: 176/12/0 fixed-effect singletons were removed (183 observations).
NOTE: 176/12/0 fixed-effect singletons were removed (183 observations).
NOTE: 176/12/0 fixed-effect singletons were removed (183 observations).
NOTE: 176/12/0 fixed-effect singletons were removed (183 observations).
NOTE: 176/12/0 fixed-effect singletons were removed (183 observations).
NOTE: 176/12/0 fixed-effect singletons were removed (183 observations).
NOTE: 176/12/0 fixed-effect singletons were removed (183 observations).
NOTE: 176/12/0 fixed-effect singletons were removed (183 observations).
NOTE: 176/12/0 fixed-effect singletons were removed (183 observations).
NOTE: 176/12/0 fixed-effect singletons were removed (183 observations).
NOTE: 176/12/0 fixed-effect singletons were removed (183 observations).
NOTE: 176/12/0 fixed-effect singletons were removed (183 observations).
NOTE: 176/12/0 fixed-effect singletons were removed (183 observations).
NOTE: 176/12/0 fixed-effect singletons were removed (183 observations).
NOTE: 176/12/0 fixed-effect singletons were removed (183 observations).
NOTE: 176/12/0 fixed-effect singletons were removed (183 observations).
NOTE: 176/12/0 fixed-effect singletons were removed (183 observations).
NOTE: 176/12/0 fixed-effect singletons were removed (183 observations).
NOTE: 176/12/0 fixed-effect singletons were removed (183 observations).
NOTE: 176/12/0 fixed-effect singletons were removed (183 observations).
NOTE: 176/12/0 fixed-effect singletons were removed (183 observations).
NOTE: 176/12/0 fixed-effect singletons were removed (183 observations).
NOTE: 176/12/0 fixed-effect singletons were removed (183 observations).
NOTE: 176/12/0 fixed-effect singletons were removed (183 observations).
NOTE: 176/12/0 fixed-effect singletons were removed (183 observations).
NOTE: 176/12/0 fixed-effect singletons were removed (183 observations).
NOTE: 176/12/0 fixed-effect singletons were removed (183 observations).
NOTE: 176/12/0 fixed-effect singletons were removed (183 observations).
NOTE: 176/12/0 fixed-effect singletons were removed (183 observations).
NOTE: 176/12/0 fixed-effect singletons were removed (183 observations).
NOTE: 176/12/0 fixed-effect singletons were removed (183 observations).
NOTE: 176/12/0 fixed-effect singletons were removed (183 observations).
NOTE: 176/12/0 fixed-effect singletons were removed (183 observations).
NOTE: 176/12/0 fixed-effect singletons were removed (183 observations).
NOTE: 176/12/0 fixed-effect singletons were removed (183 observations).
NOTE: 176/12/0 fixed-effect singletons were removed (183 observations).
NOTE: 176/12/0 fixed-effect singletons were removed (183 observations).
NOTE: 176/12/0 fixed-effect singletons were removed (183 observations).
NOTE: 176/12/0 fixed-effect singletons were removed (183 observations).
NOTE: 176/12/0 fixed-effect singletons were removed (183 observations).
NOTE: 176/12/0 fixed-effect singletons were removed (183 observations).
NOTE: 176/12/0 fixed-effect singletons were removed (183 observations).
NOTE: 176/12/0 fixed-effect singletons were removed (183 observations).
NOTE: 176/12/0 fixed-effect singletons were removed (183 observations).
NOTE: 176/12/0 fixed-effect singletons were removed (183 observations).
NOTE: 176/12/0 fixed-effect singletons were removed (183 observations).
NOTE: 176/12/0 fixed-effect singletons were removed (183 observations).
NOTE: 176/12/0 fixed-effect singletons were removed (183 observations).
NOTE: 176/12/0 fixed-effect singletons were removed (183 observations).
NOTE: 176/12/0 fixed-effect singletons were removed (183 observations).
NOTE: 176/12/0 fixed-effect singletons were removed (183 observations).
NOTE: 176/12/0 fixed-effect singletons were removed (183 observations).
NOTE: 176/12/0 fixed-effect singletons were removed (183 observations).
NOTE: 176/12/0 fixed-effect singletons were removed (183 observations).
NOTE: 176/12/0 fixed-effect singletons were removed (183 observations).
NOTE: 176/12/0 fixed-effect singletons were removed (183 observations).
NOTE: 176/12/0 fixed-effect singletons were removed (183 observations).
NOTE: 176/12/0 fixed-effect singletons were removed (183 observations).
NOTE: 176/12/0 fixed-effect singletons were removed (183 observations).
NOTE: 176/12/0 fixed-effect singletons were removed (183 observations).
NOTE: 176/12/0 fixed-effect singletons were removed (183 observations).
NOTE: 176/12/0 fixed-effect singletons were removed (183 observations).
NOTE: 176/12/0 fixed-effect singletons were removed (183 observations).
NOTE: 176/12/0 fixed-effect singletons were removed (183 observations).
NOTE: 176/12/0 fixed-effect singletons were removed (183 observations).
NOTE: 176/12/0 fixed-effect singletons were removed (183 observations).
NOTE: 176/12/0 fixed-effect singletons were removed (183 observations).
NOTE: 176/12/0 fixed-effect singletons were removed (183 observations).
NOTE: 176/12/0 fixed-effect singletons were removed (183 observations).
NOTE: 176/12/0 fixed-effect singletons were removed (183 observations).
NOTE: 176/12/0 fixed-effect singletons were removed (183 observations).
NOTE: 176/12/0 fixed-effect singletons were removed (183 observations).
NOTE: 176/12/0 fixed-effect singletons were removed (183 observations).
NOTE: 176/12/0 fixed-effect singletons were removed (183 observations).
NOTE: 176/12/0 fixed-effect singletons were removed (183 observations).
NOTE: 176/12/0 fixed-effect singletons were removed (183 observations).
NOTE: 176/12/0 fixed-effect singletons were removed (183 observations).
NOTE: 176/12/0 fixed-effect singletons were removed (183 observations).
NOTE: 176/12/0 fixed-effect singletons were removed (183 observations).
NOTE: 176/12/0 fixed-effect singletons were removed (183 observations).
NOTE: 176/12/0 fixed-effect singletons were removed (183 observations).
NOTE: 176/12/0 fixed-effect singletons were removed (183 observations).
NOTE: 176/12/0 fixed-effect singletons were removed (183 observations).
NOTE: 176/12/0 fixed-effect singletons were removed (183 observations).
NOTE: 176/12/0 fixed-effect singletons were removed (183 observations).
NOTE: 176/12/0 fixed-effect singletons were removed (183 observations).
NOTE: 176/12/0 fixed-effect singletons were removed (183 observations).
NOTE: 176/12/0 fixed-effect singletons were removed (183 observations).
NOTE: 176/12/0 fixed-effect singletons were removed (183 observations).
NOTE: 176/12/0 fixed-effect singletons were removed (183 observations).
NOTE: 176/12/0 fixed-effect singletons were removed (183 observations).
NOTE: 176/12/0 fixed-effect singletons were removed (183 observations).
NOTE: 176/12/0 fixed-effect singletons were removed (183 observations).
NOTE: 176/12/0 fixed-effect singletons were removed (183 observations).
NOTE: 176/12/0 fixed-effect singletons were removed (183 observations).
NOTE: 176/12/0 fixed-effect singletons were removed (183 observations).
NOTE: 176/12/0 fixed-effect singletons were removed (183 observations).
NOTE: 176/12/0 fixed-effect singletons were removed (183 observations).
NOTE: 176/12/0 fixed-effect singletons were removed (183 observations).
NOTE: 176/12/0 fixed-effect singletons were removed (183 observations).
NOTE: 176/12/0 fixed-effect singletons were removed (183 observations).
NOTE: 176/12/0 fixed-effect singletons were removed (183 observations).
NOTE: 176/12/0 fixed-effect singletons were removed (183 observations).
NOTE: 176/12/0 fixed-effect singletons were removed (183 observations).
NOTE: 176/12/0 fixed-effect singletons were removed (183 observations).
NOTE: 176/12/0 fixed-effect singletons were removed (183 observations).
NOTE: 176/12/0 fixed-effect singletons were removed (183 observations).
NOTE: 176/12/0 fixed-effect singletons were removed (183 observations).
NOTE: 176/12/0 fixed-effect singletons were removed (183 observations).
NOTE: 176/12/0 fixed-effect singletons were removed (183 observations).
NOTE: 176/12/0 fixed-effect singletons were removed (183 observations).
NOTE: 176/12/0 fixed-effect singletons were removed (183 observations).
NOTE: 176/12/0 fixed-effect singletons were removed (183 observations).
NOTE: 176/12/0 fixed-effect singletons were removed (183 observations).
NOTE: 176/12/0 fixed-effect singletons were removed (183 observations).
NOTE: 176/12/0 fixed-effect singletons were removed (183 observations).
NOTE: 176/12/0 fixed-effect singletons were removed (183 observations).
NOTE: 176/12/0 fixed-effect singletons were removed (183 observations).
NOTE: 176/12/0 fixed-effect singletons were removed (183 observations).
NOTE: 176/12/0 fixed-effect singletons were removed (183 observations).
NOTE: 176/12/0 fixed-effect singletons were removed (183 observations).
NOTE: 176/12/0 fixed-effect singletons were removed (183 observations).
NOTE: 176/12/0 fixed-effect singletons were removed (183 observations).
NOTE: 176/12/0 fixed-effect singletons were removed (183 observations).
NOTE: 176/12/0 fixed-effect singletons were removed (183 observations).
NOTE: 176/12/0 fixed-effect singletons were removed (183 observations).
NOTE: 176/12/0 fixed-effect singletons were removed (183 observations).
NOTE: 176/12/0 fixed-effect singletons were removed (183 observations).
NOTE: 176/12/0 fixed-effect singletons were removed (183 observations).
NOTE: 176/12/0 fixed-effect singletons were removed (183 observations).
NOTE: 176/12/0 fixed-effect singletons were removed (183 observations).
NOTE: 176/12/0 fixed-effect singletons were removed (183 observations).
NOTE: 176/12/0 fixed-effect singletons were removed (183 observations).
NOTE: 176/12/0 fixed-effect singletons were removed (183 observations).
NOTE: 176/12/0 fixed-effect singletons were removed (183 observations).
NOTE: 176/12/0 fixed-effect singletons were removed (183 observations).
NOTE: 176/12/0 fixed-effect singletons were removed (183 observations).
NOTE: 176/12/0 fixed-effect singletons were removed (183 observations).
NOTE: 176/12/0 fixed-effect singletons were removed (183 observations).
NOTE: 176/12/0 fixed-effect singletons were removed (183 observations).
NOTE: 176/12/0 fixed-effect singletons were removed (183 observations).
NOTE: 176/12/0 fixed-effect singletons were removed (183 observations).
NOTE: 176/12/0 fixed-effect singletons were removed (183 observations).
NOTE: 176/12/0 fixed-effect singletons were removed (183 observations).
NOTE: 176/12/0 fixed-effect singletons were removed (183 observations).
NOTE: 176/12/0 fixed-effect singletons were removed (183 observations).
NOTE: 176/12/0 fixed-effect singletons were removed (183 observations).
NOTE: 176/12/0 fixed-effect singletons were removed (183 observations).
NOTE: 176/12/0 fixed-effect singletons were removed (183 observations).
NOTE: 176/12/0 fixed-effect singletons were removed (183 observations).
NOTE: 176/12/0 fixed-effect singletons were removed (183 observations).
NOTE: 176/12/0 fixed-effect singletons were removed (183 observations).
NOTE: 176/12/0 fixed-effect singletons were removed (183 observations).
NOTE: 176/12/0 fixed-effect singletons were removed (183 observations).
NOTE: 176/12/0 fixed-effect singletons were removed (183 observations).
NOTE: 176/12/0 fixed-effect singletons were removed (183 observations).
NOTE: 176/12/0 fixed-effect singletons were removed (183 observations).
NOTE: 176/12/0 fixed-effect singletons were removed (183 observations).
NOTE: 176/12/0 fixed-effect singletons were removed (183 observations).
NOTE: 176/12/0 fixed-effect singletons were removed (183 observations).
NOTE: 176/12/0 fixed-effect singletons were removed (183 observations).
NOTE: 176/12/0 fixed-effect singletons were removed (183 observations).
NOTE: 176/12/0 fixed-effect singletons were removed (183 observations).
NOTE: 176/12/0 fixed-effect singletons were removed (183 observations).
NOTE: 176/12/0 fixed-effect singletons were removed (183 observations).
NOTE: 176/12/0 fixed-effect singletons were removed (183 observations).
NOTE: 176/12/0 fixed-effect singletons were removed (183 observations).
NOTE: 176/12/0 fixed-effect singletons were removed (183 observations).
NOTE: 176/12/0 fixed-effect singletons were removed (183 observations).
NOTE: 176/12/0 fixed-effect singletons were removed (183 observations).
NOTE: 176/12/0 fixed-effect singletons were removed (183 observations).
NOTE: 176/12/0 fixed-effect singletons were removed (183 observations).
NOTE: 176/12/0 fixed-effect singletons were removed (183 observations).
NOTE: 176/12/0 fixed-effect singletons were removed (183 observations).
NOTE: 176/12/0 fixed-effect singletons were removed (183 observations).
NOTE: 176/12/0 fixed-effect singletons were removed (183 observations).
NOTE: 176/12/0 fixed-effect singletons were removed (183 observations).
NOTE: 176/12/0 fixed-effect singletons were removed (183 observations).
NOTE: 176/12/0 fixed-effect singletons were removed (183 observations).
NOTE: 176/12/0 fixed-effect singletons were removed (183 observations).
NOTE: 176/12/0 fixed-effect singletons were removed (183 observations).
NOTE: 176/12/0 fixed-effect singletons were removed (183 observations).
NOTE: 176/12/0 fixed-effect singletons were removed (183 observations).
NOTE: 176/12/0 fixed-effect singletons were removed (183 observations).
NOTE: 176/12/0 fixed-effect singletons were removed (183 observations).
NOTE: 176/12/0 fixed-effect singletons were removed (183 observations).
NOTE: 176/12/0 fixed-effect singletons were removed (183 observations).
NOTE: 176/12/0 fixed-effect singletons were removed (183 observations).
NOTE: 176/12/0 fixed-effect singletons were removed (183 observations).
NOTE: 176/12/0 fixed-effect singletons were removed (183 observations).
NOTE: 176/12/0 fixed-effect singletons were removed (183 observations).
NOTE: 176/12/0 fixed-effect singletons were removed (183 observations).
NOTE: 176/12/0 fixed-effect singletons were removed (183 observations).
NOTE: 176/12/0 fixed-effect singletons were removed (183 observations).
NOTE: 176/12/0 fixed-effect singletons were removed (183 observations).
NOTE: 176/12/0 fixed-effect singletons were removed (183 observations).
NOTE: 176/12/0 fixed-effect singletons were removed (183 observations).
NOTE: 176/12/0 fixed-effect singletons were removed (183 observations).
NOTE: 176/12/0 fixed-effect singletons were removed (183 observations).
NOTE: 176/12/0 fixed-effect singletons were removed (183 observations).
NOTE: 176/12/0 fixed-effect singletons were removed (183 observations).
NOTE: 176/12/0 fixed-effect singletons were removed (183 observations).
NOTE: 176/12/0 fixed-effect singletons were removed (183 observations).
NOTE: 176/12/0 fixed-effect singletons were removed (183 observations).
NOTE: 176/12/0 fixed-effect singletons were removed (183 observations).
NOTE: 176/12/0 fixed-effect singletons were removed (183 observations).
NOTE: 176/12/0 fixed-effect singletons were removed (183 observations).
NOTE: 176/12/0 fixed-effect singletons were removed (183 observations).
NOTE: 176/12/0 fixed-effect singletons were removed (183 observations).
NOTE: 176/12/0 fixed-effect singletons were removed (183 observations).
NOTE: 176/12/0 fixed-effect singletons were removed (183 observations).
NOTE: 176/12/0 fixed-effect singletons were removed (183 observations).
NOTE: 176/12/0 fixed-effect singletons were removed (183 observations).
NOTE: 176/12/0 fixed-effect singletons were removed (183 observations).
NOTE: 176/12/0 fixed-effect singletons were removed (183 observations).
NOTE: 176/12/0 fixed-effect singletons were removed (183 observations).
NOTE: 176/12/0 fixed-effect singletons were removed (183 observations).
NOTE: 176/12/0 fixed-effect singletons were removed (183 observations).
NOTE: 176/12/0 fixed-effect singletons were removed (183 observations).
NOTE: 176/12/0 fixed-effect singletons were removed (183 observations).
NOTE: 176/12/0 fixed-effect singletons were removed (183 observations).
NOTE: 176/12/0 fixed-effect singletons were removed (183 observations).
NOTE: 176/12/0 fixed-effect singletons were removed (183 observations).
NOTE: 176/12/0 fixed-effect singletons were removed (183 observations).
NOTE: 176/12/0 fixed-effect singletons were removed (183 observations).
NOTE: 176/12/0 fixed-effect singletons were removed (183 observations).
NOTE: 176/12/0 fixed-effect singletons were removed (183 observations).
NOTE: 176/12/0 fixed-effect singletons were removed (183 observations).
NOTE: 176/12/0 fixed-effect singletons were removed (183 observations).
NOTE: 176/12/0 fixed-effect singletons were removed (183 observations).
NOTE: 176/12/0 fixed-effect singletons were removed (183 observations).
NOTE: 176/12/0 fixed-effect singletons were removed (183 observations).
NOTE: 176/12/0 fixed-effect singletons were removed (183 observations).
NOTE: 176/12/0 fixed-effect singletons were removed (183 observations).
NOTE: 176/12/0 fixed-effect singletons were removed (183 observations).
NOTE: 176/12/0 fixed-effect singletons were removed (183 observations).
NOTE: 176/12/0 fixed-effect singletons were removed (183 observations).
NOTE: 176/12/0 fixed-effect singletons were removed (183 observations).
NOTE: 176/12/0 fixed-effect singletons were removed (183 observations).
NOTE: 176/12/0 fixed-effect singletons were removed (183 observations).
NOTE: 176/12/0 fixed-effect singletons were removed (183 observations).
NOTE: 176/12/0 fixed-effect singletons were removed (183 observations).
NOTE: 176/12/0 fixed-effect singletons were removed (183 observations).
NOTE: 176/12/0 fixed-effect singletons were removed (183 observations).
NOTE: 176/12/0 fixed-effect singletons were removed (183 observations).
NOTE: 176/12/0 fixed-effect singletons were removed (183 observations).
NOTE: 176/12/0 fixed-effect singletons were removed (183 observations).
NOTE: 176/12/0 fixed-effect singletons were removed (183 observations).
NOTE: 176/12/0 fixed-effect singletons were removed (183 observations).
NOTE: 176/12/0 fixed-effect singletons were removed (183 observations).
NOTE: 176/12/0 fixed-effect singletons were removed (183 observations).
NOTE: 176/12/0 fixed-effect singletons were removed (183 observations).
NOTE: 176/12/0 fixed-effect singletons were removed (183 observations).
NOTE: 176/12/0 fixed-effect singletons were removed (183 observations).
NOTE: 176/12/0 fixed-effect singletons were removed (183 observations).
NOTE: 176/12/0 fixed-effect singletons were removed (183 observations).
NOTE: 176/12/0 fixed-effect singletons were removed (183 observations).
NOTE: 176/12/0 fixed-effect singletons were removed (183 observations).
NOTE: 176/12/0 fixed-effect singletons were removed (183 observations).
NOTE: 176/12/0 fixed-effect singletons were removed (183 observations).
NOTE: 176/12/0 fixed-effect singletons were removed (183 observations).
NOTE: 176/12/0 fixed-effect singletons were removed (183 observations).
NOTE: 176/12/0 fixed-effect singletons were removed (183 observations).
NOTE: 176/12/0 fixed-effect singletons were removed (183 observations).
NOTE: 176/12/0 fixed-effect singletons were removed (183 observations).
NOTE: 176/12/0 fixed-effect singletons were removed (183 observations).
NOTE: 176/12/0 fixed-effect singletons were removed (183 observations).
NOTE: 176/12/0 fixed-effect singletons were removed (183 observations).
NOTE: 176/12/0 fixed-effect singletons were removed (183 observations).
NOTE: 176/12/0 fixed-effect singletons were removed (183 observations).
NOTE: 176/12/0 fixed-effect singletons were removed (183 observations).
NOTE: 176/12/0 fixed-effect singletons were removed (183 observations).
NOTE: 176/12/0 fixed-effect singletons were removed (183 observations).
NOTE: 176/12/0 fixed-effect singletons were removed (183 observations).
NOTE: 176/12/0 fixed-effect singletons were removed (183 observations).
NOTE: 176/12/0 fixed-effect singletons were removed (183 observations).
NOTE: 176/12/0 fixed-effect singletons were removed (183 observations).
NOTE: 176/12/0 fixed-effect singletons were removed (183 observations).
NOTE: 176/12/0 fixed-effect singletons were removed (183 observations).
NOTE: 176/12/0 fixed-effect singletons were removed (183 observations).
NOTE: 176/12/0 fixed-effect singletons were removed (183 observations).
NOTE: 176/12/0 fixed-effect singletons were removed (183 observations).
NOTE: 176/12/0 fixed-effect singletons were removed (183 observations).
NOTE: 176/12/0 fixed-effect singletons were removed (183 observations).
NOTE: 176/12/0 fixed-effect singletons were removed (183 observations).
NOTE: 176/12/0 fixed-effect singletons were removed (183 observations).
NOTE: 176/12/0 fixed-effect singletons were removed (183 observations).
NOTE: 176/12/0 fixed-effect singletons were removed (183 observations).
NOTE: 176/12/0 fixed-effect singletons were removed (183 observations).
NOTE: 176/12/0 fixed-effect singletons were removed (183 observations).
NOTE: 176/12/0 fixed-effect singletons were removed (183 observations).
NOTE: 176/12/0 fixed-effect singletons were removed (183 observations).
NOTE: 176/12/0 fixed-effect singletons were removed (183 observations).
NOTE: 176/12/0 fixed-effect singletons were removed (183 observations).
NOTE: 176/12/0 fixed-effect singletons were removed (183 observations).
NOTE: 176/12/0 fixed-effect singletons were removed (183 observations).
NOTE: 176/12/0 fixed-effect singletons were removed (183 observations).
NOTE: 176/12/0 fixed-effect singletons were removed (183 observations).
NOTE: 176/12/0 fixed-effect singletons were removed (183 observations).
NOTE: 176/12/0 fixed-effect singletons were removed (183 observations).
NOTE: 176/12/0 fixed-effect singletons were removed (183 observations).
NOTE: 176/12/0 fixed-effect singletons were removed (183 observations).
NOTE: 176/12/0 fixed-effect singletons were removed (183 observations).
NOTE: 176/12/0 fixed-effect singletons were removed (183 observations).
NOTE: 176/12/0 fixed-effect singletons were removed (183 observations).
NOTE: 176/12/0 fixed-effect singletons were removed (183 observations).
NOTE: 176/12/0 fixed-effect singletons were removed (183 observations).
NOTE: 176/12/0 fixed-effect singletons were removed (183 observations).
NOTE: 176/12/0 fixed-effect singletons were removed (183 observations).
NOTE: 176/12/0 fixed-effect singletons were removed (183 observations).
NOTE: 176/12/0 fixed-effect singletons were removed (183 observations).
NOTE: 176/12/0 fixed-effect singletons were removed (183 observations).
NOTE: 176/12/0 fixed-effect singletons were removed (183 observations).
NOTE: 176/12/0 fixed-effect singletons were removed (183 observations).
NOTE: 176/12/0 fixed-effect singletons were removed (183 observations).
NOTE: 176/12/0 fixed-effect singletons were removed (183 observations).
NOTE: 176/12/0 fixed-effect singletons were removed (183 observations).
NOTE: 176/12/0 fixed-effect singletons were removed (183 observations).
NOTE: 176/12/0 fixed-effect singletons were removed (183 observations).
NOTE: 176/12/0 fixed-effect singletons were removed (183 observations).
NOTE: 176/12/0 fixed-effect singletons were removed (183 observations).
NOTE: 176/12/0 fixed-effect singletons were removed (183 observations).
NOTE: 176/12/0 fixed-effect singletons were removed (183 observations).
NOTE: 176/12/0 fixed-effect singletons were removed (183 observations).
NOTE: 176/12/0 fixed-effect singletons were removed (183 observations).
NOTE: 176/12/0 fixed-effect singletons were removed (183 observations).
NOTE: 176/12/0 fixed-effect singletons were removed (183 observations).
NOTE: 176/12/0 fixed-effect singletons were removed (183 observations).
NOTE: 176/12/0 fixed-effect singletons were removed (183 observations).
NOTE: 176/12/0 fixed-effect singletons were removed (183 observations).
NOTE: 176/12/0 fixed-effect singletons were removed (183 observations).
NOTE: 176/12/0 fixed-effect singletons were removed (183 observations).
NOTE: 176/12/0 fixed-effect singletons were removed (183 observations).
NOTE: 176/12/0 fixed-effect singletons were removed (183 observations).
NOTE: 176/12/0 fixed-effect singletons were removed (183 observations).
NOTE: 176/12/0 fixed-effect singletons were removed (183 observations).
NOTE: 176/12/0 fixed-effect singletons were removed (183 observations).
NOTE: 176/12/0 fixed-effect singletons were removed (183 observations).
NOTE: 176/12/0 fixed-effect singletons were removed (183 observations).
NOTE: 176/12/0 fixed-effect singletons were removed (183 observations).
NOTE: 176/12/0 fixed-effect singletons were removed (183 observations).
NOTE: 176/12/0 fixed-effect singletons were removed (183 observations).
NOTE: 176/12/0 fixed-effect singletons were removed (183 observations).
NOTE: 176/12/0 fixed-effect singletons were removed (183 observations).
NOTE: 176/12/0 fixed-effect singletons were removed (183 observations).
NOTE: 176/12/0 fixed-effect singletons were removed (183 observations).
NOTE: 176/12/0 fixed-effect singletons were removed (183 observations).
NOTE: 176/12/0 fixed-effect singletons were removed (183 observations).
NOTE: 176/12/0 fixed-effect singletons were removed (183 observations).
NOTE: 176/12/0 fixed-effect singletons were removed (183 observations).
NOTE: 176/12/0 fixed-effect singletons were removed (183 observations).
NOTE: 176/12/0 fixed-effect singletons were removed (183 observations).
NOTE: 176/12/0 fixed-effect singletons were removed (183 observations).
NOTE: 176/12/0 fixed-effect singletons were removed (183 observations).
NOTE: 176/12/0 fixed-effect singletons were removed (183 observations).
NOTE: 176/12/0 fixed-effect singletons were removed (183 observations).
NOTE: 176/12/0 fixed-effect singletons were removed (183 observations).
NOTE: 176/12/0 fixed-effect singletons were removed (183 observations).
NOTE: 176/12/0 fixed-effect singletons were removed (183 observations).
NOTE: 176/12/0 fixed-effect singletons were removed (183 observations).
NOTE: 176/12/0 fixed-effect singletons were removed (183 observations).
NOTE: 176/12/0 fixed-effect singletons were removed (183 observations).
NOTE: 176/12/0 fixed-effect singletons were removed (183 observations).
NOTE: 176/12/0 fixed-effect singletons were removed (183 observations).
NOTE: 176/12/0 fixed-effect singletons were removed (183 observations).
NOTE: 176/12/0 fixed-effect singletons were removed (183 observations).
NOTE: 176/12/0 fixed-effect singletons were removed (183 observations).
NOTE: 176/12/0 fixed-effect singletons were removed (183 observations).
NOTE: 176/12/0 fixed-effect singletons were removed (183 observations).
NOTE: 176/12/0 fixed-effect singletons were removed (183 observations).
NOTE: 176/12/0 fixed-effect singletons were removed (183 observations).
NOTE: 176/12/0 fixed-effect singletons were removed (183 observations).
NOTE: 176/12/0 fixed-effect singletons were removed (183 observations).
NOTE: 176/12/0 fixed-effect singletons were removed (183 observations).
NOTE: 176/12/0 fixed-effect singletons were removed (183 observations).
NOTE: 176/12/0 fixed-effect singletons were removed (183 observations).
NOTE: 176/12/0 fixed-effect singletons were removed (183 observations).
NOTE: 176/12/0 fixed-effect singletons were removed (183 observations).
NOTE: 176/12/0 fixed-effect singletons were removed (183 observations).
NOTE: 176/12/0 fixed-effect singletons were removed (183 observations).
NOTE: 176/12/0 fixed-effect singletons were removed (183 observations).
NOTE: 176/12/0 fixed-effect singletons were removed (183 observations).
NOTE: 176/12/0 fixed-effect singletons were removed (183 observations).
NOTE: 176/12/0 fixed-effect singletons were removed (183 observations).
NOTE: 176/12/0 fixed-effect singletons were removed (183 observations).
NOTE: 176/12/0 fixed-effect singletons were removed (183 observations).
NOTE: 176/12/0 fixed-effect singletons were removed (183 observations).
NOTE: 176/12/0 fixed-effect singletons were removed (183 observations).
NOTE: 176/12/0 fixed-effect singletons were removed (183 observations).
NOTE: 176/12/0 fixed-effect singletons were removed (183 observations).
NOTE: 176/12/0 fixed-effect singletons were removed (183 observations).
NOTE: 176/12/0 fixed-effect singletons were removed (183 observations).
NOTE: 176/12/0 fixed-effect singletons were removed (183 observations).
NOTE: 176/12/0 fixed-effect singletons were removed (183 observations).
NOTE: 176/12/0 fixed-effect singletons were removed (183 observations).
NOTE: 176/12/0 fixed-effect singletons were removed (183 observations).
NOTE: 176/12/0 fixed-effect singletons were removed (183 observations).
NOTE: 176/12/0 fixed-effect singletons were removed (183 observations).
NOTE: 176/12/0 fixed-effect singletons were removed (183 observations).
NOTE: 176/12/0 fixed-effect singletons were removed (183 observations).
NOTE: 176/12/0 fixed-effect singletons were removed (183 observations).
NOTE: 176/12/0 fixed-effect singletons were removed (183 observations).
NOTE: 176/12/0 fixed-effect singletons were removed (183 observations).
NOTE: 176/12/0 fixed-effect singletons were removed (183 observations).
NOTE: 176/12/0 fixed-effect singletons were removed (183 observations).
NOTE: 176/12/0 fixed-effect singletons were removed (183 observations).
NOTE: 176/12/0 fixed-effect singletons were removed (183 observations).
NOTE: 176/12/0 fixed-effect singletons were removed (183 observations).
NOTE: 176/12/0 fixed-effect singletons were removed (183 observations).
NOTE: 176/12/0 fixed-effect singletons were removed (183 observations).
NOTE: 176/12/0 fixed-effect singletons were removed (183 observations).
NOTE: 176/12/0 fixed-effect singletons were removed (183 observations).
NOTE: 176/12/0 fixed-effect singletons were removed (183 observations).
NOTE: 176/12/0 fixed-effect singletons were removed (183 observations).
NOTE: 176/12/0 fixed-effect singletons were removed (183 observations).
NOTE: 176/12/0 fixed-effect singletons were removed (183 observations).
NOTE: 176/12/0 fixed-effect singletons were removed (183 observations).
NOTE: 176/12/0 fixed-effect singletons were removed (183 observations).
NOTE: 176/12/0 fixed-effect singletons were removed (183 observations).
NOTE: 176/12/0 fixed-effect singletons were removed (183 observations).
NOTE: 176/12/0 fixed-effect singletons were removed (183 observations).
NOTE: 176/12/0 fixed-effect singletons were removed (183 observations).
NOTE: 176/12/0 fixed-effect singletons were removed (183 observations).
NOTE: 176/12/0 fixed-effect singletons were removed (183 observations).
NOTE: 176/12/0 fixed-effect singletons were removed (183 observations).
NOTE: 176/12/0 fixed-effect singletons were removed (183 observations).
NOTE: 176/12/0 fixed-effect singletons were removed (183 observations).
NOTE: 176/12/0 fixed-effect singletons were removed (183 observations).
NOTE: 176/12/0 fixed-effect singletons were removed (183 observations).
NOTE: 176/12/0 fixed-effect singletons were removed (183 observations).
NOTE: 176/12/0 fixed-effect singletons were removed (183 observations).
NOTE: 176/12/0 fixed-effect singletons were removed (183 observations).
NOTE: 176/12/0 fixed-effect singletons were removed (183 observations).
NOTE: 176/12/0 fixed-effect singletons were removed (183 observations).
NOTE: 176/12/0 fixed-effect singletons were removed (183 observations).
NOTE: 176/12/0 fixed-effect singletons were removed (183 observations).
NOTE: 176/12/0 fixed-effect singletons were removed (183 observations).
NOTE: 176/12/0 fixed-effect singletons were removed (183 observations).
NOTE: 176/12/0 fixed-effect singletons were removed (183 observations).
NOTE: 176/12/0 fixed-effect singletons were removed (183 observations).
NOTE: 176/12/0 fixed-effect singletons were removed (183 observations).
NOTE: 176/12/0 fixed-effect singletons were removed (183 observations).
NOTE: 176/12/0 fixed-effect singletons were removed (183 observations).
NOTE: 176/12/0 fixed-effect singletons were removed (183 observations).
NOTE: 176/12/0 fixed-effect singletons were removed (183 observations).
NOTE: 176/12/0 fixed-effect singletons were removed (183 observations).
NOTE: 176/12/0 fixed-effect singletons were removed (183 observations).
NOTE: 176/12/0 fixed-effect singletons were removed (183 observations).
NOTE: 176/12/0 fixed-effect singletons were removed (183 observations).
NOTE: 176/12/0 fixed-effect singletons were removed (183 observations).
NOTE: 176/12/0 fixed-effect singletons were removed (183 observations).
NOTE: 176/12/0 fixed-effect singletons were removed (183 observations).
NOTE: 176/12/0 fixed-effect singletons were removed (183 observations).
NOTE: 176/12/0 fixed-effect singletons were removed (183 observations).
NOTE: 176/12/0 fixed-effect singletons were removed (183 observations).
NOTE: 176/12/0 fixed-effect singletons were removed (183 observations).
NOTE: 176/12/0 fixed-effect singletons were removed (183 observations).
NOTE: 176/12/0 fixed-effect singletons were removed (183 observations).
NOTE: 176/12/0 fixed-effect singletons were removed (183 observations).
NOTE: 176/12/0 fixed-effect singletons were removed (183 observations).
NOTE: 176/12/0 fixed-effect singletons were removed (183 observations).
NOTE: 176/12/0 fixed-effect singletons were removed (183 observations).
NOTE: 176/12/0 fixed-effect singletons were removed (183 observations).
NOTE: 176/12/0 fixed-effect singletons were removed (183 observations).
NOTE: 176/12/0 fixed-effect singletons were removed (183 observations).
NOTE: 176/12/0 fixed-effect singletons were removed (183 observations).
NOTE: 176/12/0 fixed-effect singletons were removed (183 observations).
NOTE: 176/12/0 fixed-effect singletons were removed (183 observations).
NOTE: 176/12/0 fixed-effect singletons were removed (183 observations).
NOTE: 176/12/0 fixed-effect singletons were removed (183 observations).
NOTE: 176/12/0 fixed-effect singletons were removed (183 observations).
NOTE: 176/12/0 fixed-effect singletons were removed (183 observations).
NOTE: 176/12/0 fixed-effect singletons were removed (183 observations).
NOTE: 176/12/0 fixed-effect singletons were removed (183 observations).
NOTE: 176/12/0 fixed-effect singletons were removed (183 observations).
NOTE: 176/12/0 fixed-effect singletons were removed (183 observations).
NOTE: 176/12/0 fixed-effect singletons were removed (183 observations).
NOTE: 176/12/0 fixed-effect singletons were removed (183 observations).
NOTE: 176/12/0 fixed-effect singletons were removed (183 observations).
NOTE: 176/12/0 fixed-effect singletons were removed (183 observations).
NOTE: 176/12/0 fixed-effect singletons were removed (183 observations).
NOTE: 176/12/0 fixed-effect singletons were removed (183 observations).
NOTE: 176/12/0 fixed-effect singletons were removed (183 observations).
NOTE: 176/12/0 fixed-effect singletons were removed (183 observations).
NOTE: 176/12/0 fixed-effect singletons were removed (183 observations).
NOTE: 176/12/0 fixed-effect singletons were removed (183 observations).
NOTE: 176/12/0 fixed-effect singletons were removed (183 observations).
NOTE: 176/12/0 fixed-effect singletons were removed (183 observations).
NOTE: 176/12/0 fixed-effect singletons were removed (183 observations).
NOTE: 176/12/0 fixed-effect singletons were removed (183 observations).
NOTE: 176/12/0 fixed-effect singletons were removed (183 observations).
NOTE: 176/12/0 fixed-effect singletons were removed (183 observations).
NOTE: 176/12/0 fixed-effect singletons were removed (183 observations).
NOTE: 176/12/0 fixed-effect singletons were removed (183 observations).
NOTE: 176/12/0 fixed-effect singletons were removed (183 observations).
NOTE: 176/12/0 fixed-effect singletons were removed (183 observations).
NOTE: 176/12/0 fixed-effect singletons were removed (183 observations).
NOTE: 176/12/0 fixed-effect singletons were removed (183 observations).
NOTE: 176/12/0 fixed-effect singletons were removed (183 observations).
NOTE: 176/12/0 fixed-effect singletons were removed (183 observations).
NOTE: 176/12/0 fixed-effect singletons were removed (183 observations).
NOTE: 176/12/0 fixed-effect singletons were removed (183 observations).
NOTE: 176/12/0 fixed-effect singletons were removed (183 observations).
NOTE: 176/12/0 fixed-effect singletons were removed (183 observations).
NOTE: 176/12/0 fixed-effect singletons were removed (183 observations).
NOTE: 176/12/0 fixed-effect singletons were removed (183 observations).
NOTE: 176/12/0 fixed-effect singletons were removed (183 observations).
NOTE: 176/12/0 fixed-effect singletons were removed (183 observations).
NOTE: 176/12/0 fixed-effect singletons were removed (183 observations).
NOTE: 176/12/0 fixed-effect singletons were removed (183 observations).
NOTE: 176/12/0 fixed-effect singletons were removed (183 observations).
NOTE: 176/12/0 fixed-effect singletons were removed (183 observations).
NOTE: 176/12/0 fixed-effect singletons were removed (183 observations).
NOTE: 176/12/0 fixed-effect singletons were removed (183 observations).
NOTE: 176/12/0 fixed-effect singletons were removed (183 observations).
NOTE: 176/12/0 fixed-effect singletons were removed (183 observations).
NOTE: 176/12/0 fixed-effect singletons were removed (183 observations).
NOTE: 176/12/0 fixed-effect singletons were removed (183 observations).
NOTE: 176/12/0 fixed-effect singletons were removed (183 observations).
NOTE: 176/12/0 fixed-effect singletons were removed (183 observations).
NOTE: 176/12/0 fixed-effect singletons were removed (183 observations).
NOTE: 176/12/0 fixed-effect singletons were removed (183 observations).
NOTE: 176/12/0 fixed-effect singletons were removed (183 observations).
NOTE: 176/12/0 fixed-effect singletons were removed (183 observations).
NOTE: 176/12/0 fixed-effect singletons were removed (183 observations).
NOTE: 176/12/0 fixed-effect singletons were removed (183 observations).
NOTE: 176/12/0 fixed-effect singletons were removed (183 observations).
NOTE: 176/12/0 fixed-effect singletons were removed (183 observations).
NOTE: 176/12/0 fixed-effect singletons were removed (183 observations).
NOTE: 176/12/0 fixed-effect singletons were removed (183 observations).
NOTE: 176/12/0 fixed-effect singletons were removed (183 observations).
NOTE: 176/12/0 fixed-effect singletons were removed (183 observations).
NOTE: 176/12/0 fixed-effect singletons were removed (183 observations).
NOTE: 176/12/0 fixed-effect singletons were removed (183 observations).
NOTE: 176/12/0 fixed-effect singletons were removed (183 observations).
NOTE: 176/12/0 fixed-effect singletons were removed (183 observations).
NOTE: 176/12/0 fixed-effect singletons were removed (183 observations).
NOTE: 176/12/0 fixed-effect singletons were removed (183 observations).
NOTE: 176/12/0 fixed-effect singletons were removed (183 observations).
NOTE: 176/12/0 fixed-effect singletons were removed (183 observations).
NOTE: 176/12/0 fixed-effect singletons were removed (183 observations).
NOTE: 176/12/0 fixed-effect singletons were removed (183 observations).
NOTE: 176/12/0 fixed-effect singletons were removed (183 observations).
NOTE: 176/12/0 fixed-effect singletons were removed (183 observations).
NOTE: 176/12/0 fixed-effect singletons were removed (183 observations).
NOTE: 176/12/0 fixed-effect singletons were removed (183 observations).
NOTE: 176/12/0 fixed-effect singletons were removed (183 observations).
NOTE: 176/12/0 fixed-effect singletons were removed (183 observations).
NOTE: 176/12/0 fixed-effect singletons were removed (183 observations).
NOTE: 176/12/0 fixed-effect singletons were removed (183 observations).
NOTE: 176/12/0 fixed-effect singletons were removed (183 observations).
NOTE: 176/12/0 fixed-effect singletons were removed (183 observations).
NOTE: 176/12/0 fixed-effect singletons were removed (183 observations).
NOTE: 176/12/0 fixed-effect singletons were removed (183 observations).
NOTE: 176/12/0 fixed-effect singletons were removed (183 observations).
NOTE: 176/12/0 fixed-effect singletons were removed (183 observations).
NOTE: 176/12/0 fixed-effect singletons were removed (183 observations).
NOTE: 176/12/0 fixed-effect singletons were removed (183 observations).
NOTE: 176/12/0 fixed-effect singletons were removed (183 observations).
NOTE: 176/12/0 fixed-effect singletons were removed (183 observations).
NOTE: 176/12/0 fixed-effect singletons were removed (183 observations).
NOTE: 176/12/0 fixed-effect singletons were removed (183 observations).
NOTE: 176/12/0 fixed-effect singletons were removed (183 observations).
NOTE: 176/12/0 fixed-effect singletons were removed (183 observations).
NOTE: 176/12/0 fixed-effect singletons were removed (183 observations).
NOTE: 176/12/0 fixed-effect singletons were removed (183 observations).
NOTE: 176/12/0 fixed-effect singletons were removed (183 observations).
NOTE: 176/12/0 fixed-effect singletons were removed (183 observations).
NOTE: 176/12/0 fixed-effect singletons were removed (183 observations).
NOTE: 176/12/0 fixed-effect singletons were removed (183 observations).
NOTE: 176/12/0 fixed-effect singletons were removed (183 observations).
NOTE: 176/12/0 fixed-effect singletons were removed (183 observations).
NOTE: 176/12/0 fixed-effect singletons were removed (183 observations).
NOTE: 176/12/0 fixed-effect singletons were removed (183 observations).
NOTE: 176/12/0 fixed-effect singletons were removed (183 observations).
NOTE: 176/12/0 fixed-effect singletons were removed (183 observations).
NOTE: 176/12/0 fixed-effect singletons were removed (183 observations).
NOTE: 176/12/0 fixed-effect singletons were removed (183 observations).
NOTE: 176/12/0 fixed-effect singletons were removed (183 observations).
NOTE: 176/12/0 fixed-effect singletons were removed (183 observations).
NOTE: 176/12/0 fixed-effect singletons were removed (183 observations).
NOTE: 176/12/0 fixed-effect singletons were removed (183 observations).
NOTE: 176/12/0 fixed-effect singletons were removed (183 observations).
NOTE: 176/12/0 fixed-effect singletons were removed (183 observations).
NOTE: 176/12/0 fixed-effect singletons were removed (183 observations).
NOTE: 176/12/0 fixed-effect singletons were removed (183 observations).
NOTE: 176/12/0 fixed-effect singletons were removed (183 observations).
NOTE: 176/12/0 fixed-effect singletons were removed (183 observations).
NOTE: 176/12/0 fixed-effect singletons were removed (183 observations).
NOTE: 176/12/0 fixed-effect singletons were removed (183 observations).
NOTE: 176/12/0 fixed-effect singletons were removed (183 observations).
NOTE: 176/12/0 fixed-effect singletons were removed (183 observations).
NOTE: 176/12/0 fixed-effect singletons were removed (183 observations).
NOTE: 176/12/0 fixed-effect singletons were removed (183 observations).
NOTE: 176/12/0 fixed-effect singletons were removed (183 observations).
NOTE: 176/12/0 fixed-effect singletons were removed (183 observations).
NOTE: 176/12/0 fixed-effect singletons were removed (183 observations).
NOTE: 176/12/0 fixed-effect singletons were removed (183 observations).
NOTE: 176/12/0 fixed-effect singletons were removed (183 observations).
NOTE: 176/12/0 fixed-effect singletons were removed (183 observations).
NOTE: 176/12/0 fixed-effect singletons were removed (183 observations).
NOTE: 176/12/0 fixed-effect singletons were removed (183 observations).
NOTE: 176/12/0 fixed-effect singletons were removed (183 observations).
NOTE: 176/12/0 fixed-effect singletons were removed (183 observations).
NOTE: 176/12/0 fixed-effect singletons were removed (183 observations).
NOTE: 176/12/0 fixed-effect singletons were removed (183 observations).
NOTE: 176/12/0 fixed-effect singletons were removed (183 observations).
NOTE: 176/12/0 fixed-effect singletons were removed (183 observations).
NOTE: 176/12/0 fixed-effect singletons were removed (183 observations).
NOTE: 176/12/0 fixed-effect singletons were removed (183 observations).
NOTE: 176/12/0 fixed-effect singletons were removed (183 observations).
NOTE: 176/12/0 fixed-effect singletons were removed (183 observations).
NOTE: 176/12/0 fixed-effect singletons were removed (183 observations).
NOTE: 176/12/0 fixed-effect singletons were removed (183 observations).
NOTE: 176/12/0 fixed-effect singletons were removed (183 observations).
NOTE: 176/12/0 fixed-effect singletons were removed (183 observations).
NOTE: 176/12/0 fixed-effect singletons were removed (183 observations).
NOTE: 176/12/0 fixed-effect singletons were removed (183 observations).
NOTE: 176/12/0 fixed-effect singletons were removed (183 observations).
NOTE: 176/12/0 fixed-effect singletons were removed (183 observations).
NOTE: 176/12/0 fixed-effect singletons were removed (183 observations).
NOTE: 176/12/0 fixed-effect singletons were removed (183 observations).
NOTE: 176/12/0 fixed-effect singletons were removed (183 observations).
NOTE: 176/12/0 fixed-effect singletons were removed (183 observations).
NOTE: 176/12/0 fixed-effect singletons were removed (183 observations).
NOTE: 176/12/0 fixed-effect singletons were removed (183 observations).
NOTE: 176/12/0 fixed-effect singletons were removed (183 observations).
NOTE: 176/12/0 fixed-effect singletons were removed (183 observations).
NOTE: 176/12/0 fixed-effect singletons were removed (183 observations).
NOTE: 176/12/0 fixed-effect singletons were removed (183 observations).
NOTE: 176/12/0 fixed-effect singletons were removed (183 observations).
NOTE: 176/12/0 fixed-effect singletons were removed (183 observations).
NOTE: 176/12/0 fixed-effect singletons were removed (183 observations).
NOTE: 176/12/0 fixed-effect singletons were removed (183 observations).
NOTE: 176/12/0 fixed-effect singletons were removed (183 observations).
NOTE: 176/12/0 fixed-effect singletons were removed (183 observations).
NOTE: 176/12/0 fixed-effect singletons were removed (183 observations).
NOTE: 176/12/0 fixed-effect singletons were removed (183 observations).
NOTE: 176/12/0 fixed-effect singletons were removed (183 observations).
NOTE: 176/12/0 fixed-effect singletons were removed (183 observations).
NOTE: 176/12/0 fixed-effect singletons were removed (183 observations).
NOTE: 176/12/0 fixed-effect singletons were removed (183 observations).
NOTE: 176/12/0 fixed-effect singletons were removed (183 observations).
NOTE: 176/12/0 fixed-effect singletons were removed (183 observations).
NOTE: 176/12/0 fixed-effect singletons were removed (183 observations).
NOTE: 176/12/0 fixed-effect singletons were removed (183 observations).
NOTE: 176/12/0 fixed-effect singletons were removed (183 observations).
NOTE: 176/12/0 fixed-effect singletons were removed (183 observations).
NOTE: 176/12/0 fixed-effect singletons were removed (183 observations).
NOTE: 176/12/0 fixed-effect singletons were removed (183 observations).
NOTE: 176/12/0 fixed-effect singletons were removed (183 observations).
NOTE: 176/12/0 fixed-effect singletons were removed (183 observations).
NOTE: 176/12/0 fixed-effect singletons were removed (183 observations).
NOTE: 176/12/0 fixed-effect singletons were removed (183 observations).
NOTE: 176/12/0 fixed-effect singletons were removed (183 observations).
NOTE: 176/12/0 fixed-effect singletons were removed (183 observations).
NOTE: 176/12/0 fixed-effect singletons were removed (183 observations).
NOTE: 176/12/0 fixed-effect singletons were removed (183 observations).
NOTE: 176/12/0 fixed-effect singletons were removed (183 observations).
NOTE: 176/12/0 fixed-effect singletons were removed (183 observations).
NOTE: 176/12/0 fixed-effect singletons were removed (183 observations).
NOTE: 176/12/0 fixed-effect singletons were removed (183 observations).
NOTE: 176/12/0 fixed-effect singletons were removed (183 observations).
NOTE: 176/12/0 fixed-effect singletons were removed (183 observations).
NOTE: 176/12/0 fixed-effect singletons were removed (183 observations).
NOTE: 176/12/0 fixed-effect singletons were removed (183 observations).
NOTE: 176/12/0 fixed-effect singletons were removed (183 observations).
NOTE: 176/12/0 fixed-effect singletons were removed (183 observations).
NOTE: 176/12/0 fixed-effect singletons were removed (183 observations).
NOTE: 176/12/0 fixed-effect singletons were removed (183 observations).
NOTE: 176/12/0 fixed-effect singletons were removed (183 observations).
NOTE: 176/12/0 fixed-effect singletons were removed (183 observations).
NOTE: 176/12/0 fixed-effect singletons were removed (183 observations).
NOTE: 176/12/0 fixed-effect singletons were removed (183 observations).
NOTE: 176/12/0 fixed-effect singletons were removed (183 observations).
NOTE: 176/12/0 fixed-effect singletons were removed (183 observations).
NOTE: 176/12/0 fixed-effect singletons were removed (183 observations).
NOTE: 176/12/0 fixed-effect singletons were removed (183 observations).
NOTE: 176/12/0 fixed-effect singletons were removed (183 observations).
NOTE: 176/12/0 fixed-effect singletons were removed (183 observations).
NOTE: 176/12/0 fixed-effect singletons were removed (183 observations).
NOTE: 176/12/0 fixed-effect singletons were removed (183 observations).
NOTE: 176/12/0 fixed-effect singletons were removed (183 observations).
NOTE: 176/12/0 fixed-effect singletons were removed (183 observations).
NOTE: 176/12/0 fixed-effect singletons were removed (183 observations).
NOTE: 176/12/0 fixed-effect singletons were removed (183 observations).
NOTE: 176/12/0 fixed-effect singletons were removed (183 observations).
NOTE: 176/12/0 fixed-effect singletons were removed (183 observations).
NOTE: 176/12/0 fixed-effect singletons were removed (183 observations).
NOTE: 176/12/0 fixed-effect singletons were removed (183 observations).
NOTE: 176/12/0 fixed-effect singletons were removed (183 observations).
NOTE: 176/12/0 fixed-effect singletons were removed (183 observations).
NOTE: 176/12/0 fixed-effect singletons were removed (183 observations).
NOTE: 176/12/0 fixed-effect singletons were removed (183 observations).
NOTE: 176/12/0 fixed-effect singletons were removed (183 observations).
NOTE: 176/12/0 fixed-effect singletons were removed (183 observations).
NOTE: 176/12/0 fixed-effect singletons were removed (183 observations).
NOTE: 176/12/0 fixed-effect singletons were removed (183 observations).
NOTE: 176/12/0 fixed-effect singletons were removed (183 observations).
NOTE: 176/12/0 fixed-effect singletons were removed (183 observations).
NOTE: 176/12/0 fixed-effect singletons were removed (183 observations).
NOTE: 176/12/0 fixed-effect singletons were removed (183 observations).
NOTE: 176/12/0 fixed-effect singletons were removed (183 observations).
NOTE: 176/12/0 fixed-effect singletons were removed (183 observations).
NOTE: 176/12/0 fixed-effect singletons were removed (183 observations).
NOTE: 176/12/0 fixed-effect singletons were removed (183 observations).
NOTE: 176/12/0 fixed-effect singletons were removed (183 observations).
NOTE: 176/12/0 fixed-effect singletons were removed (183 observations).
NOTE: 176/12/0 fixed-effect singletons were removed (183 observations).
NOTE: 176/12/0 fixed-effect singletons were removed (183 observations).
NOTE: 176/12/0 fixed-effect singletons were removed (183 observations).
NOTE: 176/12/0 fixed-effect singletons were removed (183 observations).
NOTE: 176/12/0 fixed-effect singletons were removed (183 observations).
NOTE: 176/12/0 fixed-effect singletons were removed (183 observations).
NOTE: 176/12/0 fixed-effect singletons were removed (183 observations).
NOTE: 176/12/0 fixed-effect singletons were removed (183 observations).
NOTE: 176/12/0 fixed-effect singletons were removed (183 observations).
NOTE: 176/12/0 fixed-effect singletons were removed (183 observations).
NOTE: 176/12/0 fixed-effect singletons were removed (183 observations).
NOTE: 176/12/0 fixed-effect singletons were removed (183 observations).
NOTE: 176/12/0 fixed-effect singletons were removed (183 observations).
NOTE: 176/12/0 fixed-effect singletons were removed (183 observations).
NOTE: 176/12/0 fixed-effect singletons were removed (183 observations).
NOTE: 176/12/0 fixed-effect singletons were removed (183 observations).
NOTE: 176/12/0 fixed-effect singletons were removed (183 observations).
NOTE: 176/12/0 fixed-effect singletons were removed (183 observations).
NOTE: 176/12/0 fixed-effect singletons were removed (183 observations).
NOTE: 176/12/0 fixed-effect singletons were removed (183 observations).
NOTE: 176/12/0 fixed-effect singletons were removed (183 observations).
NOTE: 176/12/0 fixed-effect singletons were removed (183 observations).
NOTE: 176/12/0 fixed-effect singletons were removed (183 observations).
NOTE: 176/12/0 fixed-effect singletons were removed (183 observations).
NOTE: 176/12/0 fixed-effect singletons were removed (183 observations).
NOTE: 176/12/0 fixed-effect singletons were removed (183 observations).
NOTE: 176/12/0 fixed-effect singletons were removed (183 observations).
NOTE: 176/12/0 fixed-effect singletons were removed (183 observations).
NOTE: 176/12/0 fixed-effect singletons were removed (183 observations).
NOTE: 176/12/0 fixed-effect singletons were removed (183 observations).
NOTE: 176/12/0 fixed-effect singletons were removed (183 observations).
NOTE: 176/12/0 fixed-effect singletons were removed (183 observations).
NOTE: 176/12/0 fixed-effect singletons were removed (183 observations).
NOTE: 176/12/0 fixed-effect singletons were removed (183 observations).
NOTE: 176/12/0 fixed-effect singletons were removed (183 observations).
NOTE: 176/12/0 fixed-effect singletons were removed (183 observations).
NOTE: 176/12/0 fixed-effect singletons were removed (183 observations).
NOTE: 176/12/0 fixed-effect singletons were removed (183 observations).
NOTE: 176/12/0 fixed-effect singletons were removed (183 observations).
NOTE: 176/12/0 fixed-effect singletons were removed (183 observations).
NOTE: 176/12/0 fixed-effect singletons were removed (183 observations).
NOTE: 176/12/0 fixed-effect singletons were removed (183 observations).
NOTE: 176/12/0 fixed-effect singletons were removed (183 observations).
NOTE: 176/12/0 fixed-effect singletons were removed (183 observations).
NOTE: 176/12/0 fixed-effect singletons were removed (183 observations).
NOTE: 176/12/0 fixed-effect singletons were removed (183 observations).
NOTE: 176/12/0 fixed-effect singletons were removed (183 observations).
NOTE: 176/12/0 fixed-effect singletons were removed (183 observations).
NOTE: 176/12/0 fixed-effect singletons were removed (183 observations).
NOTE: 176/12/0 fixed-effect singletons were removed (183 observations).
NOTE: 176/12/0 fixed-effect singletons were removed (183 observations).
NOTE: 176/12/0 fixed-effect singletons were removed (183 observations).
NOTE: 176/12/0 fixed-effect singletons were removed (183 observations).
NOTE: 176/12/0 fixed-effect singletons were removed (183 observations).
NOTE: 176/12/0 fixed-effect singletons were removed (183 observations).
NOTE: 176/12/0 fixed-effect singletons were removed (183 observations).
NOTE: 176/12/0 fixed-effect singletons were removed (183 observations).
NOTE: 176/12/0 fixed-effect singletons were removed (183 observations).
NOTE: 176/12/0 fixed-effect singletons were removed (183 observations).
NOTE: 176/12/0 fixed-effect singletons were removed (183 observations).
NOTE: 176/12/0 fixed-effect singletons were removed (183 observations).
NOTE: 176/12/0 fixed-effect singletons were removed (183 observations).
NOTE: 176/12/0 fixed-effect singletons were removed (183 observations).
NOTE: 176/12/0 fixed-effect singletons were removed (183 observations).
NOTE: 176/12/0 fixed-effect singletons were removed (183 observations).
NOTE: 176/12/0 fixed-effect singletons were removed (183 observations).
NOTE: 176/12/0 fixed-effect singletons were removed (183 observations).
NOTE: 176/12/0 fixed-effect singletons were removed (183 observations).
NOTE: 176/12/0 fixed-effect singletons were removed (183 observations).
NOTE: 176/12/0 fixed-effect singletons were removed (183 observations).
NOTE: 176/12/0 fixed-effect singletons were removed (183 observations).
NOTE: 176/12/0 fixed-effect singletons were removed (183 observations).
NOTE: 176/12/0 fixed-effect singletons were removed (183 observations).
NOTE: 176/12/0 fixed-effect singletons were removed (183 observations).
NOTE: 176/12/0 fixed-effect singletons were removed (183 observations).
NOTE: 176/12/0 fixed-effect singletons were removed (183 observations).
NOTE: 176/12/0 fixed-effect singletons were removed (183 observations).
NOTE: 176/12/0 fixed-effect singletons were removed (183 observations).
NOTE: 176/12/0 fixed-effect singletons were removed (183 observations).
NOTE: 176/12/0 fixed-effect singletons were removed (183 observations).
NOTE: 176/12/0 fixed-effect singletons were removed (183 observations).
NOTE: 176/12/0 fixed-effect singletons were removed (183 observations).
NOTE: 176/12/0 fixed-effect singletons were removed (183 observations).
NOTE: 176/12/0 fixed-effect singletons were removed (183 observations).
NOTE: 176/12/0 fixed-effect singletons were removed (183 observations).
NOTE: 176/12/0 fixed-effect singletons were removed (183 observations).
NOTE: 176/12/0 fixed-effect singletons were removed (183 observations).
NOTE: 176/12/0 fixed-effect singletons were removed (183 observations).
NOTE: 176/12/0 fixed-effect singletons were removed (183 observations).
NOTE: 176/12/0 fixed-effect singletons were removed (183 observations).
NOTE: 176/12/0 fixed-effect singletons were removed (183 observations).
NOTE: 176/12/0 fixed-effect singletons were removed (183 observations).
NOTE: 176/12/0 fixed-effect singletons were removed (183 observations).
NOTE: 176/12/0 fixed-effect singletons were removed (183 observations).
NOTE: 176/12/0 fixed-effect singletons were removed (183 observations).
NOTE: 176/12/0 fixed-effect singletons were removed (183 observations).
NOTE: 176/12/0 fixed-effect singletons were removed (183 observations).
NOTE: 176/12/0 fixed-effect singletons were removed (183 observations).
NOTE: 176/12/0 fixed-effect singletons were removed (183 observations).
NOTE: 176/12/0 fixed-effect singletons were removed (183 observations).
NOTE: 176/12/0 fixed-effect singletons were removed (183 observations).
NOTE: 176/12/0 fixed-effect singletons were removed (183 observations).
NOTE: 176/12/0 fixed-effect singletons were removed (183 observations).
NOTE: 176/12/0 fixed-effect singletons were removed (183 observations).
NOTE: 176/12/0 fixed-effect singletons were removed (183 observations).
NOTE: 176/12/0 fixed-effect singletons were removed (183 observations).
NOTE: 176/12/0 fixed-effect singletons were removed (183 observations).
NOTE: 176/12/0 fixed-effect singletons were removed (183 observations).
NOTE: 176/12/0 fixed-effect singletons were removed (183 observations).
NOTE: 176/12/0 fixed-effect singletons were removed (183 observations).
NOTE: 176/12/0 fixed-effect singletons were removed (183 observations).
NOTE: 176/12/0 fixed-effect singletons were removed (183 observations).
NOTE: 176/12/0 fixed-effect singletons were removed (183 observations).
NOTE: 176/12/0 fixed-effect singletons were removed (183 observations).
NOTE: 176/12/0 fixed-effect singletons were removed (183 observations).
NOTE: 176/12/0 fixed-effect singletons were removed (183 observations).
NOTE: 176/12/0 fixed-effect singletons were removed (183 observations).
NOTE: 176/12/0 fixed-effect singletons were removed (183 observations).
NOTE: 176/12/0 fixed-effect singletons were removed (183 observations).
NOTE: 176/12/0 fixed-effect singletons were removed (183 observations).
NOTE: 176/12/0 fixed-effect singletons were removed (183 observations).
NOTE: 176/12/0 fixed-effect singletons were removed (183 observations).
NOTE: 176/12/0 fixed-effect singletons were removed (183 observations).
NOTE: 176/12/0 fixed-effect singletons were removed (183 observations).
NOTE: 176/12/0 fixed-effect singletons were removed (183 observations).
NOTE: 176/12/0 fixed-effect singletons were removed (183 observations).
NOTE: 176/12/0 fixed-effect singletons were removed (183 observations).
NOTE: 176/12/0 fixed-effect singletons were removed (183 observations).
NOTE: 176/12/0 fixed-effect singletons were removed (183 observations).
NOTE: 176/12/0 fixed-effect singletons were removed (183 observations).
NOTE: 176/12/0 fixed-effect singletons were removed (183 observations).
NOTE: 176/12/0 fixed-effect singletons were removed (183 observations).
NOTE: 176/12/0 fixed-effect singletons were removed (183 observations).
NOTE: 176/12/0 fixed-effect singletons were removed (183 observations).
NOTE: 176/12/0 fixed-effect singletons were removed (183 observations).
NOTE: 176/12/0 fixed-effect singletons were removed (183 observations).
NOTE: 176/12/0 fixed-effect singletons were removed (183 observations).
NOTE: 176/12/0 fixed-effect singletons were removed (183 observations).
NOTE: 176/12/0 fixed-effect singletons were removed (183 observations).
NOTE: 176/12/0 fixed-effect singletons were removed (183 observations).
NOTE: 176/12/0 fixed-effect singletons were removed (183 observations).
NOTE: 176/12/0 fixed-effect singletons were removed (183 observations).
NOTE: 176/12/0 fixed-effect singletons were removed (183 observations).
NOTE: 176/12/0 fixed-effect singletons were removed (183 observations).
NOTE: 176/12/0 fixed-effect singletons were removed (183 observations).
NOTE: 176/12/0 fixed-effect singletons were removed (183 observations).
NOTE: 176/12/0 fixed-effect singletons were removed (183 observations).
NOTE: 176/12/0 fixed-effect singletons were removed (183 observations).
NOTE: 176/12/0 fixed-effect singletons were removed (183 observations).
NOTE: 176/12/0 fixed-effect singletons were removed (183 observations).
NOTE: 176/12/0 fixed-effect singletons were removed (183 observations).
NOTE: 176/12/0 fixed-effect singletons were removed (183 observations).
NOTE: 176/12/0 fixed-effect singletons were removed (183 observations).
NOTE: 176/12/0 fixed-effect singletons were removed (183 observations).
NOTE: 176/12/0 fixed-effect singletons were removed (183 observations).
NOTE: 176/12/0 fixed-effect singletons were removed (183 observations).
NOTE: 176/12/0 fixed-effect singletons were removed (183 observations).
NOTE: 176/12/0 fixed-effect singletons were removed (183 observations).
NOTE: 176/12/0 fixed-effect singletons were removed (183 observations).
NOTE: 176/12/0 fixed-effect singletons were removed (183 observations).
NOTE: 176/12/0 fixed-effect singletons were removed (183 observations).
NOTE: 176/12/0 fixed-effect singletons were removed (183 observations).
NOTE: 176/12/0 fixed-effect singletons were removed (183 observations).
NOTE: 176/12/0 fixed-effect singletons were removed (183 observations).
NOTE: 176/12/0 fixed-effect singletons were removed (183 observations).
NOTE: 176/12/0 fixed-effect singletons were removed (183 observations).
NOTE: 176/12/0 fixed-effect singletons were removed (183 observations).
NOTE: 176/12/0 fixed-effect singletons were removed (183 observations).
NOTE: 176/12/0 fixed-effect singletons were removed (183 observations).
NOTE: 176/12/0 fixed-effect singletons were removed (183 observations).
NOTE: 176/12/0 fixed-effect singletons were removed (183 observations).
NOTE: 176/12/0 fixed-effect singletons were removed (183 observations).
NOTE: 176/12/0 fixed-effect singletons were removed (183 observations).
NOTE: 176/12/0 fixed-effect singletons were removed (183 observations).
NOTE: 176/12/0 fixed-effect singletons were removed (183 observations).
NOTE: 176/12/0 fixed-effect singletons were removed (183 observations).
NOTE: 176/12/0 fixed-effect singletons were removed (183 observations).
NOTE: 176/12/0 fixed-effect singletons were removed (183 observations).
NOTE: 176/12/0 fixed-effect singletons were removed (183 observations).
NOTE: 176/12/0 fixed-effect singletons were removed (183 observations).
NOTE: 176/12/0 fixed-effect singletons were removed (183 observations).
NOTE: 176/12/0 fixed-effect singletons were removed (183 observations).
NOTE: 176/12/0 fixed-effect singletons were removed (183 observations).
NOTE: 176/12/0 fixed-effect singletons were removed (183 observations).
NOTE: 176/12/0 fixed-effect singletons were removed (183 observations).
NOTE: 176/12/0 fixed-effect singletons were removed (183 observations).
NOTE: 176/12/0 fixed-effect singletons were removed (183 observations).
NOTE: 176/12/0 fixed-effect singletons were removed (183 observations).
NOTE: 176/12/0 fixed-effect singletons were removed (183 observations).
NOTE: 176/12/0 fixed-effect singletons were removed (183 observations).
NOTE: 176/12/0 fixed-effect singletons were removed (183 observations).
NOTE: 176/12/0 fixed-effect singletons were removed (183 observations).
NOTE: 176/12/0 fixed-effect singletons were removed (183 observations).
NOTE: 176/12/0 fixed-effect singletons were removed (183 observations).
NOTE: 176/12/0 fixed-effect singletons were removed (183 observations).
NOTE: 176/12/0 fixed-effect singletons were removed (183 observations).
NOTE: 176/12/0 fixed-effect singletons were removed (183 observations).
NOTE: 176/12/0 fixed-effect singletons were removed (183 observations).
NOTE: 176/12/0 fixed-effect singletons were removed (183 observations).
NOTE: 176/12/0 fixed-effect singletons were removed (183 observations).
NOTE: 176/12/0 fixed-effect singletons were removed (183 observations).
NOTE: 176/12/0 fixed-effect singletons were removed (183 observations).
NOTE: 176/12/0 fixed-effect singletons were removed (183 observations).
NOTE: 176/12/0 fixed-effect singletons were removed (183 observations).
NOTE: 176/12/0 fixed-effect singletons were removed (183 observations).
NOTE: 176/12/0 fixed-effect singletons were removed (183 observations).
NOTE: 176/12/0 fixed-effect singletons were removed (183 observations).
NOTE: 176/12/0 fixed-effect singletons were removed (183 observations).
NOTE: 176/12/0 fixed-effect singletons were removed (183 observations).
NOTE: 176/12/0 fixed-effect singletons were removed (183 observations).
NOTE: 176/12/0 fixed-effect singletons were removed (183 observations).
NOTE: 176/12/0 fixed-effect singletons were removed (183 observations).
NOTE: 176/12/0 fixed-effect singletons were removed (183 observations).
NOTE: 176/12/0 fixed-effect singletons were removed (183 observations).
NOTE: 176/12/0 fixed-effect singletons were removed (183 observations).
NOTE: 176/12/0 fixed-effect singletons were removed (183 observations).
NOTE: 176/12/0 fixed-effect singletons were removed (183 observations).
NOTE: 176/12/0 fixed-effect singletons were removed (183 observations).
NOTE: 176/12/0 fixed-effect singletons were removed (183 observations).
NOTE: 176/12/0 fixed-effect singletons were removed (183 observations).
NOTE: 176/12/0 fixed-effect singletons were removed (183 observations).
NOTE: 176/12/0 fixed-effect singletons were removed (183 observations).
NOTE: 176/12/0 fixed-effect singletons were removed (183 observations).
NOTE: 176/12/0 fixed-effect singletons were removed (183 observations).
NOTE: 176/12/0 fixed-effect singletons were removed (183 observations).
NOTE: 176/12/0 fixed-effect singletons were removed (183 observations).
NOTE: 176/12/0 fixed-effect singletons were removed (183 observations).
NOTE: 176/12/0 fixed-effect singletons were removed (183 observations).
NOTE: 176/12/0 fixed-effect singletons were removed (183 observations).
NOTE: 176/12/0 fixed-effect singletons were removed (183 observations).
NOTE: 176/12/0 fixed-effect singletons were removed (183 observations).
NOTE: 176/12/0 fixed-effect singletons were removed (183 observations).
NOTE: 176/12/0 fixed-effect singletons were removed (183 observations).
NOTE: 176/12/0 fixed-effect singletons were removed (183 observations).
NOTE: 176/12/0 fixed-effect singletons were removed (183 observations).
NOTE: 176/12/0 fixed-effect singletons were removed (183 observations).
NOTE: 176/12/0 fixed-effect singletons were removed (183 observations).
NOTE: 176/12/0 fixed-effect singletons were removed (183 observations).
NOTE: 176/12/0 fixed-effect singletons were removed (183 observations).
NOTE: 176/12/0 fixed-effect singletons were removed (183 observations).
NOTE: 176/12/0 fixed-effect singletons were removed (183 observations).
NOTE: 176/12/0 fixed-effect singletons were removed (183 observations).
NOTE: 176/12/0 fixed-effect singletons were removed (183 observations).
NOTE: 176/12/0 fixed-effect singletons were removed (183 observations).
NOTE: 176/12/0 fixed-effect singletons were removed (183 observations).
NOTE: 176/12/0 fixed-effect singletons were removed (183 observations).
NOTE: 176/12/0 fixed-effect singletons were removed (183 observations).
NOTE: 176/12/0 fixed-effect singletons were removed (183 observations).
NOTE: 176/12/0 fixed-effect singletons were removed (183 observations).
NOTE: 176/12/0 fixed-effect singletons were removed (183 observations).
NOTE: 176/12/0 fixed-effect singletons were removed (183 observations).
NOTE: 176/12/0 fixed-effect singletons were removed (183 observations).
NOTE: 176/12/0 fixed-effect singletons were removed (183 observations).
NOTE: 176/12/0 fixed-effect singletons were removed (183 observations).
NOTE: 176/12/0 fixed-effect singletons were removed (183 observations).
NOTE: 176/12/0 fixed-effect singletons were removed (183 observations).
NOTE: 176/12/0 fixed-effect singletons were removed (183 observations).
NOTE: 176/12/0 fixed-effect singletons were removed (183 observations).
NOTE: 176/12/0 fixed-effect singletons were removed (183 observations).
NOTE: 176/12/0 fixed-effect singletons were removed (183 observations).
NOTE: 176/12/0 fixed-effect singletons were removed (183 observations).
NOTE: 176/12/0 fixed-effect singletons were removed (183 observations).
Permutation: coeff osservato -0.005221 | p-value 0.4510 (n=1000)

=== DONE 14 (triple-diff collassata) ===
